Component: ARM Compiler 5.05 update 2 (build 169) Tool: armlink [4d0f33]

==============================================================================

Section Cross References

    main.o(i.main) refers to briuptim2.o(i.briupTIM2Init) for briupTIM2Init
    main.o(i.main) refers to briupnvic.o(i.briupNVICGroupInit) for briupNVICGroupInit
    main.o(i.main) refers to briupdelay.o(i.delay_init) for delay_init
    main.o(i.main) refers to briupbaseperiph.o(i.basePeriphInit) for basePeriphInit
    main.o(i.main) refers to briupkeyboard.o(i.briupKeyInit) for briupKeyInit
    main.o(i.main) refers to briupusart1.o(i.briupUsart1Init) for briupUsart1Init
    main.o(i.main) refers to briuplcd.o(i.briupLcdInit) for briupLcdInit
    main.o(i.main) refers to briuplcd.o(i.briupLcdClear) for briupLcdClear
    main.o(i.main) refers to briuplcd.o(i.briupLcdImageInit) for briupLcdImageInit
    main.o(i.main) refers to briuplcd.o(i.briupLcdImageDraw) for briupLcdImageDraw
    main.o(i.main) refers to briupdelay.o(i._delay_ms) for _delay_ms
    main.o(i.main) refers to borid_up.o(.constdata) for gImage_borid_up
    main.o(i.main) refers to borid_move.o(.constdata) for gImage_borid_move
    main.o(i.main) refers to borid_down.o(.constdata) for gImage_borid_down
    startup_stm32f10x_hd.o(STACK) refers (Special) to heapauxi.o(.text) for __use_two_region_memory
    startup_stm32f10x_hd.o(HEAP) refers (Special) to heapauxi.o(.text) for __use_two_region_memory
    startup_stm32f10x_hd.o(RESET) refers (Special) to heapauxi.o(.text) for __use_two_region_memory
    startup_stm32f10x_hd.o(RESET) refers to startup_stm32f10x_hd.o(STACK) for __initial_sp
    startup_stm32f10x_hd.o(RESET) refers to startup_stm32f10x_hd.o(.text) for Reset_Handler
    startup_stm32f10x_hd.o(RESET) refers to briupkeyboard.o(i.EXTI4_IRQHandler) for EXTI4_IRQHandler
    startup_stm32f10x_hd.o(RESET) refers to briupkeyboard.o(i.EXTI9_5_IRQHandler) for EXTI9_5_IRQHandler
    startup_stm32f10x_hd.o(RESET) refers to briuptim2.o(i.TIM2_IRQHandler) for TIM2_IRQHandler
    startup_stm32f10x_hd.o(RESET) refers to briupusart1.o(i.USART1_IRQHandler) for USART1_IRQHandler
    startup_stm32f10x_hd.o(RESET) refers to briupkeyboard.o(i.EXTI15_10_IRQHandler) for EXTI15_10_IRQHandler
    startup_stm32f10x_hd.o(.text) refers (Special) to heapauxi.o(.text) for __use_two_region_memory
    startup_stm32f10x_hd.o(.text) refers to system_stm32f10x.o(i.SystemInit) for SystemInit
    startup_stm32f10x_hd.o(.text) refers to __main.o(!!!main) for __main
    startup_stm32f10x_hd.o(.text) refers to startup_stm32f10x_hd.o(HEAP) for Heap_Mem
    startup_stm32f10x_hd.o(.text) refers to startup_stm32f10x_hd.o(STACK) for Stack_Mem
    system_stm32f10x.o(i.SetSysClock) refers to system_stm32f10x.o(i.SetSysClockTo72) for SetSysClockTo72
    system_stm32f10x.o(i.SystemCoreClockUpdate) refers to system_stm32f10x.o(.data) for SystemCoreClock
    system_stm32f10x.o(i.SystemInit) refers to system_stm32f10x.o(i.SetSysClock) for SetSysClock
    24c04.o(i.I2C2_SendByte) refers to 24c04.o(i.I2C_delay) for I2C_delay
    24c04.o(i.I2C_Ack) refers to 24c04.o(i.I2C_delay) for I2C_delay
    24c04.o(i.I2C_BufferWrite) refers to 24c04.o(i.I2C_Start) for I2C_Start
    24c04.o(i.I2C_BufferWrite) refers to 24c04.o(i.I2C2_SendByte) for I2C2_SendByte
    24c04.o(i.I2C_BufferWrite) refers to 24c04.o(i.I2C_WaitAck) for I2C_WaitAck
    24c04.o(i.I2C_BufferWrite) refers to 24c04.o(i.I2C_Stop) for I2C_Stop
    24c04.o(i.I2C_BufferWrite) refers to briupdelay.o(i._delay_ms) for _delay_ms
    24c04.o(i.I2C_NoAck) refers to 24c04.o(i.I2C_delay) for I2C_delay
    24c04.o(i.I2C_PageWrite) refers to 24c04.o(i.I2C_BufferWrite) for I2C_BufferWrite
    24c04.o(i.I2C_PageWrite) refers to briupdelay.o(i._delay_ms) for _delay_ms
    24c04.o(i.I2C_ReadByte) refers to 24c04.o(i.I2C_Start) for I2C_Start
    24c04.o(i.I2C_ReadByte) refers to 24c04.o(i.I2C2_SendByte) for I2C2_SendByte
    24c04.o(i.I2C_ReadByte) refers to 24c04.o(i.I2C_WaitAck) for I2C_WaitAck
    24c04.o(i.I2C_ReadByte) refers to 24c04.o(i.I2C_Stop) for I2C_Stop
    24c04.o(i.I2C_ReadByte) refers to 24c04.o(i.I2C_ReceiveByte) for I2C_ReceiveByte
    24c04.o(i.I2C_ReadByte) refers to 24c04.o(i.I2C_NoAck) for I2C_NoAck
    24c04.o(i.I2C_ReadByte) refers to 24c04.o(i.I2C_Ack) for I2C_Ack
    24c04.o(i.I2C_ReadStr) refers to 24c04.o(i.I2C_WaitAck) for I2C_WaitAck
    24c04.o(i.I2C_ReadStr) refers to 24c04.o(i.I2C_Stop) for I2C_Stop
    24c04.o(i.I2C_ReadStr) refers to 24c04.o(i.I2C2_SendByte) for I2C2_SendByte
    24c04.o(i.I2C_ReadStr) refers to 24c04.o(i.I2C_Start) for I2C_Start
    24c04.o(i.I2C_ReadStr) refers to 24c04.o(i.I2C_ReceiveByte) for I2C_ReceiveByte
    24c04.o(i.I2C_ReadStr) refers to 24c04.o(i.I2C_Ack) for I2C_Ack
    24c04.o(i.I2C_ReceiveByte) refers to 24c04.o(i.I2C_delay) for I2C_delay
    24c04.o(i.I2C_SendStr) refers to 24c04.o(i.I2C_Start) for I2C_Start
    24c04.o(i.I2C_SendStr) refers to 24c04.o(i.I2C2_SendByte) for I2C2_SendByte
[...]
    dleqf.o(x$fpl$dleqf) refers to dnaninf.o(x$fpl$dnaninf) for __fpl_dnaninf
    dleqf.o(x$fpl$dleqf) refers to dcmpi.o(x$fpl$dcmpinf) for __fpl_dcmp_Inf
    dsqrt_noumaal.o(x$fpl$dsqrt) refers (Special) to usenofp.o(x$fpl$usenofp) for __I$use$fp
    dsqrt_noumaal.o(x$fpl$dsqrt) refers to dnaninf.o(x$fpl$dnaninf) for __fpl_dnaninf
    libspace.o(.text) refers to libspace.o(.bss) for __libspace_start
    sys_stackheap_outer.o(.text) refers to libspace.o(.text) for __user_perproc_libspace
    sys_stackheap_outer.o(.text) refers to startup_stm32f10x_hd.o(.text) for __user_initial_stackheap
    rt_div0.o(.text) refers to defsig_fpe_outer.o(.text) for __rt_SIGFPE
    exit.o(.text) refers to rtexit.o(.ARM.Collect$$rtexit$$00000000) for __rt_exit
    libinit.o(.ARM.Collect$$libinit$$00000000) refers (Special) to libinit2.o(.ARM.Collect$$libinit$$0000002E) for __rt_lib_init_alloca_1
    libinit.o(.ARM.Collect$$libinit$$00000000) refers (Special) to libinit2.o(.ARM.Collect$$libinit$$0000002C) for __rt_lib_init_argv_1
    libinit.o(.ARM.Collect$$libinit$$00000000) refers (Special) to libinit2.o(.ARM.Collect$$libinit$$0000001B) for __rt_lib_init_atexit_1
    libinit.o(.ARM.Collect$$libinit$$00000000) refers (Special) to libinit2.o(.ARM.Collect$$libinit$$00000021) for __rt_lib_init_clock_1
    libinit.o(.ARM.Collect$$libinit$$00000000) refers (Special) to libinit2.o(.ARM.Collect$$libinit$$00000032) for __rt_lib_init_cpp_1
    libinit.o(.ARM.Collect$$libinit$$00000000) refers (Special) to libinit2.o(.ARM.Collect$$libinit$$00000030) for __rt_lib_init_exceptions_1
    libinit.o(.ARM.Collect$$libinit$$00000000) refers (Special) to libinit2.o(.ARM.Collect$$libinit$$00000002) for __rt_lib_init_fp_1
    libinit.o(.ARM.Collect$$libinit$$00000000) refers (Special) to libinit2.o(.ARM.Collect$$libinit$$0000001F) for __rt_lib_init_fp_trap_1
    libinit.o(.ARM.Collect$$libinit$$00000000) refers (Special) to libinit2.o(.ARM.Collect$$libinit$$00000023) for __rt_lib_init_getenv_1
    libinit.o(.ARM.Collect$$libinit$$00000000) refers (Special) to libinit2.o(.ARM.Collect$$libinit$$0000000A) for __rt_lib_init_heap_1
    libinit.o(.ARM.Collect$$libinit$$00000000) refers (Special) to libinit2.o(.ARM.Collect$$libinit$$00000011) for __rt_lib_init_lc_collate_1
    libinit.o(.ARM.Collect$$libinit$$00000000) refers (Special) to libinit2.o(.ARM.Collect$$libinit$$00000013) for __rt_lib_init_lc_ctype_1
    libinit.o(.ARM.Collect$$libinit$$00000000) refers (Special) to libinit2.o(.ARM.Collect$$libinit$$00000015) for __rt_lib_init_lc_monetary_1
    libinit.o(.ARM.Collect$$libinit$$00000000) refers (Special) to libinit2.o(.ARM.Collect$$libinit$$00000017) for __rt_lib_init_lc_numeric_1
    libinit.o(.ARM.Collect$$libinit$$00000000) refers (Special) to libinit2.o(.ARM.Collect$$libinit$$00000019) for __rt_lib_init_lc_time_1
    libinit.o(.ARM.Collect$$libinit$$00000000) refers (Special) to libinit2.o(.ARM.Collect$$libinit$$00000004) for __rt_lib_init_preinit_1
    libinit.o(.ARM.Collect$$libinit$$00000000) refers (Special) to libinit2.o(.ARM.Collect$$libinit$$0000000E) for __rt_lib_init_rand_1
    libinit.o(.ARM.Collect$$libinit$$00000000) refers (Special) to libinit2.o(.ARM.Collect$$libinit$$00000033) for __rt_lib_init_return
    libinit.o(.ARM.Collect$$libinit$$00000000) refers (Special) to libinit2.o(.ARM.Collect$$libinit$$0000001D) for __rt_lib_init_signal_1
    libinit.o(.ARM.Collect$$libinit$$00000000) refers (Special) to libinit2.o(.ARM.Collect$$libinit$$00000025) for __rt_lib_init_stdio_1
    libinit.o(.ARM.Collect$$libinit$$00000000) refers (Special) to libinit2.o(.ARM.Collect$$libinit$$0000000C) for __rt_lib_init_user_alloc_1
    dcmpi.o(x$fpl$dcmpinf) refers (Special) to usenofp.o(x$fpl$usenofp) for __I$use$fp
    retnan.o(x$fpl$retnan) refers (Special) to usenofp.o(x$fpl$usenofp) for __I$use$fp
    retnan.o(x$fpl$retnan) refers to trapv.o(x$fpl$trapveneer) for __fpl_cmpreturn
    rtexit.o(.ARM.Collect$$rtexit$$00000000) refers (Special) to rtexit2.o(.ARM.Collect$$rtexit$$00000004) for __rt_exit_exit
    rtexit.o(.ARM.Collect$$rtexit$$00000000) refers (Special) to rtexit2.o(.ARM.Collect$$rtexit$$00000003) for __rt_exit_ls
    rtexit.o(.ARM.Collect$$rtexit$$00000000) refers (Special) to rtexit2.o(.ARM.Collect$$rtexit$$00000002) for __rt_exit_prels_1
    rtexit.o(.ARM.exidx) refers (Special) to rtexit2.o(.ARM.Collect$$rtexit$$00000004) for __rt_exit_exit
    rtexit.o(.ARM.exidx) refers (Special) to rtexit2.o(.ARM.Collect$$rtexit$$00000003) for __rt_exit_ls
    rtexit.o(.ARM.exidx) refers (Special) to rtexit2.o(.ARM.Collect$$rtexit$$00000002) for __rt_exit_prels_1
    rtexit.o(.ARM.exidx) refers to rtexit.o(.ARM.Collect$$rtexit$$00000000) for .ARM.Collect$$rtexit$$00000000
    defsig_fpe_outer.o(.text) refers to defsig_fpe_inner.o(.text) for __rt_SIGFPE_inner
    defsig_fpe_outer.o(.text) refers to defsig_exit.o(.text) for __sig_exit
    defsig_fpe_formal.o(.text) refers to rt_raise.o(.text) for __rt_raise
    libinit2.o(.ARM.Collect$$libinit$$00000010) refers to libinit2.o(.ARM.Collect$$libinit$$0000000F) for .ARM.Collect$$libinit$$0000000F
    libinit2.o(.ARM.Collect$$libinit$$00000012) refers to libinit2.o(.ARM.Collect$$libinit$$0000000F) for .ARM.Collect$$libinit$$0000000F
    libinit2.o(.ARM.Collect$$libinit$$00000014) refers to libinit2.o(.ARM.Collect$$libinit$$0000000F) for .ARM.Collect$$libinit$$0000000F
    libinit2.o(.ARM.Collect$$libinit$$00000016) refers to libinit2.o(.ARM.Collect$$libinit$$0000000F) for .ARM.Collect$$libinit$$0000000F
    libinit2.o(.ARM.Collect$$libinit$$00000018) refers to libinit2.o(.ARM.Collect$$libinit$$0000000F) for .ARM.Collect$$libinit$$0000000F
    libinit2.o(.ARM.Collect$$libinit$$00000026) refers to argv_veneer.o(.emb_text) for __ARM_argv_veneer
    libinit2.o(.ARM.Collect$$libinit$$00000027) refers to argv_veneer.o(.emb_text) for __ARM_argv_veneer
    trapv.o(x$fpl$trapveneer) refers (Special) to usenofp.o(x$fpl$usenofp) for __I$use$fp
    rtexit2.o(.ARM.Collect$$rtexit$$00000003) refers to libshutdown.o(.ARM.Collect$$libshutdown$$00000000) for __rt_lib_shutdown
    rtexit2.o(.ARM.Collect$$rtexit$$00000004) refers to briupusart1.o(i._sys_exit) for _sys_exit
    rtexit2.o(.ARM.exidx) refers to rtexit2.o(.ARM.Collect$$rtexit$$00000001) for .ARM.Collect$$rtexit$$00000001
    rtexit2.o(.ARM.exidx) refers to rtexit2.o(.ARM.Collect$$rtexit$$00000003) for .ARM.Collect$$rtexit$$00000003
    rtexit2.o(.ARM.exidx) refers to rtexit2.o(.ARM.Collect$$rtexit$$00000004) for .ARM.Collect$$rtexit$$00000004
    rt_raise.o(.text) refers to __raise.o(.text) for __raise
    rt_raise.o(.text) refers to briupusart1.o(i._sys_exit) for _sys_exit
    defsig_exit.o(.text) refers to briupusart1.o(i._sys_exit) for _sys_exit
    defsig_fpe_inner.o(.text) refers to defsig_general.o(.text) for __default_signal_display
    argv_veneer.o(.emb_text) refers to no_argv.o(.text) for __ARM_get_argv
    __raise.o(.text) refers to defsig.o(CL$$defsig) for __default_signal_handler
    defsig_general.o(.text) refers to sys_wrch.o(.text) for _ttywrch
    _get_argv_nomalloc.o(.text) refers (Special) to hrguard.o(.text) for __heap_region$guard
    _get_argv_nomalloc.o(.text) refers to defsig_rtmem_outer.o(.text) for __rt_SIGRTMEM
    _get_argv_nomalloc.o(.text) refers to sys_command.o(.text) for _sys_command_string
    libshutdown.o(.ARM.Collect$$libshutdown$$00000000) refers (Special) to libshutdown2.o(.ARM.Collect$$libshutdown$$00000006) for __rt_lib_shutdown_fp_trap_1
    libshutdown.o(.ARM.Collect$$libshutdown$$00000000) refers (Special) to libshutdown2.o(.ARM.Collect$$libshutdown$$0000000E) for __rt_lib_shutdown_heap_1
    libshutdown.o(.ARM.Collect$$libshutdown$$00000000) refers (Special) to libshutdown2.o(.ARM.Collect$$libshutdown$$0000000F) for __rt_lib_shutdown_return
    libshutdown.o(.ARM.Collect$$libshutdown$$00000000) refers (Special) to libshutdown2.o(.ARM.Collect$$libshutdown$$00000009) for __rt_lib_shutdown_signal_1
    libshutdown.o(.ARM.Collect$$libshutdown$$00000000) refers (Special) to libshutdown2.o(.ARM.Collect$$libshutdown$$00000003) for __rt_lib_shutdown_stdio_1
    libshutdown.o(.ARM.Collect$$libshutdown$$00000000) refers (Special) to libshutdown2.o(.ARM.Collect$$libshutdown$$0000000B) for __rt_lib_shutdown_user_alloc_1
    sys_wrch.o(.text) refers (Special) to use_no_semi.o(.text) for __I$use$semihosting
    sys_wrch.o(.text) refers (Special) to indicate_semi.o(.text) for __semihosting_library_function
    sys_command.o(.text) refers (Special) to use_no_semi.o(.text) for __I$use$semihosting
    sys_command.o(.text) refers (Special) to indicate_semi.o(.text) for __semihosting_library_function
    defsig_rtmem_outer.o(.text) refers to defsig_rtmem_inner.o(.text) for __rt_SIGRTMEM_inner
    defsig_rtmem_outer.o(.text) refers to defsig_exit.o(.text) for __sig_exit
    defsig_rtmem_formal.o(.text) refers to rt_raise.o(.text) for __rt_raise
    defsig.o(CL$$defsig) refers to defsig_fpe_inner.o(.text) for __rt_SIGFPE_inner
    defsig.o(CL$$defsig) refers to defsig_rtmem_inner.o(.text) for __rt_SIGRTMEM_inner
    defsig_abrt_inner.o(.text) refers to defsig_general.o(.text) for __default_signal_display
    defsig_rtred_inner.o(.text) refers to defsig_general.o(.text) for __default_signal_display
    defsig_rtmem_inner.o(.text) refers to defsig_general.o(.text) for __default_signal_display
    defsig_stak_inner.o(.text) refers to defsig_general.o(.text) for __default_signal_display
    defsig_pvfn_inner.o(.text) refers to defsig_general.o(.text) for __default_signal_display
    defsig_cppl_inner.o(.text) refers to defsig_general.o(.text) for __default_signal_display
    defsig_segv_inner.o(.text) refers to defsig_general.o(.text) for __default_signal_display
    defsig_other.o(.text) refers to defsig_general.o(.text) for __default_signal_display


==============================================================================

Removing Unused input sections from the image.

    Removing core_cm3.o(.emb_text), (32 bytes).
    Removing system_stm32f10x.o(i.SystemCoreClockUpdate), (164 bytes).
    Removing system_stm32f10x.o(.data), (20 bytes).
    Removing 24c04.o(i.C04Init), (60 bytes).
    Removing 24c04.o(i.I2C2_SendByte), (96 bytes).
    Removing 24c04.o(i.I2C_Ack), (64 bytes).
    Removing 24c04.o(i.I2C_BufferWrite), (106 bytes).
    Removing 24c04.o(i.I2C_NoAck), (64 bytes).
    Removing 24c04.o(i.I2C_PageWrite), (282 bytes).
    Removing 24c04.o(i.I2C_ReadByte), (126 bytes).
    Removing 24c04.o(i.I2C_ReadStr), (108 bytes).
    Removing 24c04.o(i.I2C_ReceiveByte), (92 bytes).
    Removing 24c04.o(i.I2C_SendStr), (98 bytes).
    Removing 24c04.o(i.I2C_Start), (84 bytes).
    Removing 24c04.o(i.I2C_Stop), (64 bytes).
    Removing 24c04.o(i.I2C_WaitAck), (72 bytes).
    Removing 24c04.o(i.I2C_WriteByte), (76 bytes).
    Removing 24c04.o(i.I2C_delay), (14 bytes).
    Removing briupbaseperiph.o(i.resetRelay1), (20 bytes).
    Removing briupbaseperiph.o(i.resetRelay2), (20 bytes).
    Removing briupbaseperiph.o(i.setLed), (16 bytes).
    Removing briupbaseperiph.o(i.setRelay1), (20 bytes).
    Removing briupbaseperiph.o(i.setRelay2), (20 bytes).
    Removing briupdelay.o(i._delay_s_), (72 bytes).
    Removing briupdelay.o(i._delay_us), (72 bytes).
    Removing briupkeyboard.o(i.getKeyValue), (84 bytes).
    Removing briuplcd.o(i.LCD_Pow), (22 bytes).
    Removing briuplcd.o(i.LCD_ReadReg), (22 bytes).
    Removing briuplcd.o(i.briupLcdDisplayOff), (12 bytes).
    Removing briuplcd.o(i.briupLcdDisplayOn), (12 bytes).
    Removing briuplcd.o(i.briupLcdFastDrawCircle), (368 bytes).
    Removing briuplcd.o(i.briupLcdFastDrawLine), (220 bytes).
    Removing briuplcd.o(i.briupLcdFastDrawPoint), (68 bytes).
    Removing briuplcd.o(i.briupLcdShowChar), (524 bytes).
    Removing briuplcd.o(i.briupLcdShowxNum), (232 bytes).
    Removing briuplcd.o(.constdata), (8740 bytes).
    Removing briupmpu6050.o(i.briupMPU6050Init), (956 bytes).
    Removing briupmpu6050.o(i.getMPU6050Data), (660 bytes).
    Removing briupmpu6050.o(.bss), (68 bytes).
    Removing briupmpu6050.o(.data), (59 bytes).
    Removing briupmpudriver.o(i.I2C_Ack), (56 bytes).
    Removing briupmpudriver.o(i.I2C_NoAck), (56 bytes).
    Removing briupmpudriver.o(i.I2C_ReceiveByte), (84 bytes).
    Removing briupmpudriver.o(i.I2C_SendByte), (80 bytes).
    Removing briupmpudriver.o(i.I2C_Start), (76 bytes).
    Removing briupmpudriver.o(i.I2C_Stop), (56 bytes).
    Removing briupmpudriver.o(i.I2C_WaitAck), (68 bytes).
    Removing briupmpudriver.o(i.I2C_delay), (22 bytes).
    Removing briupmpudriver.o(i.decode_gesture), (100 bytes).
    Removing briupmpudriver.o(i.dmp_enable_6x_lp_quat), (60 bytes).
    Removing briupmpudriver.o(i.dmp_enable_feature), (540 bytes).
    Removing briupmpudriver.o(i.dmp_enable_gyro_cal), (88 bytes).
    Removing briupmpudriver.o(i.dmp_enable_lp_quat), (60 bytes).
    Removing briupmpudriver.o(i.dmp_get_enabled_features), (16 bytes).
    Removing briupmpudriver.o(i.dmp_get_fifo_rate), (16 bytes).
    Removing briupmpudriver.o(i.dmp_get_pedometer_step_count), (66 bytes).
    Removing briupmpudriver.o(i.dmp_get_pedometer_walk_time), (72 bytes).
    Removing briupmpudriver.o(i.dmp_load_motion_driver_firmware), (24 bytes).
    Removing briupmpudriver.o(i.dmp_read_fifo), (460 bytes).
    Removing briupmpudriver.o(i.dmp_register_android_orient_cb), (16 bytes).
    Removing briupmpudriver.o(i.dmp_register_tap_cb), (16 bytes).
    Removing briupmpudriver.o(i.dmp_set_accel_bias), (304 bytes).
    Removing briupmpudriver.o(i.dmp_set_fifo_rate), (112 bytes).
    Removing briupmpudriver.o(i.dmp_set_gyro_bias), (304 bytes).
    Removing briupmpudriver.o(i.dmp_set_interrupt_mode), (92 bytes).
    Removing briupmpudriver.o(i.dmp_set_orientation), (312 bytes).
    Removing briupmpudriver.o(i.dmp_set_pedometer_step_count), (42 bytes).
    Removing briupmpudriver.o(i.dmp_set_pedometer_walk_time), (48 bytes).
    Removing briupmpudriver.o(i.dmp_set_shake_reject_thresh), (56 bytes).
    Removing briupmpudriver.o(i.dmp_set_shake_reject_time), (38 bytes).
    Removing briupmpudriver.o(i.dmp_set_shake_reject_timeout), (38 bytes).
    Removing briupmpudriver.o(i.dmp_set_tap_axes), (70 bytes).
    Removing briupmpudriver.o(i.dmp_set_tap_count), (38 bytes).
    Removing briupmpudriver.o(i.dmp_set_tap_thresh), (416 bytes).
    Removing briupmpudriver.o(i.dmp_set_tap_time), (38 bytes).
    Removing briupmpudriver.o(i.dmp_set_tap_time_multi), (38 bytes).
    Removing briupmpudriver.o(i.i2cGetErrorCounter), (4 bytes).
    Removing briupmpudriver.o(i.i2cInit), (44 bytes).
    Removing briupmpudriver.o(i.i2cRead), (120 bytes).
    Removing briupmpudriver.o(i.i2cWrite), (72 bytes).
    Removing briupmpudriver.o(i.i2cWriteBuffer), (100 bytes).
    Removing briupmpudriver.o(i.i2cread), (38 bytes).
    Removing briupmpudriver.o(i.i2cwrite), (38 bytes).
    Removing briupmpudriver.o(.bss), (16 bytes).
    Removing briupmpudriver.o(.constdata), (3062 bytes).
    Removing briuptim2.o(i.briupTIM2Start), (20 bytes).
    Removing briuptim2.o(i.briupTIM2Stop), (18 bytes).
    Removing briupusart1.o(i.usart1PutStr), (24 bytes).
    Removing briupusart1.o(i.usart1Putchar), (28 bytes).
    Removing inv_mpu.o(i.accel_self_test), (168 bytes).
    Removing inv_mpu.o(i.get_accel_prod_shift), (180 bytes).
    Removing inv_mpu.o(i.get_ms), (2 bytes).
    Removing inv_mpu.o(i.get_st_biases), (1136 bytes).
    Removing inv_mpu.o(i.gyro_self_test), (272 bytes).
    Removing inv_mpu.o(i.inv_orientation_matrix_to_scalar), (40 bytes).
    Removing inv_mpu.o(i.inv_row_2_scale), (78 bytes).
    Removing inv_mpu.o(i.mpu_configure_fifo), (112 bytes).
    Removing inv_mpu.o(i.mpu_get_accel_fsr), (76 bytes).
    Removing inv_mpu.o(i.mpu_get_accel_reg), (116 bytes).
    Removing inv_mpu.o(i.mpu_get_accel_sens), (84 bytes).
    Removing inv_mpu.o(i.mpu_get_compass_fsr), (8 bytes).
    Removing inv_mpu.o(i.mpu_get_compass_reg), (8 bytes).
    Removing inv_mpu.o(i.mpu_get_compass_sample_rate), (10 bytes).
    Removing inv_mpu.o(i.mpu_get_dmp_state), (20 bytes).
    Removing inv_mpu.o(i.mpu_get_fifo_config), (16 bytes).
    Removing inv_mpu.o(i.mpu_get_gyro_fsr), (68 bytes).
    Removing inv_mpu.o(i.mpu_get_gyro_reg), (116 bytes).
    Removing inv_mpu.o(i.mpu_get_gyro_sens), (80 bytes).
    Removing inv_mpu.o(i.mpu_get_int_status), (68 bytes).
    Removing inv_mpu.o(i.mpu_get_lpf), (80 bytes).
    Removing inv_mpu.o(i.mpu_get_power_state), (28 bytes).
    Removing inv_mpu.o(i.mpu_get_sample_rate), (32 bytes).
    Removing inv_mpu.o(i.mpu_get_temperature), (160 bytes).
    Removing inv_mpu.o(i.mpu_init), (400 bytes).
    Removing inv_mpu.o(i.mpu_load_firmware), (184 bytes).
    Removing inv_mpu.o(i.mpu_lp_accel_mode), (224 bytes).
    Removing inv_mpu.o(i.mpu_lp_motion_interrupt), (516 bytes).
    Removing inv_mpu.o(i.mpu_read_fifo), (504 bytes).
    Removing inv_mpu.o(i.mpu_read_fifo_stream), (192 bytes).
    Removing inv_mpu.o(i.mpu_read_mem), (128 bytes).
    Removing inv_mpu.o(i.mpu_read_reg), (72 bytes).
    Removing inv_mpu.o(i.mpu_reg_dump), (76 bytes).
    Removing inv_mpu.o(i.mpu_reset_fifo), (456 bytes).
    Removing inv_mpu.o(i.mpu_run_self_test), (284 bytes).
    Removing inv_mpu.o(i.mpu_set_accel_bias), (384 bytes).
    Removing inv_mpu.o(i.mpu_set_accel_fsr), (132 bytes).
    Removing inv_mpu.o(i.mpu_set_bypass), (332 bytes).
    Removing inv_mpu.o(i.mpu_set_compass_sample_rate), (8 bytes).
    Removing inv_mpu.o(i.mpu_set_dmp_state), (144 bytes).
    Removing inv_mpu.o(i.mpu_set_gyro_fsr), (136 bytes).
    Removing inv_mpu.o(i.mpu_set_int_latched), (108 bytes).
    Removing inv_mpu.o(i.mpu_set_int_level), (16 bytes).
    Removing inv_mpu.o(i.mpu_set_lpf), (132 bytes).
    Removing inv_mpu.o(i.mpu_set_sample_rate), (156 bytes).
    Removing inv_mpu.o(i.mpu_set_sensors), (208 bytes).
    Removing inv_mpu.o(i.mpu_write_mem), (128 bytes).
    Removing inv_mpu.o(i.run_self_test), (144 bytes).
    Removing inv_mpu.o(i.set_int_enable), (144 bytes).
    Removing inv_mpu.o(.constdata), (80 bytes).
    Removing inv_mpu.o(.data), (44 bytes).
    Removing test.o(.constdata), (1632 bytes).
    Removing tag.o(.constdata), (5800 bytes).
    Removing start.o(.constdata), (2392 bytes).
    Removing scoreboard.o(.constdata), (25280 bytes).
    Removing pip_up.o(.constdata), (2704 bytes).
    Removing pip_down.o(.constdata), (2704 bytes).
    Removing get_ready.o(.constdata), (16896 bytes).
    Removing garde.o(.constdata), (2392 bytes).
    Removing game_over.o(.constdata), (13528 bytes).
    Removing game_logo.o(.constdata), (17088 bytes).
    Removing board2.o(.constdata), (1872 bytes).
    Removing board1.o(.constdata), (6384 bytes).

152 unused section(s) (total 128433 bytes) removed from the image.

==============================================================================

Image Symbol Table

    Local Symbols

    Symbol Name                              Value     Ov Type        Size  Object(Section)

    ../clib/angel/boardlib.s                 0x00000000   Number         0  boardshut.o ABSOLUTE
    ../clib/angel/boardlib.s                 0x00000000   Number         0  boardinit3.o ABSOLUTE
    ../clib/angel/boardlib.s                 0x00000000   Number         0  boardinit2.o ABSOLUTE
    ../clib/angel/boardlib.s                 0x00000000   Number         0  boardinit1.o ABSOLUTE
    ../clib/angel/handlers.s                 0x00000000   Number         0  __scatter_zi.o ABSOLUTE
    ../clib/angel/handlers.s                 0x00000000   Number         0  __scatter_copy.o ABSOLUTE
    ../clib/angel/kernel.s                   0x00000000   Number         0  __rtentry4.o ABSOLUTE
    ../clib/angel/kernel.s                   0x00000000   Number         0  __rtentry2.o ABSOLUTE
    ../clib/angel/kernel.s                   0x00000000   Number         0  __rtentry.o ABSOLUTE
    ../clib/angel/kernel.s                   0x00000000   Number         0  rtexit.o ABSOLUTE
    ../clib/angel/kernel.s                   0x00000000   Number         0  rtexit2.o ABSOLUTE
    ../clib/angel/rt.s                       0x00000000   Number         0  aeabi_ldiv0.o ABSOLUTE
    ../clib/angel/rt.s                       0x00000000   Number         0  rt_div0.o ABSOLUTE
    ../clib/angel/rt.s                       0x00000000   Number         0  rt_errno_addr_intlibspace.o ABSOLUTE
    ../clib/angel/rt.s                       0x00000000   Number         0  aeabi_ldiv0_sigfpe.o ABSOLUTE
    ../clib/angel/rt.s                       0x00000000   Number         0  rt_errno_addr.o ABSOLUTE
    ../clib/angel/rt.s                       0x00000000   Number         0  rt_raise.o ABSOLUTE
    ../clib/angel/scatter.s                  0x00000000   Number         0  __scatter.o ABSOLUTE
    ../clib/angel/startup.s                  0x00000000   Number         0  __main.o ABSOLUTE
    ../clib/angel/sys.s                      0x00000000   Number         0  use_no_semi_2.o ABSOLUTE
    ../clib/angel/sys.s                      0x00000000   Number         0  sys_stackheap_outer.o ABSOLUTE
    ../clib/angel/sys.s                      0x00000000   Number         0  libspace.o ABSOLUTE
    ../clib/angel/sys.s                      0x00000000   Number         0  indicate_semi.o ABSOLUTE
    ../clib/angel/sys.s                      0x00000000   Number         0  use_no_semi.o ABSOLUTE
    ../clib/angel/sysapp.c                   0x00000000   Number         0  sys_wrch.o ABSOLUTE
    ../clib/angel/sysapp.c                   0x00000000   Number         0  sys_command.o ABSOLUTE
    ../clib/armsys.c                         0x00000000   Number         0  argv_veneer.o ABSOLUTE
    ../clib/armsys.c                         0x00000000   Number         0  _get_argv_nomalloc.o ABSOLUTE
    ../clib/armsys.c                         0x00000000   Number         0  argv_veneer.o ABSOLUTE
    ../clib/armsys.c                         0x00000000   Number         0  no_argv.o ABSOLUTE
    ../clib/fenv.c                           0x00000000   Number         0  _rserrno.o ABSOLUTE
    ../clib/heapalloc.c                      0x00000000   Number         0  hrguard.o ABSOLUTE
    ../clib/heapaux.c                        0x00000000   Number         0  heapauxi.o ABSOLUTE
    ../clib/libinit.s                        0x00000000   Number         0  libshutdown2.o ABSOLUTE
    ../clib/libinit.s                        0x00000000   Number         0  libinit.o ABSOLUTE
    ../clib/libinit.s                        0x00000000   Number         0  libshutdown.o ABSOLUTE
    ../clib/libinit.s                        0x00000000   Number         0  libinit2.o ABSOLUTE
    ../clib/longlong.s                       0x00000000   Number         0  lludivv7m.o ABSOLUTE
    ../clib/longlong.s                       0x00000000   Number         0  llsdiv.o ABSOLUTE
    ../clib/memcpset.s                       0x00000000   Number         0  aeabi_memset.o ABSOLUTE
    ../clib/memcpset.s                       0x00000000   Number         0  rt_memclr_w.o ABSOLUTE
    ../clib/memcpset.s                       0x00000000   Number         0  rt_memclr.o ABSOLUTE
    ../clib/printf.c                         0x00000000   Number         0  _printf_hex_int.o ABSOLUTE
    ../clib/printf.c                         0x00000000   Number         0  _printf_hex_int_ll.o ABSOLUTE
    ../clib/printf.c                         0x00000000   Number         0  _printf_hex_ptr.o ABSOLUTE
    ../clib/printf.c                         0x00000000   Number         0  _printf_hex_int_ptr.o ABSOLUTE
    ../clib/printf.c                         0x00000000   Number         0  _printf_hex_ll_ptr.o ABSOLUTE
    ../clib/printf.c                         0x00000000   Number         0  __printf_flags.o ABSOLUTE
    ../clib/printf.c                         0x00000000   Number         0  __printf_ss.o ABSOLUTE
    ../clib/printf.c                         0x00000000   Number         0  __printf_wp.o ABSOLUTE
    ../clib/printf.c                         0x00000000   Number         0  __printf_flags_wp.o ABSOLUTE
    ../clib/printf.c                         0x00000000   Number         0  __printf_ss_wp.o ABSOLUTE
    ../clib/printf.c                         0x00000000   Number         0  __printf_flags_ss_wp.o ABSOLUTE
    ../clib/printf.c                         0x00000000   Number         0  _printf_char_file.o ABSOLUTE
    ../clib/printf.c                         0x00000000   Number         0  _printf_hex_int_ll_ptr.o ABSOLUTE
    ../clib/printf.c                         0x00000000   Number         0  _printf_char.o ABSOLUTE
    ../clib/printf.c                         0x00000000   Number         0  _printf_intcommon.o ABSOLUTE
    ../clib/printf.c                         0x00000000   Number         0  __printf_nopercent.o ABSOLUTE
    ../clib/printf.c                         0x00000000   Number         0  __printf_flags_ss.o ABSOLUTE
    ../clib/printf.c                         0x00000000   Number         0  _printf_char_common.o ABSOLUTE
    ../clib/printf.c                         0x00000000   Number         0  __printf.o ABSOLUTE
    ../clib/printf.c                         0x00000000   Number         0  noretval__2printf.o ABSOLUTE
    ../clib/printf.c                         0x00000000   Number         0  __2printf.o ABSOLUTE
    ../clib/printf.c                         0x00000000   Number         0  _printf_str.o ABSOLUTE
    ../clib/printf.c                         0x00000000   Number         0  _printf_hex_ll.o ABSOLUTE
    ../clib/printf_percent.s                 0x00000000   Number         0  _printf_percent_end.o ABSOLUTE
    ../clib/printf_percent.s                 0x00000000   Number         0  _printf_x.o ABSOLUTE
    ../clib/printf_percent.s                 0x00000000   Number         0  _printf_percent.o ABSOLUTE
    ../clib/printf_percent.s                 0x00000000   Number         0  _printf_s.o ABSOLUTE
    ../clib/signal.c                         0x00000000   Number         0  defsig_rtred_inner.o ABSOLUTE
    ../clib/signal.c                         0x00000000   Number         0  defsig_general.o ABSOLUTE
    ../clib/signal.c                         0x00000000   Number         0  defsig_fpe_inner.o ABSOLUTE
    ../clib/signal.c                         0x00000000   Number         0  defsig_exit.o ABSOLUTE
    ../clib/signal.c                         0x00000000   Number         0  defsig_other.o ABSOLUTE
    ../clib/signal.c                         0x00000000   Number         0  defsig_segv_inner.o ABSOLUTE
    ../clib/signal.c                         0x00000000   Number         0  defsig_cppl_inner.o ABSOLUTE
    ../clib/signal.c                         0x00000000   Number         0  defsig_pvfn_inner.o ABSOLUTE
    ../clib/signal.c                         0x00000000   Number         0  defsig_stak_inner.o ABSOLUTE
    ../clib/signal.c                         0x00000000   Number         0  defsig_rtmem_inner.o ABSOLUTE
    ../clib/signal.c                         0x00000000   Number         0  defsig_abrt_inner.o ABSOLUTE
    ../clib/signal.c                         0x00000000   Number         0  defsig_rtmem_formal.o ABSOLUTE
    ../clib/signal.c                         0x00000000   Number         0  defsig_rtmem_outer.o ABSOLUTE
    ../clib/signal.c                         0x00000000   Number         0  defsig_fpe_formal.o ABSOLUTE
    ../clib/signal.c                         0x00000000   Number         0  defsig_fpe_outer.o ABSOLUTE
    ../clib/signal.c                         0x00000000   Number         0  __raise.o ABSOLUTE
    ../clib/signal.s                         0x00000000   Number         0  defsig.o ABSOLUTE
    ../clib/stdio.c                          0x00000000   Number         0  ferror.o ABSOLUTE
    ../clib/stdio.c                          0x00000000   Number         0  ferror_locked.o ABSOLUTE
    ../clib/stdlib.c                         0x00000000   Number         0  exit.o ABSOLUTE
    ../clib/string.c                         0x00000000   Number         0  memcmp.o ABSOLUTE
    ../fplib/d2f.s                           0x00000000   Number         0  d2f.o ABSOLUTE
    ../fplib/daddsub.s                       0x00000000   Number         0  daddsub_clz.o ABSOLUTE
    ../fplib/dcheck1.s                       0x00000000   Number         0  dcheck1.o ABSOLUTE
    ../fplib/dcmpi.s                         0x00000000   Number         0  dcmpi.o ABSOLUTE
    ../fplib/ddiv.s                          0x00000000   Number         0  ddiv.o ABSOLUTE
    ../fplib/dfixu.s                         0x00000000   Number         0  dfixu.o ABSOLUTE
    ../fplib/dflt.s                          0x00000000   Number         0  dflt_clz.o ABSOLUTE
    ../fplib/dleqf.s                         0x00000000   Number         0  dleqf.o ABSOLUTE
    ../fplib/dmul.s                          0x00000000   Number         0  dmul.o ABSOLUTE
    ../fplib/dnaninf.s                       0x00000000   Number         0  dnaninf.o ABSOLUTE
    ../fplib/dretinf.s                       0x00000000   Number         0  dretinf.o ABSOLUTE
    ../fplib/dsqrt.s                         0x00000000   Number         0  dsqrt_noumaal.o ABSOLUTE
    ../fplib/f2d.s                           0x00000000   Number         0  f2d.o ABSOLUTE
    ../fplib/faddsub.s                       0x00000000   Number         0  faddsub_clz.o ABSOLUTE
    ../fplib/fcmpi.s                         0x00000000   Number         0  fcmpi.o ABSOLUTE
    ../fplib/fdiv.s                          0x00000000   Number         0  fdiv.o ABSOLUTE
    ../fplib/feqf.s                          0x00000000   Number         0  feqf.o ABSOLUTE
    ../fplib/ffix.s                          0x00000000   Number         0  ffix.o ABSOLUTE
    ../fplib/ffixu.s                         0x00000000   Number         0  ffixu.o ABSOLUTE
    ../fplib/fflt.s                          0x00000000   Number         0  fflt_clz.o ABSOLUTE
    ../fplib/fleqf.s                         0x00000000   Number         0  fleqf.o ABSOLUTE
    ../fplib/fmul.s                          0x00000000   Number         0  fmul.o ABSOLUTE
    ../fplib/fnaninf.s                       0x00000000   Number         0  fnaninf.o ABSOLUTE
    ../fplib/fpinit.s                        0x00000000   Number         0  fpinit.o ABSOLUTE
    ../fplib/fretinf.s                       0x00000000   Number         0  fretinf.o ABSOLUTE
    ../fplib/frleqf.s                        0x00000000   Number         0  frleqf.o ABSOLUTE
    ../fplib/retnan.s                        0x00000000   Number         0  retnan.o ABSOLUTE
    ../fplib/scalbn.s                        0x00000000   Number         0  scalbn.o ABSOLUTE
    ../fplib/trapv.s                         0x00000000   Number         0  trapv.o ABSOLUTE
    ../fplib/usenofp.s                       0x00000000   Number         0  usenofp.o ABSOLUTE
    ../mathlib/asin.c                        0x00000000   Number         0  asin_x.o ABSOLUTE
    ../mathlib/asin.c                        0x00000000   Number         0  asin.o ABSOLUTE
    ../mathlib/atan.c                        0x00000000   Number         0  atan_x.o ABSOLUTE
    ../mathlib/atan.c                        0x00000000   Number         0  atan.o ABSOLUTE
    ../mathlib/atan2.c                       0x00000000   Number         0  atan2_x.o ABSOLUTE
    ../mathlib/atan2.c                       0x00000000   Number         0  atan2.o ABSOLUTE
    ../mathlib/dunder.c                      0x00000000   Number         0  dunder.o ABSOLUTE
    ../mathlib/fpclassify.c                  0x00000000   Number         0  fpclassify.o ABSOLUTE
    ../mathlib/poly.c                        0x00000000   Number         0  poly.o ABSOLUTE
    ../mathlib/qnan.c                        0x00000000   Number         0  qnan.o ABSOLUTE
    ../mathlib/sqrt.c                        0x00000000   Number         0  sqrt.o ABSOLUTE
    ../mathlib/sqrt.c                        0x00000000   Number         0  sqrt_x.o ABSOLUTE
    Image\board1.c                           0x00000000   Number         0  board1.o ABSOLUTE
    Image\board2.c                           0x00000000   Number         0  board2.o ABSOLUTE
    Image\borid_down.c                       0x00000000   Number         0  borid_down.o ABSOLUTE
    Image\borid_move.c                       0x00000000   Number         0  borid_move.o ABSOLUTE
    Image\borid_up.c                         0x00000000   Number         0  borid_up.o ABSOLUTE
    Image\game_logo.c                        0x00000000   Number         0  game_logo.o ABSOLUTE
    Image\game_over.c                        0x00000000   Number         0  game_over.o ABSOLUTE
    Image\garde.c                            0x00000000   Number         0  garde.o ABSOLUTE
    Image\get_ready.c                        0x00000000   Number         0  get_ready.o ABSOLUTE
    Image\pip_down.c                         0x00000000   Number         0  pip_down.o ABSOLUTE
    Image\pip_up.c                           0x00000000   Number         0  pip_up.o ABSOLUTE
    Image\scoreboard.c                       0x00000000   Number         0  scoreboard.o ABSOLUTE
    Image\start.c                            0x00000000   Number         0  start.o ABSOLUTE
    Image\tag.c                              0x00000000   Number         0  tag.o ABSOLUTE
    Image\test.c                             0x00000000   Number         0  test.o ABSOLUTE
    app\main.c                               0x00000000   Number         0  main.o ABSOLUTE
    boot\CMSIS\CM3\CoreSupport\core_cm3.c    0x00000000   Number         0  core_cm3.o ABSOLUTE
    boot\CMSIS\CM3\DeviceSupport\ST\STM32F10x\startup\arm\startup_stm32f10x_hd.s 0x00000000   Number         0  startup_stm32f10x_hd.o ABSOLUTE
    boot\CMSIS\CM3\DeviceSupport\ST\STM32F10x\system_stm32f10x.c 0x00000000   Number         0  system_stm32f10x.o ABSOLUTE
    boot\\CMSIS\\CM3\\CoreSupport\\core_cm3.c 0x00000000   Number         0  core_cm3.o ABSOLUTE
    dc.s                                     0x00000000   Number         0  dc.o ABSOLUTE
    hardware\src\24C04.c                     0x00000000   Number         0  24c04.o ABSOLUTE
    hardware\src\briupBasePeriph.c           0x00000000   Number         0  briupbaseperiph.o ABSOLUTE
    hardware\src\briupDelay.c                0x00000000   Number         0  briupdelay.o ABSOLUTE
    hardware\src\briupFSMC.c                 0x00000000   Number         0  briupfsmc.o ABSOLUTE
    hardware\src\briupKeyboard.c             0x00000000   Number         0  briupkeyboard.o ABSOLUTE
    hardware\src\briupLCD.c                  0x00000000   Number         0  briuplcd.o ABSOLUTE
    hardware\src\briupMPU6050.c              0x00000000   Number         0  briupmpu6050.o ABSOLUTE
    hardware\src\briupMPUDriver.c            0x00000000   Number         0  briupmpudriver.o ABSOLUTE
    hardware\src\briupNVIC.c                 0x00000000   Number         0  briupnvic.o ABSOLUTE
    hardware\src\briupTIM2.c                 0x00000000   Number         0  briuptim2.o ABSOLUTE
    hardware\src\briupUsart1.c               0x00000000   Number         0  briupusart1.o ABSOLUTE
    hardware\src\inv_mpu.c                   0x00000000   Number         0  inv_mpu.o ABSOLUTE
    RESET                                    0x08000000   Section      304  startup_stm32f10x_hd.o(RESET)
    !!!main                                  0x08000130   Section        8  __main.o(!!!main)
    !!!scatter                               0x08000138   Section       52  __scatter.o(!!!scatter)
    !!handler_copy                           0x0800016c   Section       26  __scatter_copy.o(!!handler_copy)
    !!handler_zi                             0x08000188   Section       28  __scatter_zi.o(!!handler_zi)
    .ARM.Collect$$_printf_percent$$00000000  0x080001a4   Section        0  _printf_percent.o(.ARM.Collect$$_printf_percent$$00000000)
    .ARM.Collect$$_printf_percent$$0000000C  0x080001a4   Section        6  _printf_x.o(.ARM.Collect$$_printf_percent$$0000000C)
    .ARM.Collect$$_printf_percent$$00000014  0x080001aa   Section        6  _printf_s.o(.ARM.Collect$$_printf_percent$$00000014)
    .ARM.Collect$$_printf_percent$$00000017  0x080001b0   Section        4  _printf_percent_end.o(.ARM.Collect$$_printf_percent$$00000017)
    .ARM.Collect$$libinit$$00000000          0x080001b4   Section        2  libinit.o(.ARM.Collect$$libinit$$00000000)
    .ARM.Collect$$libinit$$00000002          0x080001b6   Section        0  libinit2.o(.ARM.Collect$$libinit$$00000002)
    .ARM.Collect$$libinit$$00000004          0x080001b6   Section        0  libinit2.o(.ARM.Collect$$libinit$$00000004)
    .ARM.Collect$$libinit$$0000000A          0x080001b6   Section        0  libinit2.o(.ARM.Collect$$libinit$$0000000A)
    .ARM.Collect$$libinit$$0000000C          0x080001b6   Section        0  libinit2.o(.ARM.Collect$$libinit$$0000000C)
    .ARM.Collect$$libinit$$0000000E          0x080001b6   Section        0  libinit2.o(.ARM.Collect$$libinit$$0000000E)
    .ARM.Collect$$libinit$$00000011          0x080001b6   Section        0  libinit2.o(.ARM.Collect$$libinit$$00000011)
    .ARM.Collect$$libinit$$00000013          0x080001b6   Section        0  libinit2.o(.ARM.Collect$$libinit$$00000013)
    .ARM.Collect$$libinit$$00000015          0x080001b6   Section        0  libinit2.o(.ARM.Collect$$libinit$$00000015)
    .ARM.Collect$$libinit$$00000017          0x080001b6   Section        0  libinit2.o(.ARM.Collect$$libinit$$00000017)
    .ARM.Collect$$libinit$$00000019          0x080001b6   Section        0  libinit2.o(.ARM.Collect$$libinit$$00000019)
    .ARM.Collect$$libinit$$0000001B          0x080001b6   Section        0  libinit2.o(.ARM.Collect$$libinit$$0000001B)
    .ARM.Collect$$libinit$$0000001D          0x080001b6   Section        0  libinit2.o(.ARM.Collect$$libinit$$0000001D)
    .ARM.Collect$$libinit$$0000001F          0x080001b6   Section        0  libinit2.o(.ARM.Collect$$libinit$$0000001F)
    .ARM.Collect$$libinit$$00000021          0x080001b6   Section        0  libinit2.o(.ARM.Collect$$libinit$$00000021)
    .ARM.Collect$$libinit$$00000023          0x080001b6   Section        0  libinit2.o(.ARM.Collect$$libinit$$00000023)
    .ARM.Collect$$libinit$$00000025          0x080001b6   Section        0  libinit2.o(.ARM.Collect$$libinit$$00000025)
    .ARM.Collect$$libinit$$0000002C          0x080001b6   Section        0  libinit2.o(.ARM.Collect$$libinit$$0000002C)
    .ARM.Collect$$libinit$$0000002E          0x080001b6   Section        0  libinit2.o(.ARM.Collect$$libinit$$0000002E)
    .ARM.Collect$$libinit$$00000030          0x080001b6   Section        0  libinit2.o(.ARM.Collect$$libinit$$00000030)
    .ARM.Collect$$libinit$$00000032          0x080001b6   Section        0  libinit2.o(.ARM.Collect$$libinit$$00000032)
    .ARM.Collect$$libinit$$00000033          0x080001b6   Section        2  libinit2.o(.ARM.Collect$$libinit$$00000033)
    .ARM.Collect$$libshutdown$$00000000      0x080001b8   Section        2  libshutdown.o(.ARM.Collect$$libshutdown$$00000000)
    .ARM.Collect$$libshutdown$$00000003      0x080001ba   Section        0  libshutdown2.o(.ARM.Collect$$libshutdown$$00000003)
    .ARM.Collect$$libshutdown$$00000006      0x080001ba   Section        0  libshutdown2.o(.ARM.Collect$$libshutdown$$00000006)
    .ARM.Collect$$libshutdown$$00000009      0x080001ba   Section        0  libshutdown2.o(.ARM.Collect$$libshutdown$$00000009)
    .ARM.Collect$$libshutdown$$0000000B      0x080001ba   Section        0  libshutdown2.o(.ARM.Collect$$libshutdown$$0000000B)
    .ARM.Collect$$libshutdown$$0000000E      0x080001ba   Section        0  libshutdown2.o(.ARM.Collect$$libshutdown$$0000000E)
    .ARM.Collect$$libshutdown$$0000000F      0x080001ba   Section        2  libshutdown2.o(.ARM.Collect$$libshutdown$$0000000F)
    .ARM.Collect$$rtentry$$00000000          0x080001bc   Section        0  __rtentry.o(.ARM.Collect$$rtentry$$00000000)
    .ARM.Collect$$rtentry$$00000002          0x080001bc   Section        0  __rtentry2.o(.ARM.Collect$$rtentry$$00000002)
    .ARM.Collect$$rtentry$$00000004          0x080001bc   Section        6  __rtentry4.o(.ARM.Collect$$rtentry$$00000004)
    .ARM.Collect$$rtentry$$00000009          0x080001c2   Section        0  __rtentry2.o(.ARM.Collect$$rtentry$$00000009)
    .ARM.Collect$$rtentry$$0000000A          0x080001c2   Section        4  __rtentry2.o(.ARM.Collect$$rtentry$$0000000A)
    .ARM.Collect$$rtentry$$0000000C          0x080001c6   Section        0  __rtentry2.o(.ARM.Collect$$rtentry$$0000000C)
    .ARM.Collect$$rtentry$$0000000D          0x080001c6   Section        8  __rtentry2.o(.ARM.Collect$$rtentry$$0000000D)
    .ARM.Collect$$rtexit$$00000000           0x080001ce   Section        2  rtexit.o(.ARM.Collect$$rtexit$$00000000)
    .ARM.Collect$$rtexit$$00000002           0x080001d0   Section        0  rtexit2.o(.ARM.Collect$$rtexit$$00000002)
    .ARM.Collect$$rtexit$$00000003           0x080001d0   Section        4  rtexit2.o(.ARM.Collect$$rtexit$$00000003)
    .ARM.Collect$$rtexit$$00000004           0x080001d4   Section        6  rtexit2.o(.ARM.Collect$$rtexit$$00000004)
    .text                                    0x080001dc   Section       64  startup_stm32f10x_hd.o(.text)
    .text                                    0x0800021c   Section        2  use_no_semi_2.o(.text)
    .text                                    0x08000220   Section        0  noretval__2printf.o(.text)
    .text                                    0x08000238   Section        0  __printf.o(.text)
    .text                                    0x080002a0   Section        0  _printf_str.o(.text)
    .text                                    0x080002f4   Section        0  _printf_hex_int.o(.text)
    .text                                    0x0800034c   Section        0  heapauxi.o(.text)
    .text                                    0x08000352   Section        2  use_no_semi.o(.text)
    .text                                    0x08000354   Section        0  _printf_intcommon.o(.text)
    .text                                    0x08000406   Section        0  _printf_char.o(.text)
    .text                                    0x08000434   Section        0  _printf_char_file.o(.text)
    .text                                    0x08000458   Section        0  _printf_char_common.o(.text)
    _printf_input_char                       0x08000459   Thumb Code    10  _printf_char_common.o(.text)
    .text                                    0x08000488   Section        0  ferror.o(.text)
    .text                                    0x08000490   Section        8  libspace.o(.text)
    .text                                    0x08000498   Section       74  sys_stackheap_outer.o(.text)
    .text                                    0x080004e2   Section        0  exit.o(.text)
    i.EXTI15_10_IRQHandler                   0x080004f0   Section        0  briupkeyboard.o(i.EXTI15_10_IRQHandler)
    i.EXTI4_IRQHandler                       0x08000510   Section        0  briupkeyboard.o(i.EXTI4_IRQHandler)
    i.EXTI9_5_IRQHandler                     0x08000530   Section        0  briupkeyboard.o(i.EXTI9_5_IRQHandler)
    i.LCD_RD_DATA                            0x0800056c   Section        0  briuplcd.o(i.LCD_RD_DATA)
    i.LCD_WR_DATA                            0x08000578   Section        0  briuplcd.o(i.LCD_WR_DATA)
    i.LCD_WR_REG                             0x08000584   Section        0  briuplcd.o(i.LCD_WR_REG)
    i.LCD_WriteReg                           0x08000590   Section        0  briuplcd.o(i.LCD_WriteReg)
    i.SetSysClock                            0x080005a0   Section        0  system_stm32f10x.o(i.SetSysClock)
    SetSysClock                              0x080005a1   Thumb Code     8  system_stm32f10x.o(i.SetSysClock)
    i.SetSysClockTo72                        0x080005a8   Section        0  system_stm32f10x.o(i.SetSysClockTo72)
    SetSysClockTo72                          0x080005a9   Thumb Code   214  system_stm32f10x.o(i.SetSysClockTo72)
    i.SystemInit                             0x08000688   Section        0  system_stm32f10x.o(i.SystemInit)
    i.TIM2_IRQHandler                        0x080006e8   Section        0  briuptim2.o(i.TIM2_IRQHandler)
    i.USART1_IRQHandler                      0x0800071c   Section        0  briupusart1.o(i.USART1_IRQHandler)
    i._delay_ms                              0x0800077c   Section        0  briupdelay.o(i._delay_ms)
    i._sys_exit                              0x080007c4   Section        0  briupusart1.o(i._sys_exit)
    i.basePeriphInit                         0x080007cc   Section        0  briupbaseperiph.o(i.basePeriphInit)
    i.briupExNVICInit                        0x0800083c   Section        0  briupnvic.o(i.briupExNVICInit)
    i.briupFSMCInit                          0x080008d8   Section        0  briupfsmc.o(i.briupFSMCInit)
    i.briupKeyInit                           0x080009d8   Section        0  briupkeyboard.o(i.briupKeyInit)
    i.briupLcdClear                          0x08000aa4   Section        0  briuplcd.o(i.briupLcdClear)
    i.briupLcdFastDrawDirection              0x08000ad4   Section        0  briuplcd.o(i.briupLcdFastDrawDirection)
    i.briupLcdImageDraw                      0x08000d24   Section        0  briuplcd.o(i.briupLcdImageDraw)
    i.briupLcdImageInit                      0x08000f38   Section        0  briuplcd.o(i.briupLcdImageInit)
    i.briupLcdInit                           0x08000f54   Section        0  briuplcd.o(i.briupLcdInit)
    i.briupNVICGroupInit                     0x080011fc   Section        0  briupnvic.o(i.briupNVICGroupInit)
    i.briupNVICPriorityConfig                0x0800122c   Section        0  briupnvic.o(i.briupNVICPriorityConfig)
    i.briupTIM2Init                          0x08001288   Section        0  briuptim2.o(i.briupTIM2Init)
    i.briupUsart1Init                        0x080012c4   Section        0  briupusart1.o(i.briupUsart1Init)
    i.delay_init                             0x08001398   Section        0  briupdelay.o(i.delay_init)
    i.fputc                                  0x080013c4   Section        0  briupusart1.o(i.fputc)
    i.main                                   0x080013e0   Section        0  main.o(i.main)
    i.resetBeep                              0x08001480   Section        0  briupbaseperiph.o(i.resetBeep)
    i.resetLed                               0x08001494   Section        0  briupbaseperiph.o(i.resetLed)
    i.setBeep                                0x080014a4   Section        0  briupbaseperiph.o(i.setBeep)
    i.usart1Getstr                           0x080014b8   Section        0  briupusart1.o(i.usart1Getstr)
    x$fpl$dadd                               0x080014d4   Section      336  daddsub_clz.o(x$fpl$dadd)
    _dadd1                                   0x080014e5   Thumb Code     0  daddsub_clz.o(x$fpl$dadd)
    x$fpl$ddiv                               0x08001624   Section      688  ddiv.o(x$fpl$ddiv)
    ddiv_entry                               0x0800162b   Thumb Code     0  ddiv.o(x$fpl$ddiv)
    x$fpl$dfixu                              0x080018d4   Section       90  dfixu.o(x$fpl$dfixu)
    x$fpl$dfltu                              0x0800192e   Section       38  dflt_clz.o(x$fpl$dfltu)
    x$fpl$dmul                               0x08001954   Section      340  dmul.o(x$fpl$dmul)
    x$fpl$dnaninf                            0x08001aa8   Section      156  dnaninf.o(x$fpl$dnaninf)
    x$fpl$dretinf                            0x08001b44   Section       12  dretinf.o(x$fpl$dretinf)
    x$fpl$drsb                               0x08001b50   Section       22  daddsub_clz.o(x$fpl$drsb)
    x$fpl$dsub                               0x08001b68   Section      468  daddsub_clz.o(x$fpl$dsub)
    _dsub1                                   0x08001b79   Thumb Code     0  daddsub_clz.o(x$fpl$dsub)
    .constdata                               0x08001d3c   Section     1632  borid_up.o(.constdata)
    x$fpl$usenofp                            0x08001d3c   Section        0  usenofp.o(x$fpl$usenofp)
    .constdata                               0x0800239c   Section     1632  borid_move.o(.constdata)
    .constdata                               0x080029fc   Section     1632  borid_down.o(.constdata)
    .constdata                               0x0800305c   Section       40  _printf_hex_int.o(.constdata)
    uc_hextab                                0x0800305c   Data          20  _printf_hex_int.o(.constdata)
    lc_hextab                                0x08003070   Data          20  _printf_hex_int.o(.constdata)
    .data                                    0x20000000   Section        8  briupdelay.o(.data)
    fac_us                                   0x20000000   Data           4  briupdelay.o(.data)
    fac_ms                                   0x20000004   Data           4  briupdelay.o(.data)
    .data                                    0x20000008   Section        4  briuplcd.o(.data)
    .data                                    0x2000000c   Section        1  briupnvic.o(.data)
    NVIC_group                               0x2000000c   Data           1  briupnvic.o(.data)
    .data                                    0x2000000d   Section        1  briuptim2.o(.data)
    BeepFlag                                 0x2000000d   Data           1  briuptim2.o(.data)
    .data                                    0x20000010   Section        4  briupusart1.o(.data)
    .bss                                     0x20000014   Section       10  briuplcd.o(.bss)
    .bss                                     0x2000001e   Section      100  briupusart1.o(.bss)
    .bss                                     0x20000084   Section       96  libspace.o(.bss)
    HEAP                                     0x200000e8   Section      512  startup_stm32f10x_hd.o(HEAP)
    Heap_Mem                                 0x200000e8   Data         512  startup_stm32f10x_hd.o(HEAP)
    STACK                                    0x200002e8   Section     1024  startup_stm32f10x_hd.o(STACK)
    Stack_Mem                                0x200002e8   Data        1024  startup_stm32f10x_hd.o(STACK)
    __initial_sp                             0x200006e8   Data           0  startup_stm32f10x_hd.o(STACK)

    Global Symbols

    Symbol Name                              Value     Ov Type        Size  Object(Section)

    BuildAttributes$$THM_ISAv4$P$D$K$B$S$PE$A:L22UL41UL21$X:L11$S22US41US21$IEEE1$IW$USESV6$~STKCKD$USESV7$~SHL$OTIME$ROPI$IEEEX$EBA8$UX$STANDARDLIB$REQ8$PRES8$EABIv2 0x00000000   Number         0  anon$$obj.o ABSOLUTE
    __ARM_use_no_argv                        0x00000000   Number         0  main.o ABSOLUTE
    __ARM_exceptions_init                     - Undefined Weak Reference
    __alloca_initialize                       - Undefined Weak Reference
    __arm_preinit_                            - Undefined Weak Reference
    __cpp_initialize__aeabi_                  - Undefined Weak Reference
    __cxa_finalize                            - Undefined Weak Reference
    __rt_locale                               - Undefined Weak Reference
    __sigvec_lookup                           - Undefined Weak Reference
    _atexit_init                              - Undefined Weak Reference
    _call_atexit_fns                          - Undefined Weak Reference
    _clock_init                               - Undefined Weak Reference
    _fp_trap_init                             - Undefined Weak Reference
    _fp_trap_shutdown                         - Undefined Weak Reference
    _get_lc_collate                           - Undefined Weak Reference
    _get_lc_ctype                             - Undefined Weak Reference
    _get_lc_monetary                          - Undefined Weak Reference
    _get_lc_numeric                           - Undefined Weak Reference
    _get_lc_time                              - Undefined Weak Reference
    _getenv_init                              - Undefined Weak Reference
    _handle_redirection                       - Undefined Weak Reference
    _init_alloc                               - Undefined Weak Reference
    _init_user_alloc                          - Undefined Weak Reference
    _initio                                   - Undefined Weak Reference
    _mutex_acquire                            - Undefined Weak Reference
    _mutex_release                            - Undefined Weak Reference
    _printf_mbtowc                            - Undefined Weak Reference
    _printf_post_padding                      - Undefined Weak Reference
    _printf_pre_padding                       - Undefined Weak Reference
    _printf_truncate_unsigned                 - Undefined Weak Reference
    _rand_init                                - Undefined Weak Reference
    _signal_finish                            - Undefined Weak Reference
    _signal_init                              - Undefined Weak Reference
    _terminate_alloc                          - Undefined Weak Reference
    _terminate_user_alloc                     - Undefined Weak Reference
    _terminateio                              - Undefined Weak Reference
    __Vectors_Size                           0x00000130   Number         0  startup_stm32f10x_hd.o ABSOLUTE
    __Vectors                                0x08000000   Data           4  startup_stm32f10x_hd.o(RESET)
    __Vectors_End                            0x08000130   Data           0  startup_stm32f10x_hd.o(RESET)
    __main                                   0x08000131   Thumb Code     8  __main.o(!!!main)
    __scatterload                            0x08000139   Thumb Code     0  __scatter.o(!!!scatter)
    __scatterload_rt2                        0x08000139   Thumb Code    44  __scatter.o(!!!scatter)
    __scatterload_rt2_thumb_only             0x08000139   Thumb Code     0  __scatter.o(!!!scatter)
    __scatterload_null                       0x08000147   Thumb Code     0  __scatter.o(!!!scatter)
    __scatterload_copy                       0x0800016d   Thumb Code    26  __scatter_copy.o(!!handler_copy)
    __scatterload_zeroinit                   0x08000189   Thumb Code    28  __scatter_zi.o(!!handler_zi)
    _printf_percent                          0x080001a5   Thumb Code     0  _printf_percent.o(.ARM.Collect$$_printf_percent$$00000000)
    _printf_x                                0x080001a5   Thumb Code     0  _printf_x.o(.ARM.Collect$$_printf_percent$$0000000C)
    _printf_s                                0x080001ab   Thumb Code     0  _printf_s.o(.ARM.Collect$$_printf_percent$$00000014)
    _printf_percent_end                      0x080001b1   Thumb Code     0  _printf_percent_end.o(.ARM.Collect$$_printf_percent$$00000017)
    __rt_lib_init                            0x080001b5   Thumb Code     0  libinit.o(.ARM.Collect$$libinit$$00000000)
    __rt_lib_init_alloca_1                   0x080001b7   Thumb Code     0  libinit2.o(.ARM.Collect$$libinit$$0000002E)
    __rt_lib_init_argv_1                     0x080001b7   Thumb Code     0  libinit2.o(.ARM.Collect$$libinit$$0000002C)
    __rt_lib_init_atexit_1                   0x080001b7   Thumb Code     0  libinit2.o(.ARM.Collect$$libinit$$0000001B)
    __rt_lib_init_clock_1                    0x080001b7   Thumb Code     0  libinit2.o(.ARM.Collect$$libinit$$00000021)
    __rt_lib_init_cpp_1                      0x080001b7   Thumb Code     0  libinit2.o(.ARM.Collect$$libinit$$00000032)
    __rt_lib_init_exceptions_1               0x080001b7   Thumb Code     0  libinit2.o(.ARM.Collect$$libinit$$00000030)
    __rt_lib_init_fp_1                       0x080001b7   Thumb Code     0  libinit2.o(.ARM.Collect$$libinit$$00000002)
    __rt_lib_init_fp_trap_1                  0x080001b7   Thumb Code     0  libinit2.o(.ARM.Collect$$libinit$$0000001F)
    __rt_lib_init_getenv_1                   0x080001b7   Thumb Code     0  libinit2.o(.ARM.Collect$$libinit$$00000023)
    __rt_lib_init_heap_1                     0x080001b7   Thumb Code     0  libinit2.o(.ARM.Collect$$libinit$$0000000A)
    __rt_lib_init_lc_collate_1               0x080001b7   Thumb Code     0  libinit2.o(.ARM.Collect$$libinit$$00000011)
    __rt_lib_init_lc_ctype_1                 0x080001b7   Thumb Code     0  libinit2.o(.ARM.Collect$$libinit$$00000013)
    __rt_lib_init_lc_monetary_1              0x080001b7   Thumb Code     0  libinit2.o(.ARM.Collect$$libinit$$00000015)
    __rt_lib_init_lc_numeric_1               0x080001b7   Thumb Code     0  libinit2.o(.ARM.Collect$$libinit$$00000017)
    __rt_lib_init_lc_time_1                  0x080001b7   Thumb Code     0  libinit2.o(.ARM.Collect$$libinit$$00000019)
    __rt_lib_init_preinit_1                  0x080001b7   Thumb Code     0  libinit2.o(.ARM.Collect$$libinit$$00000004)
    __rt_lib_init_rand_1                     0x080001b7   Thumb Code     0  libinit2.o(.ARM.Collect$$libinit$$0000000E)
    __rt_lib_init_return                     0x080001b7   Thumb Code     0  libinit2.o(.ARM.Collect$$libinit$$00000033)
    __rt_lib_init_signal_1                   0x080001b7   Thumb Code     0  libinit2.o(.ARM.Collect$$libinit$$0000001D)
    __rt_lib_init_stdio_1                    0x080001b7   Thumb Code     0  libinit2.o(.ARM.Collect$$libinit$$00000025)
    __rt_lib_init_user_alloc_1               0x080001b7   Thumb Code     0  libinit2.o(.ARM.Collect$$libinit$$0000000C)
    __rt_lib_shutdown                        0x080001b9   Thumb Code     0  libshutdown.o(.ARM.Collect$$libshutdown$$00000000)
    __rt_lib_shutdown_fp_trap_1              0x080001bb   Thumb Code     0  libshutdown2.o(.ARM.Collect$$libshutdown$$00000006)
    __rt_lib_shutdown_heap_1                 0x080001bb   Thumb Code     0  libshutdown2.o(.ARM.Collect$$libshutdown$$0000000E)
    __rt_lib_shutdown_return                 0x080001bb   Thumb Code     0  libshutdown2.o(.ARM.Collect$$libshutdown$$0000000F)
    __rt_lib_shutdown_signal_1               0x080001bb   Thumb Code     0  libshutdown2.o(.ARM.Collect$$libshutdown$$00000009)
    __rt_lib_shutdown_stdio_1                0x080001bb   Thumb Code     0  libshutdown2.o(.ARM.Collect$$libshutdown$$00000003)
    __rt_lib_shutdown_user_alloc_1           0x080001bb   Thumb Code     0  libshutdown2.o(.ARM.Collect$$libshutdown$$0000000B)
    __rt_entry                               0x080001bd   Thumb Code     0  __rtentry.o(.ARM.Collect$$rtentry$$00000000)
    __rt_entry_presh_1                       0x080001bd   Thumb Code     0  __rtentry2.o(.ARM.Collect$$rtentry$$00000002)
    __rt_entry_sh                            0x080001bd   Thumb Code     0  __rtentry4.o(.ARM.Collect$$rtentry$$00000004)
    __rt_entry_li                            0x080001c3   Thumb Code     0  __rtentry2.o(.ARM.Collect$$rtentry$$0000000A)
    __rt_entry_postsh_1                      0x080001c3   Thumb Code     0  __rtentry2.o(.ARM.Collect$$rtentry$$00000009)
    __rt_entry_main                          0x080001c7   Thumb Code     0  __rtentry2.o(.ARM.Collect$$rtentry$$0000000D)
    __rt_entry_postli_1                      0x080001c7   Thumb Code     0  __rtentry2.o(.ARM.Collect$$rtentry$$0000000C)
    __rt_exit                                0x080001cf   Thumb Code     0  rtexit.o(.ARM.Collect$$rtexit$$00000000)
    __rt_exit_ls                             0x080001d1   Thumb Code     0  rtexit2.o(.ARM.Collect$$rtexit$$00000003)
    __rt_exit_prels_1                        0x080001d1   Thumb Code     0  rtexit2.o(.ARM.Collect$$rtexit$$00000002)
    __rt_exit_exit                           0x080001d5   Thumb Code     0  rtexit2.o(.ARM.Collect$$rtexit$$00000004)
    Reset_Handler                            0x080001dd   Thumb Code     8  startup_stm32f10x_hd.o(.text)
    NMI_Handler                              0x080001e5   Thumb Code     2  startup_stm32f10x_hd.o(.text)
    HardFault_Handler                        0x080001e7   Thumb Code     2  startup_stm32f10x_hd.o(.text)
    MemManage_Handler                        0x080001e9   Thumb Code     2  startup_stm32f10x_hd.o(.text)
    BusFault_Handler                         0x080001eb   Thumb Code     2  startup_stm32f10x_hd.o(.text)
    UsageFault_Handler                       0x080001ed   Thumb Code     2  startup_stm32f10x_hd.o(.text)
    SVC_Handler                              0x080001ef   Thumb Code     2  startup_stm32f10x_hd.o(.text)
    DebugMon_Handler                         0x080001f1   Thumb Code     2  startup_stm32f10x_hd.o(.text)
    PendSV_Handler                           0x080001f3   Thumb Code     2  startup_stm32f10x_hd.o(.text)
    SysTick_Handler                          0x080001f5   Thumb Code     2  startup_stm32f10x_hd.o(.text)
    ADC1_2_IRQHandler                        0x080001f7   Thumb Code     0  startup_stm32f10x_hd.o(.text)
    ADC3_IRQHandler                          0x080001f7   Thumb Code     0  startup_stm32f10x_hd.o(.text)
    CAN1_RX1_IRQHandler                      0x080001f7   Thumb Code     0  startup_stm32f10x_hd.o(.text)
    CAN1_SCE_IRQHandler                      0x080001f7   Thumb Code     0  startup_stm32f10x_hd.o(.text)
    DMA1_Channel1_IRQHandler                 0x080001f7   Thumb Code     0  startup_stm32f10x_hd.o(.text)
    DMA1_Channel2_IRQHandler                 0x080001f7   Thumb Code     0  startup_stm32f10x_hd.o(.text)
    DMA1_Channel3_IRQHandler                 0x080001f7   Thumb Code     0  startup_stm32f10x_hd.o(.text)
    DMA1_Channel4_IRQHandler                 0x080001f7   Thumb Code     0  startup_stm32f10x_hd.o(.text)
    DMA1_Channel5_IRQHandler                 0x080001f7   Thumb Code     0  startup_stm32f10x_hd.o(.text)
    DMA1_Channel6_IRQHandler                 0x080001f7   Thumb Code     0  startup_stm32f10x_hd.o(.text)
    DMA1_Channel7_IRQHandler                 0x080001f7   Thumb Code     0  startup_stm32f10x_hd.o(.text)
    DMA2_Channel1_IRQHandler                 0x080001f7   Thumb Code     0  startup_stm32f10x_hd.o(.text)
    DMA2_Channel2_IRQHandler                 0x080001f7   Thumb Code     0  startup_stm32f10x_hd.o(.text)
    DMA2_Channel3_IRQHandler                 0x080001f7   Thumb Code     0  startup_stm32f10x_hd.o(.text)
    DMA2_Channel4_5_IRQHandler               0x080001f7   Thumb Code     0  startup_stm32f10x_hd.o(.text)
    EXTI0_IRQHandler                         0x080001f7   Thumb Code     0  startup_stm32f10x_hd.o(.text)
    EXTI1_IRQHandler                         0x080001f7   Thumb Code     0  startup_stm32f10x_hd.o(.text)
    EXTI2_IRQHandler                         0x080001f7   Thumb Code     0  startup_stm32f10x_hd.o(.text)
    EXTI3_IRQHandler                         0x080001f7   Thumb Code     0  startup_stm32f10x_hd.o(.text)
    FLASH_IRQHandler                         0x080001f7   Thumb Code     0  startup_stm32f10x_hd.o(.text)
    FSMC_IRQHandler                          0x080001f7   Thumb Code     0  startup_stm32f10x_hd.o(.text)
    I2C1_ER_IRQHandler                       0x080001f7   Thumb Code     0  startup_stm32f10x_hd.o(.text)
    I2C1_EV_IRQHandler                       0x080001f7   Thumb Code     0  startup_stm32f10x_hd.o(.text)
    I2C2_ER_IRQHandler                       0x080001f7   Thumb Code     0  startup_stm32f10x_hd.o(.text)
    I2C2_EV_IRQHandler                       0x080001f7   Thumb Code     0  startup_stm32f10x_hd.o(.text)
    PVD_IRQHandler                           0x080001f7   Thumb Code     0  startup_stm32f10x_hd.o(.text)
    RCC_IRQHandler                           0x080001f7   Thumb Code     0  startup_stm32f10x_hd.o(.text)
    RTCAlarm_IRQHandler                      0x080001f7   Thumb Code     0  startup_stm32f10x_hd.o(.text)
    RTC_IRQHandler                           0x080001f7   Thumb Code     0  startup_stm32f10x_hd.o(.text)
    SDIO_IRQHandler                          0x080001f7   Thumb Code     0  startup_stm32f10x_hd.o(.text)
    SPI1_IRQHandler                          0x080001f7   Thumb Code     0  startup_stm32f10x_hd.o(.text)
    SPI2_IRQHandler                          0x080001f7   Thumb Code     0  startup_stm32f10x_hd.o(.text)
    SPI3_IRQHandler                          0x080001f7   Thumb Code     0  startup_stm32f10x_hd.o(.text)
    TAMPER_IRQHandler                        0x080001f7   Thumb Code     0  startup_stm32f10x_hd.o(.text)
    TIM1_BRK_IRQHandler                      0x080001f7   Thumb Code     0  startup_stm32f10x_hd.o(.text)
    TIM1_CC_IRQHandler                       0x080001f7   Thumb Code     0  startup_stm32f10x_hd.o(.text)
    TIM1_TRG_COM_IRQHandler                  0x080001f7   Thumb Code     0  startup_stm32f10x_hd.o(.text)
    TIM1_UP_IRQHandler                       0x080001f7   Thumb Code     0  startup_stm32f10x_hd.o(.text)
    TIM3_IRQHandler                          0x080001f7   Thumb Code     0  startup_stm32f10x_hd.o(.text)
    TIM4_IRQHandler                          0x080001f7   Thumb Code     0  startup_stm32f10x_hd.o(.text)
    TIM5_IRQHandler                          0x080001f7   Thumb Code     0  startup_stm32f10x_hd.o(.text)
    TIM6_IRQHandler                          0x080001f7   Thumb Code     0  startup_stm32f10x_hd.o(.text)
    TIM7_IRQHandler                          0x080001f7   Thumb Code     0  startup_stm32f10x_hd.o(.text)
    TIM8_BRK_IRQHandler                      0x080001f7   Thumb Code     0  startup_stm32f10x_hd.o(.text)
    TIM8_CC_IRQHandler                       0x080001f7   Thumb Code     0  startup_stm32f10x_hd.o(.text)
    TIM8_TRG_COM_IRQHandler                  0x080001f7   Thumb Code     0  startup_stm32f10x_hd.o(.text)
    TIM8_UP_IRQHandler                       0x080001f7   Thumb Code     0  startup_stm32f10x_hd.o(.text)
    UART4_IRQHandler                         0x080001f7   Thumb Code     0  startup_stm32f10x_hd.o(.text)
    UART5_IRQHandler                         0x080001f7   Thumb Code     0  startup_stm32f10x_hd.o(.text)
    USART2_IRQHandler                        0x080001f7   Thumb Code     0  startup_stm32f10x_hd.o(.text)
    USART3_IRQHandler                        0x080001f7   Thumb Code     0  startup_stm32f10x_hd.o(.text)
    USBWakeUp_IRQHandler                     0x080001f7   Thumb Code     0  startup_stm32f10x_hd.o(.text)
    USB_HP_CAN1_TX_IRQHandler                0x080001f7   Thumb Code     0  startup_stm32f10x_hd.o(.text)
    USB_LP_CAN1_RX0_IRQHandler               0x080001f7   Thumb Code     0  startup_stm32f10x_hd.o(.text)
    WWDG_IRQHandler                          0x080001f7   Thumb Code     0  startup_stm32f10x_hd.o(.text)
    __user_initial_stackheap                 0x080001f9   Thumb Code     0  startup_stm32f10x_hd.o(.text)
    __use_no_semihosting                     0x0800021d   Thumb Code     2  use_no_semi_2.o(.text)
    __2printf                                0x08000221   Thumb Code    20  noretval__2printf.o(.text)
    __printf                                 0x08000239   Thumb Code   104  __printf.o(.text)
    _printf_str                              0x080002a1   Thumb Code    82  _printf_str.o(.text)
    _printf_int_hex                          0x080002f5   Thumb Code    84  _printf_hex_int.o(.text)
    _printf_longlong_hex                     0x080002f5   Thumb Code     0  _printf_hex_int.o(.text)
    __use_two_region_memory                  0x0800034d   Thumb Code     2  heapauxi.o(.text)
    __rt_heap_escrow$2region                 0x0800034f   Thumb Code     2  heapauxi.o(.text)
    __rt_heap_expand$2region                 0x08000351   Thumb Code     2  heapauxi.o(.text)
    __I$use$semihosting                      0x08000353   Thumb Code     0  use_no_semi.o(.text)
    __use_no_semihosting_swi                 0x08000353   Thumb Code     2  use_no_semi.o(.text)
    _printf_int_common                       0x08000355   Thumb Code   178  _printf_intcommon.o(.text)
    _printf_cs_common                        0x08000407   Thumb Code    20  _printf_char.o(.text)
    _printf_char                             0x0800041b   Thumb Code    16  _printf_char.o(.text)
    _printf_string                           0x0800042b   Thumb Code     8  _printf_char.o(.text)
    _printf_char_file                        0x08000435   Thumb Code    32  _printf_char_file.o(.text)
    _printf_char_common                      0x08000463   Thumb Code    32  _printf_char_common.o(.text)
    ferror                                   0x08000489   Thumb Code     8  ferror.o(.text)
    __user_libspace                          0x08000491   Thumb Code     8  libspace.o(.text)
    __user_perproc_libspace                  0x08000491   Thumb Code     0  libspace.o(.text)
    __user_perthread_libspace                0x08000491   Thumb Code     0  libspace.o(.text)
    __user_setup_stackheap                   0x08000499   Thumb Code    74  sys_stackheap_outer.o(.text)
    exit                                     0x080004e3   Thumb Code    12  exit.o(.text)
    EXTI15_10_IRQHandler                     0x080004f1   Thumb Code    24  briupkeyboard.o(i.EXTI15_10_IRQHandler)
    EXTI4_IRQHandler                         0x08000511   Thumb Code    24  briupkeyboard.o(i.EXTI4_IRQHandler)
    EXTI9_5_IRQHandler                       0x08000531   Thumb Code    50  briupkeyboard.o(i.EXTI9_5_IRQHandler)
    LCD_RD_DATA                              0x0800056d   Thumb Code     6  briuplcd.o(i.LCD_RD_DATA)
    LCD_WR_DATA                              0x08000579   Thumb Code     6  briuplcd.o(i.LCD_WR_DATA)
    LCD_WR_REG                               0x08000585   Thumb Code     6  briuplcd.o(i.LCD_WR_REG)
    LCD_WriteReg                             0x08000591   Thumb Code    10  briuplcd.o(i.LCD_WriteReg)
    SystemInit                               0x08000689   Thumb Code    78  system_stm32f10x.o(i.SystemInit)
    TIM2_IRQHandler                          0x080006e9   Thumb Code    48  briuptim2.o(i.TIM2_IRQHandler)
    USART1_IRQHandler                        0x0800071d   Thumb Code    68  briupusart1.o(i.USART1_IRQHandler)
    _delay_ms                                0x0800077d   Thumb Code    68  briupdelay.o(i._delay_ms)
    _sys_exit                                0x080007c5   Thumb Code     6  briupusart1.o(i._sys_exit)
    basePeriphInit                           0x080007cd   Thumb Code    98  briupbaseperiph.o(i.basePeriphInit)
    briupExNVICInit                          0x0800083d   Thumb Code   144  briupnvic.o(i.briupExNVICInit)
    briupFSMCInit                            0x080008d9   Thumb Code   224  briupfsmc.o(i.briupFSMCInit)
    briupKeyInit                             0x080009d9   Thumb Code   190  briupkeyboard.o(i.briupKeyInit)
    briupLcdClear                            0x08000aa5   Thumb Code    40  briuplcd.o(i.briupLcdClear)
    briupLcdFastDrawDirection                0x08000ad5   Thumb Code   588  briuplcd.o(i.briupLcdFastDrawDirection)
    briupLcdImageDraw                        0x08000d25   Thumb Code   524  briuplcd.o(i.briupLcdImageDraw)
    briupLcdImageInit                        0x08000f39   Thumb Code    28  briuplcd.o(i.briupLcdImageInit)
    briupLcdInit                             0x08000f55   Thumb Code   662  briuplcd.o(i.briupLcdInit)
    briupNVICGroupInit                       0x080011fd   Thumb Code    34  briupnvic.o(i.briupNVICGroupInit)
    briupNVICPriorityConfig                  0x0800122d   Thumb Code    82  briupnvic.o(i.briupNVICPriorityConfig)
    briupTIM2Init                            0x08001289   Thumb Code    54  briuptim2.o(i.briupTIM2Init)
    briupUsart1Init                          0x080012c5   Thumb Code   192  briupusart1.o(i.briupUsart1Init)
    delay_init                               0x08001399   Thumb Code    36  briupdelay.o(i.delay_init)
    fputc                                    0x080013c5   Thumb Code    22  briupusart1.o(i.fputc)
    main                                     0x080013e1   Thumb Code   148  main.o(i.main)
    resetBeep                                0x08001481   Thumb Code    14  briupbaseperiph.o(i.resetBeep)
    resetLed                                 0x08001495   Thumb Code    12  briupbaseperiph.o(i.resetLed)
    setBeep                                  0x080014a5   Thumb Code    14  briupbaseperiph.o(i.setBeep)
    usart1Getstr                             0x080014b9   Thumb Code    24  briupusart1.o(i.usart1Getstr)
    __aeabi_dadd                             0x080014d5   Thumb Code     0  daddsub_clz.o(x$fpl$dadd)
    _dadd                                    0x080014d5   Thumb Code   332  daddsub_clz.o(x$fpl$dadd)
    __aeabi_ddiv                             0x08001625   Thumb Code     0  ddiv.o(x$fpl$ddiv)
    _ddiv                                    0x08001625   Thumb Code   552  ddiv.o(x$fpl$ddiv)
    __aeabi_d2uiz                            0x080018d5   Thumb Code     0  dfixu.o(x$fpl$dfixu)
    _dfixu                                   0x080018d5   Thumb Code    90  dfixu.o(x$fpl$dfixu)
    __aeabi_ui2d                             0x0800192f   Thumb Code     0  dflt_clz.o(x$fpl$dfltu)
    _dfltu                                   0x0800192f   Thumb Code    38  dflt_clz.o(x$fpl$dfltu)
    __aeabi_dmul                             0x08001955   Thumb Code     0  dmul.o(x$fpl$dmul)
    _dmul                                    0x08001955   Thumb Code   332  dmul.o(x$fpl$dmul)
    __fpl_dnaninf                            0x08001aa9   Thumb Code   156  dnaninf.o(x$fpl$dnaninf)
    __fpl_dretinf                            0x08001b45   Thumb Code    12  dretinf.o(x$fpl$dretinf)
    __aeabi_drsub                            0x08001b51   Thumb Code     0  daddsub_clz.o(x$fpl$drsb)
    _drsb                                    0x08001b51   Thumb Code    22  daddsub_clz.o(x$fpl$drsb)
    __aeabi_dsub                             0x08001b69   Thumb Code     0  daddsub_clz.o(x$fpl$dsub)
    _dsub                                    0x08001b69   Thumb Code   464  daddsub_clz.o(x$fpl$dsub)
    __I$use$fp                               0x08001d3c   Number         0  usenofp.o(x$fpl$usenofp)
    gImage_borid_up                          0x08001d3c   Data        1632  borid_up.o(.constdata)
    gImage_borid_move                        0x0800239c   Data        1632  borid_move.o(.constdata)
    gImage_borid_down                        0x080029fc   Data        1632  borid_down.o(.constdata)
    Region$$Table$$Base                      0x08003084   Number         0  anon$$obj.o(Region$$Table)
    Region$$Table$$Limit                     0x080030a4   Number         0  anon$$obj.o(Region$$Table)
    POINT_COLOR                              0x20000008   Data           2  briuplcd.o(.data)
    BACK_COLOR                               0x2000000a   Data           2  briuplcd.o(.data)
    __stdout                                 0x20000010   Data           4  briupusart1.o(.data)
    lcddev                                   0x20000014   Data          10  briuplcd.o(.bss)
    ch                                       0x2000001e   Data         100  briupusart1.o(.bss)
    __libspace_start                         0x20000084   Data          96  libspace.o(.bss)
    __temporary_stack_top$libspace           0x200000e4   Data           0  libspace.o(.bss)



==============================================================================

Memory Map of the image

  Image Entry point : 0x08000131

  Load Region LR_IROM1 (Base: 0x08000000, Size: 0x000030b8, Max: 0x00080000, ABSOLUTE)

    Execution Region ER_IROM1 (Base: 0x08000000, Size: 0x000030a4, Max: 0x00080000, ABSOLUTE)

    Base Addr    Size         Type   Attr      Idx    E Section Name        Object

    0x08000000   0x00000130   Data   RO           83    RESET               startup_stm32f10x_hd.o
    0x08000130   0x00000008   Code   RO         1403  * !!!main             c_w.l(__main.o)
    0x08000138   0x00000034   Code   RO         1733    !!!scatter          c_w.l(__scatter.o)
    0x0800016c   0x0000001a   Code   RO         1735    !!handler_copy      c_w.l(__scatter_copy.o)
    0x08000186   0x00000002   PAD
    0x08000188   0x0000001c   Code   RO         1737    !!handler_zi        c_w.l(__scatter_zi.o)
    0x080001a4   0x00000000   Code   RO         1396    .ARM.Collect$$_printf_percent$$00000000  c_w.l(_printf_percent.o)
    0x080001a4   0x00000006   Code   RO         1395    .ARM.Collect$$_printf_percent$$0000000C  c_w.l(_printf_x.o)
    0x080001aa   0x00000006   Code   RO         1394    .ARM.Collect$$_printf_percent$$00000014  c_w.l(_printf_s.o)
    0x080001b0   0x00000004   Code   RO         1494    .ARM.Collect$$_printf_percent$$00000017  c_w.l(_printf_percent_end.o)
    0x080001b4   0x00000002   Code   RO         1601    .ARM.Collect$$libinit$$00000000  c_w.l(libinit.o)
    0x080001b6   0x00000000   Code   RO         1613    .ARM.Collect$$libinit$$00000002  c_w.l(libinit2.o)
    0x080001b6   0x00000000   Code   RO         1615    .ARM.Collect$$libinit$$00000004  c_w.l(libinit2.o)
    0x080001b6   0x00000000   Code   RO         1618    .ARM.Collect$$libinit$$0000000A  c_w.l(libinit2.o)
    0x080001b6   0x00000000   Code   RO         1620    .ARM.Collect$$libinit$$0000000C  c_w.l(libinit2.o)
    0x080001b6   0x00000000   Code   RO         1622    .ARM.Collect$$libinit$$0000000E  c_w.l(libinit2.o)
    0x080001b6   0x00000000   Code   RO         1625    .ARM.Collect$$libinit$$00000011  c_w.l(libinit2.o)
    0x080001b6   0x00000000   Code   RO         1627    .ARM.Collect$$libinit$$00000013  c_w.l(libinit2.o)
    0x080001b6   0x00000000   Code   RO         1629    .ARM.Collect$$libinit$$00000015  c_w.l(libinit2.o)
    0x080001b6   0x00000000   Code   RO         1631    .ARM.Collect$$libinit$$00000017  c_w.l(libinit2.o)
    0x080001b6   0x00000000   Code   RO         1633    .ARM.Collect$$libinit$$00000019  c_w.l(libinit2.o)
    0x080001b6   0x00000000   Code   RO         1635    .ARM.Collect$$libinit$$0000001B  c_w.l(libinit2.o)
    0x080001b6   0x00000000   Code   RO         1637    .ARM.Collect$$libinit$$0000001D  c_w.l(libinit2.o)
    0x080001b6   0x00000000   Code   RO         1639    .ARM.Collect$$libinit$$0000001F  c_w.l(libinit2.o)
    0x080001b6   0x00000000   Code   RO         1641    .ARM.Collect$$libinit$$00000021  c_w.l(libinit2.o)
    0x080001b6   0x00000000   Code   RO         1643    .ARM.Collect$$libinit$$00000023  c_w.l(libinit2.o)
    0x080001b6   0x00000000   Code   RO         1645    .ARM.Collect$$libinit$$00000025  c_w.l(libinit2.o)
    0x080001b6   0x00000000   Code   RO         1649    .ARM.Collect$$libinit$$0000002C  c_w.l(libinit2.o)
    0x080001b6   0x00000000   Code   RO         1651    .ARM.Collect$$libinit$$0000002E  c_w.l(libinit2.o)
    0x080001b6   0x00000000   Code   RO         1653    .ARM.Collect$$libinit$$00000030  c_w.l(libinit2.o)
    0x080001b6   0x00000000   Code   RO         1655    .ARM.Collect$$libinit$$00000032  c_w.l(libinit2.o)
    0x080001b6   0x00000002   Code   RO         1656    .ARM.Collect$$libinit$$00000033  c_w.l(libinit2.o)
    0x080001b8   0x00000002   Code   RO         1686    .ARM.Collect$$libshutdown$$00000000  c_w.l(libshutdown.o)
    0x080001ba   0x00000000   Code   RO         1701    .ARM.Collect$$libshutdown$$00000003  c_w.l(libshutdown2.o)
    0x080001ba   0x00000000   Code   RO         1704    .ARM.Collect$$libshutdown$$00000006  c_w.l(libshutdown2.o)
    0x080001ba   0x00000000   Code   RO         1707    .ARM.Collect$$libshutdown$$00000009  c_w.l(libshutdown2.o)
    0x080001ba   0x00000000   Code   RO         1709    .ARM.Collect$$libshutdown$$0000000B  c_w.l(libshutdown2.o)
    0x080001ba   0x00000000   Code   RO         1712    .ARM.Collect$$libshutdown$$0000000E  c_w.l(libshutdown2.o)
    0x080001ba   0x00000002   Code   RO         1713    .ARM.Collect$$libshutdown$$0000000F  c_w.l(libshutdown2.o)
    0x080001bc   0x00000000   Code   RO         1483    .ARM.Collect$$rtentry$$00000000  c_w.l(__rtentry.o)
    0x080001bc   0x00000000   Code   RO         1548    .ARM.Collect$$rtentry$$00000002  c_w.l(__rtentry2.o)
    0x080001bc   0x00000006   Code   RO         1560    .ARM.Collect$$rtentry$$00000004  c_w.l(__rtentry4.o)
    0x080001c2   0x00000000   Code   RO         1550    .ARM.Collect$$rtentry$$00000009  c_w.l(__rtentry2.o)
    0x080001c2   0x00000004   Code   RO         1551    .ARM.Collect$$rtentry$$0000000A  c_w.l(__rtentry2.o)
    0x080001c6   0x00000000   Code   RO         1553    .ARM.Collect$$rtentry$$0000000C  c_w.l(__rtentry2.o)
    0x080001c6   0x00000008   Code   RO         1554    .ARM.Collect$$rtentry$$0000000D  c_w.l(__rtentry2.o)
    0x080001ce   0x00000002   Code   RO         1606    .ARM.Collect$$rtexit$$00000000  c_w.l(rtexit.o)
    0x080001d0   0x00000000   Code   RO         1660    .ARM.Collect$$rtexit$$00000002  c_w.l(rtexit2.o)
    0x080001d0   0x00000004   Code   RO         1661    .ARM.Collect$$rtexit$$00000003  c_w.l(rtexit2.o)
    0x080001d4   0x00000006   Code   RO         1662    .ARM.Collect$$rtexit$$00000004  c_w.l(rtexit2.o)
    0x080001da   0x00000002   PAD
    0x080001dc   0x00000040   Code   RO           84    .text               startup_stm32f10x_hd.o
    0x0800021c   0x00000002   Code   RO         1341    .text               c_w.l(use_no_semi_2.o)
    0x0800021e   0x00000002   PAD
    0x08000220   0x00000018   Code   RO         1347    .text               c_w.l(noretval__2printf.o)
    0x08000238   0x00000068   Code   RO         1349    .text               c_w.l(__printf.o)
    0x080002a0   0x00000052   Code   RO         1351    .text               c_w.l(_printf_str.o)
    0x080002f2   0x00000002   PAD
    0x080002f4   0x00000058   Code   RO         1356    .text               c_w.l(_printf_hex_int.o)
    0x0800034c   0x00000006   Code   RO         1401    .text               c_w.l(heapauxi.o)
    0x08000352   0x00000002   Code   RO         1481    .text               c_w.l(use_no_semi.o)
    0x08000354   0x000000b2   Code   RO         1488    .text               c_w.l(_printf_intcommon.o)
    0x08000406   0x0000002c   Code   RO         1490    .text               c_w.l(_printf_char.o)
    0x08000432   0x00000002   PAD
    0x08000434   0x00000024   Code   RO         1492    .text               c_w.l(_printf_char_file.o)
    0x08000458   0x00000030   Code   RO         1571    .text               c_w.l(_printf_char_common.o)
    0x08000488   0x00000008   Code   RO         1573    .text               c_w.l(ferror.o)
    0x08000490   0x00000008   Code   RO         1585    .text               c_w.l(libspace.o)
    0x08000498   0x0000004a   Code   RO         1588    .text               c_w.l(sys_stackheap_outer.o)
    0x080004e2   0x0000000c   Code   RO         1594    .text               c_w.l(exit.o)
    0x080004ee   0x00000002   PAD
    0x080004f0   0x00000020   Code   RO          347    i.EXTI15_10_IRQHandler  briupkeyboard.o
    0x08000510   0x00000020   Code   RO          348    i.EXTI4_IRQHandler  briupkeyboard.o
    0x08000530   0x0000003c   Code   RO          349    i.EXTI9_5_IRQHandler  briupkeyboard.o
    0x0800056c   0x0000000c   Code   RO          385    i.LCD_RD_DATA       briuplcd.o
    0x08000578   0x0000000c   Code   RO          387    i.LCD_WR_DATA       briuplcd.o
    0x08000584   0x0000000c   Code   RO          388    i.LCD_WR_REG        briuplcd.o
    0x08000590   0x00000010   Code   RO          389    i.LCD_WriteReg      briuplcd.o
    0x080005a0   0x00000008   Code   RO           99    i.SetSysClock       system_stm32f10x.o
    0x080005a8   0x000000e0   Code   RO          100    i.SetSysClockTo72   system_stm32f10x.o
    0x08000688   0x00000060   Code   RO          102    i.SystemInit        system_stm32f10x.o
    0x080006e8   0x00000034   Code   RO          837    i.TIM2_IRQHandler   briuptim2.o
    0x0800071c   0x00000060   Code   RO          869    i.USART1_IRQHandler  briupusart1.o
    0x0800077c   0x00000048   Code   RO          296    i._delay_ms         briupdelay.o
    0x080007c4   0x00000006   Code   RO          870    i._sys_exit         briupusart1.o
    0x080007ca   0x00000002   PAD
    0x080007cc   0x00000070   Code   RO          236    i.basePeriphInit    briupbaseperiph.o
    0x0800083c   0x0000009c   Code   RO          811    i.briupExNVICInit   briupnvic.o
    0x080008d8   0x00000100   Code   RO          328    i.briupFSMCInit     briupfsmc.o
    0x080009d8   0x000000cc   Code   RO          350    i.briupKeyInit      briupkeyboard.o
    0x08000aa4   0x00000030   Code   RO          390    i.briupLcdClear     briuplcd.o
    0x08000ad4   0x00000250   Code   RO          394    i.briupLcdFastDrawDirection  briuplcd.o
    0x08000d24   0x00000214   Code   RO          397    i.briupLcdImageDraw  briuplcd.o
    0x08000f38   0x0000001c   Code   RO          398    i.briupLcdImageInit  briuplcd.o
    0x08000f54   0x000002a8   Code   RO          399    i.briupLcdInit      briuplcd.o
    0x080011fc   0x00000030   Code   RO          812    i.briupNVICGroupInit  briupnvic.o
    0x0800122c   0x0000005c   Code   RO          813    i.briupNVICPriorityConfig  briupnvic.o
    0x08001288   0x0000003c   Code   RO          838    i.briupTIM2Init     briuptim2.o
    0x080012c4   0x000000d4   Code   RO          871    i.briupUsart1Init   briupusart1.o
    0x08001398   0x0000002c   Code   RO          299    i.delay_init        briupdelay.o
    0x080013c4   0x0000001c   Code   RO          872    i.fputc             briupusart1.o
    0x080013e0   0x000000a0   Code   RO            1    i.main              main.o
    0x08001480   0x00000014   Code   RO          237    i.resetBeep         briupbaseperiph.o
    0x08001494   0x00000010   Code   RO          238    i.resetLed          briupbaseperiph.o
    0x080014a4   0x00000014   Code   RO          241    i.setBeep           briupbaseperiph.o
    0x080014b8   0x0000001c   Code   RO          873    i.usart1Getstr      briupusart1.o
    0x080014d4   0x00000150   Code   RO         1407    x$fpl$dadd          fz_ws.l(daddsub_clz.o)
    0x08001624   0x000002b0   Code   RO         1414    x$fpl$ddiv          fz_ws.l(ddiv.o)
    0x080018d4   0x0000005a   Code   RO         1417    x$fpl$dfixu         fz_ws.l(dfixu.o)
    0x0800192e   0x00000026   Code   RO         1421    x$fpl$dfltu         fz_ws.l(dflt_clz.o)
    0x08001954   0x00000154   Code   RO         1427    x$fpl$dmul          fz_ws.l(dmul.o)
    0x08001aa8   0x0000009c   Code   RO         1497    x$fpl$dnaninf       fz_ws.l(dnaninf.o)
    0x08001b44   0x0000000c   Code   RO         1499    x$fpl$dretinf       fz_ws.l(dretinf.o)
    0x08001b50   0x00000016   Code   RO         1408    x$fpl$drsb          fz_ws.l(daddsub_clz.o)
    0x08001b66   0x00000002   PAD
    0x08001b68   0x000001d4   Code   RO         1409    x$fpl$dsub          fz_ws.l(daddsub_clz.o)
    0x08001d3c   0x00000000   Code   RO         1509    x$fpl$usenofp       fz_ws.l(usenofp.o)
    0x08001d3c   0x00000660   Data   RO         1304    .constdata          borid_up.o
    0x0800239c   0x00000660   Data   RO         1311    .constdata          borid_move.o
    0x080029fc   0x00000660   Data   RO         1318    .constdata          borid_down.o
    0x0800305c   0x00000028   Data   RO         1357    .constdata          c_w.l(_printf_hex_int.o)
    0x08003084   0x00000020   Data   RO         1731    Region$$Table       anon$$obj.o


    Execution Region RW_IRAM1 (Base: 0x20000000, Size: 0x000006e8, Max: 0x00010000, ABSOLUTE)

    Base Addr    Size         Type   Attr      Idx    E Section Name        Object

    0x20000000   0x00000008   Data   RW          300    .data               briupdelay.o
    0x20000008   0x00000004   Data   RW          404    .data               briuplcd.o
    0x2000000c   0x00000001   Data   RW          814    .data               briupnvic.o
    0x2000000d   0x00000001   Data   RW          841    .data               briuptim2.o
    0x2000000e   0x00000002   PAD
    0x20000010   0x00000004   Data   RW          877    .data               briupusart1.o
    0x20000014   0x0000000a   Zero   RW          402    .bss                briuplcd.o
    0x2000001e   0x00000064   Zero   RW          876    .bss                briupusart1.o
    0x20000082   0x00000002   PAD
    0x20000084   0x00000060   Zero   RW         1586    .bss                c_w.l(libspace.o)
    0x200000e4   0x00000004   PAD
    0x200000e8   0x00000200   Zero   RW           82    HEAP                startup_stm32f10x_hd.o
    0x200002e8   0x00000400   Zero   RW           81    STACK               startup_stm32f10x_hd.o


==============================================================================

Image component sizes


      Code (inc. data)   RO Data    RW Data    ZI Data      Debug   Object Name

         0          0       1632          0          0        368   borid_down.o
         0          0       1632          0          0        368   borid_move.o
         0          0       1632          0          0        358   borid_up.o
       168         30          0          0          0       1674   briupbaseperiph.o
       116         12          0          8          0       1077   briupdelay.o
       256         32          0          0          0        500   briupfsmc.o
       328         40          0          0          0       1746   briupkeyboard.o
      1932         62          0          4         10       8261   briuplcd.o
       296         36          0          1          0       2189   briupnvic.o
       112         10          0          1          0       1318   briuptim2.o
       370         58          0          4        100       4202   briupusart1.o
       160         12          0          0          0     209719   main.o
        64         26        304          0       1536        884   startup_stm32f10x_hd.o
       328         28          0          0          0       2009   system_stm32f10x.o

    ----------------------------------------------------------------------
      4132        346       5232         20       1648     234673   Object Totals
         0          0         32          0          0          0   (incl. Generated)
         2          0          0          2          2          0   (incl. Padding)

    ----------------------------------------------------------------------

      Code (inc. data)   RO Data    RW Data    ZI Data      Debug   Library Member Name

         8          0          0          0          0         68   __main.o
       104          0          0          0          0         84   __printf.o
         0          0          0          0          0          0   __rtentry.o
        12          0          0          0          0          0   __rtentry2.o
         6          0          0          0          0          0   __rtentry4.o
        52          8          0          0          0          0   __scatter.o
        26          0          0          0          0          0   __scatter_copy.o
        28          0          0          0          0          0   __scatter_zi.o
        44          0          0          0          0        108   _printf_char.o
        48          6          0          0          0         96   _printf_char_common.o
        36          4          0          0          0         80   _printf_char_file.o
        88          4         40          0          0         88   _printf_hex_int.o
       178          0          0          0          0         88   _printf_intcommon.o
         0          0          0          0          0          0   _printf_percent.o
         4          0          0          0          0          0   _printf_percent_end.o
         6          0          0          0          0          0   _printf_s.o
        82          0          0          0          0         80   _printf_str.o
         6          0          0          0          0          0   _printf_x.o
        12          0          0          0          0         72   exit.o
         8          0          0          0          0         68   ferror.o
         6          0          0          0          0        152   heapauxi.o
         2          0          0          0          0          0   libinit.o
         2          0          0          0          0          0   libinit2.o
         2          0          0          0          0          0   libshutdown.o
         2          0          0          0          0          0   libshutdown2.o
         8          4          0          0         96         68   libspace.o
        24          4          0          0          0         84   noretval__2printf.o
         2          0          0          0          0          0   rtexit.o
        10          0          0          0          0          0   rtexit2.o
        74          0          0          0          0         80   sys_stackheap_outer.o
         2          0          0          0          0         68   use_no_semi.o
         2          0          0          0          0         68   use_no_semi_2.o
       826         16          0          0          0        348   daddsub_clz.o
       688        140          0          0          0        208   ddiv.o
        90          4          0          0          0         92   dfixu.o
        38          0          0          0          0         68   dflt_clz.o
       340         12          0          0          0        104   dmul.o
       156          4          0          0          0         92   dnaninf.o
        12          0          0          0          0         68   dretinf.o
         0          0          0          0          0          0   usenofp.o

    ----------------------------------------------------------------------
      3048        206         40          0        100       2332   Library Totals
        14          0          0          0          4          0   (incl. Padding)

    ----------------------------------------------------------------------

      Code (inc. data)   RO Data    RW Data    ZI Data      Debug   Library Name

       884         30         40          0         96       1352   c_w.l
      2150        176          0          0          0        980   fz_ws.l

    ----------------------------------------------------------------------
      3048        206         40          0        100       2332   Library Totals

    ----------------------------------------------------------------------

==============================================================================


      Code (inc. data)   RO Data    RW Data    ZI Data      Debug   

      7180        552       5272         20       1748     234349   Grand Totals
      7180        552       5272         20       1748     234349   ELF Image Totals
      7180        552       5272         20          0          0   ROM Totals

==============================================================================

    Total RO  Size (Code + RO Data)                12452 (  12.16kB)
    Total RW  Size (RW Data + ZI Data)              1768 (   1.73kB)
    Total ROM Size (Code + RO Data + RW Data)      12472 (  12.18kB)

==============================================================================

