<html>
<body>
<pre>
<h1>µVision Build Log</h1>
<h2>Tool Versions:</h2>
IDE-Version: ¦ÌVision V5.15
Copyright (C) 2015 ARM Ltd and ARM Germany GmbH. All rights reserved.
License Information: 11111 10338, 11, LIC=S5IEV-PKQ7P-RDNK3-ABGGY-6UJX9-1F4GZ
 
Tool Versions:
Toolchain:       MDK-ARM Professional  Version: 5.15.0
Toolchain Path:  D:\Keil5\ARM\ARMCC\Bin
C Compiler:      Armcc.exe V5.05 update 2 (build 169)
Assembler:       Armasm.exe V5.05 update 2 (build 169)
Linker/Locator:  ArmLink.exe V5.05 update 2 (build 169)
Library Manager: ArmAr.exe V5.05 update 2 (build 169)
Hex Converter:   FromElf.exe V5.05 update 2 (build 169)
CPU DLL:         SARMCM3.DLL V5.15.0
Dialog DLL:      DCM.DLL V1.13.2.0
Target DLL:      Segger\JL2CM3.dll V2.99.15.0
Dialog DLL:      TCM.DLL V1.14.5.0
 
<h2>Project:</h2>
G:\keil5_work\Flypybird_1\Pro\Flypybird.uvprojx
Project File Date:  04/02/2018

<h2>Output:</h2>
*** Using Compiler 'V5.05 update 2 (build 169)', folder: 'D:\Keil5\ARM\ARMCC\Bin'
Build target 'FlypyBird'
compiling main.c...
compiling game.c...
compiling draw_bird.c...
compiling briupDelay.c...
compiling briupEXSRAM.c...
compiling briupIWDG.c...
compiling briupLCD.c...
compiling briupRTC.c...
compiling briupSDIO.c...
compiling briupSPI.c...
compiling briupTouch.c...
compiling briupVS1003.c...
linking...
Program Size: Code=18194 RO-data=43358 RW-data=76 ZI-data=1748  
FromELF: creating hex file...
".\Objects\Flypybird.axf" - 0 Error(s), 0 Warning(s).

<h2>Collection of Component include folders:</h2>
  G:\keil5_work\Flypybird_1\Pro\RTE
  D:\Keil5\Keil\STM32F1xx_DFP\2.0.0\Device\Include

<h2>Collection of Component Files used:</h2>
</pre>
</body>
</html>
