Component: ARM Compiler 5.05 update 2 (build 169) Tool: armlink [4d0f33]

==============================================================================

Section Cross References

    main.o(i.main) refers to game.o(i.game_Init) for game_Init
    game.o(i.game_Init) refers to _printf_percent.o(.ARM.Collect$$_printf_percent$$00000000) for _printf_percent
    game.o(i.game_Init) refers to _printf_d.o(.ARM.Collect$$_printf_percent$$00000009) for _printf_d
    game.o(i.game_Init) refers to _printf_dec.o(.text) for _printf_int_dec
    game.o(i.game_Init) refers to briupnvic.o(i.briupNVICGroupInit) for briupNVICGroupInit
    game.o(i.game_Init) refers to briupdelay.o(i._delay_init) for _delay_init
    game.o(i.game_Init) refers to briupbaseperiph.o(i.basePeriphInit) for basePeriphInit
    game.o(i.game_Init) refers to briupusart.o(i.briupUsart1Init) for briupUsart1Init
    game.o(i.game_Init) refers to briupbaseperiph.o(i.setLed) for setLed
    game.o(i.game_Init) refers to briupkeyboard.o(i.briupKeyInit) for briupKeyInit
    game.o(i.game_Init) refers to briupexsram.o(i.FSMC_SRAM_init) for FSMC_SRAM_init
    game.o(i.game_Init) refers to briuplcd.o(i.briupLcdInit) for briupLcdInit
    game.o(i.game_Init) refers to briuptouch.o(i.tp_init) for tp_init
    game.o(i.game_Init) refers to briuptouch.o(i.tp_adjust) for tp_adjust
    game.o(i.game_Init) refers to briuplcd.o(i.briupLcdClear) for briupLcdClear
    game.o(i.game_Init) refers to briuplcd.o(i.briupLcdImageInit) for briupLcdImageInit
    game.o(i.game_Init) refers to briuplcd.o(i.briupLcdImageDraw) for briupLcdImageDraw
    game.o(i.game_Init) refers to draw_bird.o(i.draw_bird) for draw_bird
    game.o(i.game_Init) refers to noretval__2printf.o(.text) for __2printf
    game.o(i.game_Init) refers to logo.o(.constdata) for gImage_logo
    game.o(i.game_Init) refers to game.o(.bss) for image_logo
    game.o(i.game_Init) refers to start.o(.constdata) for gImage_start
    draw_bird.o(i.draw_bird) refers to briuplcd.o(i.briupLcdImageInit) for briupLcdImageInit
    draw_bird.o(i.draw_bird) refers to briuplcd.o(i.briupLcdImageDraw) for briupLcdImageDraw
    draw_bird.o(i.draw_bird) refers to briupdelay.o(i._delay_ms) for _delay_ms
    draw_bird.o(i.draw_bird) refers to borid_up.o(.constdata) for gImage_borid_up
    draw_bird.o(i.draw_bird) refers to draw_bird.o(.bss) for imageborid_up
    draw_bird.o(i.draw_bird) refers to borid_move.o(.constdata) for gImage_borid_move
    draw_bird.o(i.draw_bird) refers to borid_down.o(.constdata) for gImage_borid_down
    startup_stm32f10x_hd.o(STACK) refers (Special) to heapauxi.o(.text) for __use_two_region_memory
    startup_stm32f10x_hd.o(HEAP) refers (Special) to heapauxi.o(.text) for __use_two_region_memory
    startup_stm32f10x_hd.o(RESET) refers (Special) to heapauxi.o(.text) for __use_two_region_memory
    startup_stm32f10x_hd.o(RESET) refers to startup_stm32f10x_hd.o(STACK) for __initial_sp
    startup_stm32f10x_hd.o(RESET) refers to startup_stm32f10x_hd.o(.text) for Reset_Handler
    startup_stm32f10x_hd.o(RESET) refers to briupkeyboard.o(i.EXTI4_IRQHandler) for EXTI4_IRQHandler
    startup_stm32f10x_hd.o(RESET) refers to briupkeyboard.o(i.EXTI9_5_IRQHandler) for EXTI9_5_IRQHandler
    startup_stm32f10x_hd.o(RESET) refers to briuptim2.o(i.TIM2_IRQHandler) for TIM2_IRQHandler
    startup_stm32f10x_hd.o(RESET) refers to briupusart.o(i.USART1_IRQHandler) for USART1_IRQHandler
    startup_stm32f10x_hd.o(RESET) refers to briupkeyboard.o(i.EXTI15_10_IRQHandler) for EXTI15_10_IRQHandler
    startup_stm32f10x_hd.o(RESET) refers to briupsdio.o(i.SDIO_IRQHandler) for SDIO_IRQHandler
    startup_stm32f10x_hd.o(.text) refers (Special) to heapauxi.o(.text) for __use_two_region_memory
    startup_stm32f10x_hd.o(.text) refers to system_stm32f10x.o(i.SystemInit) for SystemInit
    startup_stm32f10x_hd.o(.text) refers to __main.o(!!!main) for __main
    startup_stm32f10x_hd.o(.text) refers to startup_stm32f10x_hd.o(HEAP) for Heap_Mem
    startup_stm32f10x_hd.o(.text) refers to startup_stm32f10x_hd.o(STACK) for Stack_Mem
    system_stm32f10x.o(i.SetSysClock) refers to system_stm32f10x.o(i.SetSysClockTo72) for SetSysClockTo72
    system_stm32f10x.o(i.SystemCoreClockUpdate) refers to system_stm32f10x.o(.data) for SystemCoreClock
    system_stm32f10x.o(i.SystemInit) refers to system_stm32f10x.o(i.SetSysClock) for SetSysClock
    briupbaseperiph.o(i.basePeriphInit) refers to briupbaseperiph.o(i.resetLed) for resetLed
    briupbaseperiph.o(i.basePeriphInit) refers to briupbaseperiph.o(i.resetBeep) for resetBeep
    briupbaseperiph.o(i.basePeriphInit) refers to briupbaseperiph.o(i.resetRelay) for resetRelay
    briupdelay.o(i._delay_init) refers to briupdelay.o(.data) for fac_us
    briupdelay.o(i._delay_ms) refers to briupdelay.o(.data) for fac_ms
    briupdelay.o(i._delay_s_) refers to dmul.o(x$fpl$dmul) for __aeabi_dmul
    briupdelay.o(i._delay_s_) refers to dfixu.o(x$fpl$dfixu) for __aeabi_d2uiz
[...]
    ../fplib/faddsub.s                       0x00000000   Number         0  faddsub_clz.o ABSOLUTE
    ../fplib/fcmpi.s                         0x00000000   Number         0  fcmpi.o ABSOLUTE
    ../fplib/fdiv.s                          0x00000000   Number         0  fdiv.o ABSOLUTE
    ../fplib/feqf.s                          0x00000000   Number         0  feqf.o ABSOLUTE
    ../fplib/ffix.s                          0x00000000   Number         0  ffix.o ABSOLUTE
    ../fplib/ffixu.s                         0x00000000   Number         0  ffixu.o ABSOLUTE
    ../fplib/fflt.s                          0x00000000   Number         0  fflt_clz.o ABSOLUTE
    ../fplib/fleqf.s                         0x00000000   Number         0  fleqf.o ABSOLUTE
    ../fplib/fmul.s                          0x00000000   Number         0  fmul.o ABSOLUTE
    ../fplib/fnaninf.s                       0x00000000   Number         0  fnaninf.o ABSOLUTE
    ../fplib/fpinit.s                        0x00000000   Number         0  fpinit.o ABSOLUTE
    ../fplib/fretinf.s                       0x00000000   Number         0  fretinf.o ABSOLUTE
    ../fplib/frleqf.s                        0x00000000   Number         0  frleqf.o ABSOLUTE
    ../fplib/istatus.s                       0x00000000   Number         0  istatus.o ABSOLUTE
    ../fplib/printf1.s                       0x00000000   Number         0  printf1.o ABSOLUTE
    ../fplib/retnan.s                        0x00000000   Number         0  retnan.o ABSOLUTE
    ../fplib/scalbn.s                        0x00000000   Number         0  scalbn.o ABSOLUTE
    ../fplib/trapv.s                         0x00000000   Number         0  trapv.o ABSOLUTE
    ../fplib/usenofp.s                       0x00000000   Number         0  usenofp.o ABSOLUTE
    ../mathlib/asin.c                        0x00000000   Number         0  asin.o ABSOLUTE
    ../mathlib/asin.c                        0x00000000   Number         0  asin_x.o ABSOLUTE
    ../mathlib/atan.c                        0x00000000   Number         0  atan.o ABSOLUTE
    ../mathlib/atan.c                        0x00000000   Number         0  atan_x.o ABSOLUTE
    ../mathlib/atan2.c                       0x00000000   Number         0  atan2_x.o ABSOLUTE
    ../mathlib/atan2.c                       0x00000000   Number         0  atan2.o ABSOLUTE
    ../mathlib/dunder.c                      0x00000000   Number         0  dunder.o ABSOLUTE
    ../mathlib/fpclassify.c                  0x00000000   Number         0  fpclassify.o ABSOLUTE
    ../mathlib/poly.c                        0x00000000   Number         0  poly.o ABSOLUTE
    ../mathlib/qnan.c                        0x00000000   Number         0  qnan.o ABSOLUTE
    ../mathlib/sqrt.c                        0x00000000   Number         0  sqrt_x.o ABSOLUTE
    ../mathlib/sqrt.c                        0x00000000   Number         0  sqrt.o ABSOLUTE
    ..\Image\board0.c                        0x00000000   Number         0  board0.o ABSOLUTE
    ..\Image\borid_down.c                    0x00000000   Number         0  borid_down.o ABSOLUTE
    ..\Image\borid_move.c                    0x00000000   Number         0  borid_move.o ABSOLUTE
    ..\Image\borid_up.c                      0x00000000   Number         0  borid_up.o ABSOLUTE
    ..\Image\floor_map.c                     0x00000000   Number         0  floor_map.o ABSOLUTE
    ..\Image\game_voer.c                     0x00000000   Number         0  game_voer.o ABSOLUTE
    ..\Image\logo.c                          0x00000000   Number         0  logo.o ABSOLUTE
    ..\Image\ready.c                         0x00000000   Number         0  ready.o ABSOLUTE
    ..\Image\start.c                         0x00000000   Number         0  start.o ABSOLUTE
    ..\\boot\\CMSIS\\CM3\\CoreSupport\\core_cm3.c 0x00000000   Number         0  core_cm3.o ABSOLUTE
    ..\app\src\draw_bird.c                   0x00000000   Number         0  draw_bird.o ABSOLUTE
    ..\app\src\game.c                        0x00000000   Number         0  game.o ABSOLUTE
    ..\app\src\main.c                        0x00000000   Number         0  main.o ABSOLUTE
    ..\boot\CMSIS\CM3\CoreSupport\core_cm3.c 0x00000000   Number         0  core_cm3.o ABSOLUTE
    ..\boot\CMSIS\CM3\DeviceSupport\ST\STM32F10x\startup\arm\startup_stm32f10x_hd.s 0x00000000   Number         0  startup_stm32f10x_hd.o ABSOLUTE
    ..\boot\CMSIS\CM3\DeviceSupport\ST\STM32F10x\system_stm32f10x.c 0x00000000   Number         0  system_stm32f10x.o ABSOLUTE
    ..\devices\src\briupBasePeriph.c         0x00000000   Number         0  briupbaseperiph.o ABSOLUTE
    ..\devices\src\briupDelay.c              0x00000000   Number         0  briupdelay.o ABSOLUTE
    ..\devices\src\briupEXSRAM.c             0x00000000   Number         0  briupexsram.o ABSOLUTE
    ..\devices\src\briupFSMC.c               0x00000000   Number         0  briupfsmc.o ABSOLUTE
    ..\devices\src\briupIWDG.c               0x00000000   Number         0  briupiwdg.o ABSOLUTE
    ..\devices\src\briupKeyboard.c           0x00000000   Number         0  briupkeyboard.o ABSOLUTE
    ..\devices\src\briupLCD.c                0x00000000   Number         0  briuplcd.o ABSOLUTE
    ..\devices\src\briupMPU6050.c            0x00000000   Number         0  briupmpu6050.o ABSOLUTE
    ..\devices\src\briupMPUDriver.c          0x00000000   Number         0  briupmpudriver.o ABSOLUTE
    ..\devices\src\briupNVIC.c               0x00000000   Number         0  briupnvic.o ABSOLUTE
    ..\devices\src\briupRTC.c                0x00000000   Number         0  briuprtc.o ABSOLUTE
    ..\devices\src\briupSDIO.c               0x00000000   Number         0  briupsdio.o ABSOLUTE
    ..\devices\src\briupSPI.c                0x00000000   Number         0  briupspi.o ABSOLUTE
    ..\devices\src\briupTIM2.c               0x00000000   Number         0  briuptim2.o ABSOLUTE
    ..\devices\src\briupTouch.c              0x00000000   Number         0  briuptouch.o ABSOLUTE
    ..\devices\src\briupUsart.c              0x00000000   Number         0  briupusart.o ABSOLUTE
    ..\devices\src\briupVS1003.c             0x00000000   Number         0  briupvs1003.o ABSOLUTE
    ..\devices\src\inv_mpu.c                 0x00000000   Number         0  inv_mpu.o ABSOLUTE
    dc.s                                     0x00000000   Number         0  dc.o ABSOLUTE
    RESET                                    0x08000000   Section      304  startup_stm32f10x_hd.o(RESET)
    !!!main                                  0x08000130   Section        8  __main.o(!!!main)
    !!!scatter                               0x08000138   Section       52  __scatter.o(!!!scatter)
    !!handler_copy                           0x0800016c   Section       26  __scatter_copy.o(!!handler_copy)
    !!handler_zi                             0x08000188   Section       28  __scatter_zi.o(!!handler_zi)
    .ARM.Collect$$_printf_percent$$00000000  0x080001a4   Section        0  _printf_percent.o(.ARM.Collect$$_printf_percent$$00000000)
    .ARM.Collect$$_printf_percent$$00000003  0x080001a4   Section        6  _printf_f.o(.ARM.Collect$$_printf_percent$$00000003)
    .ARM.Collect$$_printf_percent$$00000009  0x080001aa   Section        6  _printf_d.o(.ARM.Collect$$_printf_percent$$00000009)
    .ARM.Collect$$_printf_percent$$0000000C  0x080001b0   Section        6  _printf_x.o(.ARM.Collect$$_printf_percent$$0000000C)
    .ARM.Collect$$_printf_percent$$00000013  0x080001b6   Section        6  _printf_c.o(.ARM.Collect$$_printf_percent$$00000013)
    .ARM.Collect$$_printf_percent$$00000017  0x080001bc   Section        4  _printf_percent_end.o(.ARM.Collect$$_printf_percent$$00000017)
    .ARM.Collect$$libinit$$00000000          0x080001c0   Section        2  libinit.o(.ARM.Collect$$libinit$$00000000)
    .ARM.Collect$$libinit$$00000002          0x080001c2   Section        0  libinit2.o(.ARM.Collect$$libinit$$00000002)
    .ARM.Collect$$libinit$$00000004          0x080001c2   Section        0  libinit2.o(.ARM.Collect$$libinit$$00000004)
    .ARM.Collect$$libinit$$0000000A          0x080001c2   Section        0  libinit2.o(.ARM.Collect$$libinit$$0000000A)
    .ARM.Collect$$libinit$$0000000C          0x080001c2   Section        0  libinit2.o(.ARM.Collect$$libinit$$0000000C)
    .ARM.Collect$$libinit$$0000000E          0x080001c2   Section        0  libinit2.o(.ARM.Collect$$libinit$$0000000E)
    .ARM.Collect$$libinit$$0000000F          0x080001c2   Section        6  libinit2.o(.ARM.Collect$$libinit$$0000000F)
    .ARM.Collect$$libinit$$00000011          0x080001c8   Section        0  libinit2.o(.ARM.Collect$$libinit$$00000011)
    .ARM.Collect$$libinit$$00000013          0x080001c8   Section        0  libinit2.o(.ARM.Collect$$libinit$$00000013)
    .ARM.Collect$$libinit$$00000015          0x080001c8   Section        0  libinit2.o(.ARM.Collect$$libinit$$00000015)
    .ARM.Collect$$libinit$$00000016          0x080001c8   Section       10  libinit2.o(.ARM.Collect$$libinit$$00000016)
    .ARM.Collect$$libinit$$00000017          0x080001d2   Section        0  libinit2.o(.ARM.Collect$$libinit$$00000017)
    .ARM.Collect$$libinit$$00000019          0x080001d2   Section        0  libinit2.o(.ARM.Collect$$libinit$$00000019)
    .ARM.Collect$$libinit$$0000001B          0x080001d2   Section        0  libinit2.o(.ARM.Collect$$libinit$$0000001B)
    .ARM.Collect$$libinit$$0000001D          0x080001d2   Section        0  libinit2.o(.ARM.Collect$$libinit$$0000001D)
    .ARM.Collect$$libinit$$0000001F          0x080001d2   Section        0  libinit2.o(.ARM.Collect$$libinit$$0000001F)
    .ARM.Collect$$libinit$$00000021          0x080001d2   Section        0  libinit2.o(.ARM.Collect$$libinit$$00000021)
    .ARM.Collect$$libinit$$00000023          0x080001d2   Section        0  libinit2.o(.ARM.Collect$$libinit$$00000023)
    .ARM.Collect$$libinit$$00000025          0x080001d2   Section        0  libinit2.o(.ARM.Collect$$libinit$$00000025)
    .ARM.Collect$$libinit$$0000002C          0x080001d2   Section        0  libinit2.o(.ARM.Collect$$libinit$$0000002C)
    .ARM.Collect$$libinit$$0000002E          0x080001d2   Section        0  libinit2.o(.ARM.Collect$$libinit$$0000002E)
    .ARM.Collect$$libinit$$00000030          0x080001d2   Section        0  libinit2.o(.ARM.Collect$$libinit$$00000030)
    .ARM.Collect$$libinit$$00000032          0x080001d2   Section        0  libinit2.o(.ARM.Collect$$libinit$$00000032)
    .ARM.Collect$$libinit$$00000033          0x080001d2   Section        2  libinit2.o(.ARM.Collect$$libinit$$00000033)
    .ARM.Collect$$libshutdown$$00000000      0x080001d4   Section        2  libshutdown.o(.ARM.Collect$$libshutdown$$00000000)
    .ARM.Collect$$libshutdown$$00000003      0x080001d6   Section        0  libshutdown2.o(.ARM.Collect$$libshutdown$$00000003)
    .ARM.Collect$$libshutdown$$00000006      0x080001d6   Section        0  libshutdown2.o(.ARM.Collect$$libshutdown$$00000006)
    .ARM.Collect$$libshutdown$$00000009      0x080001d6   Section        0  libshutdown2.o(.ARM.Collect$$libshutdown$$00000009)
    .ARM.Collect$$libshutdown$$0000000B      0x080001d6   Section        0  libshutdown2.o(.ARM.Collect$$libshutdown$$0000000B)
    .ARM.Collect$$libshutdown$$0000000E      0x080001d6   Section        0  libshutdown2.o(.ARM.Collect$$libshutdown$$0000000E)
    .ARM.Collect$$libshutdown$$0000000F      0x080001d6   Section        2  libshutdown2.o(.ARM.Collect$$libshutdown$$0000000F)
    .ARM.Collect$$rtentry$$00000000          0x080001d8   Section        0  __rtentry.o(.ARM.Collect$$rtentry$$00000000)
    .ARM.Collect$$rtentry$$00000002          0x080001d8   Section        0  __rtentry2.o(.ARM.Collect$$rtentry$$00000002)
    .ARM.Collect$$rtentry$$00000004          0x080001d8   Section        6  __rtentry4.o(.ARM.Collect$$rtentry$$00000004)
    .ARM.Collect$$rtentry$$00000009          0x080001de   Section        0  __rtentry2.o(.ARM.Collect$$rtentry$$00000009)
    .ARM.Collect$$rtentry$$0000000A          0x080001de   Section        4  __rtentry2.o(.ARM.Collect$$rtentry$$0000000A)
    .ARM.Collect$$rtentry$$0000000C          0x080001e2   Section        0  __rtentry2.o(.ARM.Collect$$rtentry$$0000000C)
    .ARM.Collect$$rtentry$$0000000D          0x080001e2   Section        8  __rtentry2.o(.ARM.Collect$$rtentry$$0000000D)
    .ARM.Collect$$rtexit$$00000000           0x080001ea   Section        2  rtexit.o(.ARM.Collect$$rtexit$$00000000)
    .ARM.Collect$$rtexit$$00000002           0x080001ec   Section        0  rtexit2.o(.ARM.Collect$$rtexit$$00000002)
    .ARM.Collect$$rtexit$$00000003           0x080001ec   Section        4  rtexit2.o(.ARM.Collect$$rtexit$$00000003)
    .ARM.Collect$$rtexit$$00000004           0x080001f0   Section        6  rtexit2.o(.ARM.Collect$$rtexit$$00000004)
    .text                                    0x080001f8   Section       64  startup_stm32f10x_hd.o(.text)
    .text                                    0x08000238   Section        0  noretval__2printf.o(.text)
    .text                                    0x08000250   Section        0  _printf_str.o(.text)
    .text                                    0x080002a4   Section        0  _printf_dec.o(.text)
    .text                                    0x0800031c   Section        0  _printf_hex_int.o(.text)
    .text                                    0x08000374   Section        0  __printf_flags_wp.o(.text)
    .text                                    0x080004ac   Section        0  heapauxi.o(.text)
    .text                                    0x080004b2   Section        0  _rserrno.o(.text)
    .text                                    0x080004c8   Section        0  _printf_intcommon.o(.text)
    .text                                    0x0800057a   Section        0  _printf_fp_dec.o(.text)
    _fp_digits                               0x0800057d   Thumb Code   428  _printf_fp_dec.o(.text)
    .text                                    0x08000994   Section        0  _printf_char.o(.text)
    .text                                    0x080009c0   Section        0  _printf_char_file.o(.text)
    .text                                    0x080009e4   Section        8  rt_locale_intlibspace.o(.text)
    .text                                    0x080009ec   Section        8  rt_errno_addr_intlibspace.o(.text)
    .text                                    0x080009f4   Section      138  lludiv10.o(.text)
    .text                                    0x08000a80   Section        0  _printf_char_common.o(.text)
    _printf_input_char                       0x08000a81   Thumb Code    10  _printf_char_common.o(.text)
    .text                                    0x08000ab0   Section        0  _printf_fp_infnan.o(.text)
    .text                                    0x08000b30   Section        0  bigflt0.o(.text)
    .text                                    0x08000c0c   Section        0  ferror.o(.text)
    .text                                    0x08000c14   Section        8  libspace.o(.text)
    .text                                    0x08000c1c   Section       74  sys_stackheap_outer.o(.text)
    .text                                    0x08000c66   Section        0  exit.o(.text)
    .text                                    0x08000c74   Section      128  strcmpv7m.o(.text)
    CL$$btod_d2e                             0x08000cf4   Section       62  btod.o(CL$$btod_d2e)
    CL$$btod_d2e_denorm_low                  0x08000d32   Section       70  btod.o(CL$$btod_d2e_denorm_low)
    CL$$btod_d2e_norm_op1                    0x08000d78   Section       96  btod.o(CL$$btod_d2e_norm_op1)
    CL$$btod_div_common                      0x08000dd8   Section      824  btod.o(CL$$btod_div_common)
    CL$$btod_e2e                             0x08001110   Section      198  btod.o(CL$$btod_e2e)
    CL$$btod_ediv                            0x080011d6   Section       40  btod.o(CL$$btod_ediv)
    CL$$btod_emul                            0x080011fe   Section       40  btod.o(CL$$btod_emul)
    CL$$btod_mult_common                     0x08001226   Section      580  btod.o(CL$$btod_mult_common)
    i.CmdResp1Error                          0x0800146c   Section        0  briupsdio.o(i.CmdResp1Error)
    i.EXTI15_10_IRQHandler                   0x080014c4   Section        0  briupkeyboard.o(i.EXTI15_10_IRQHandler)
    i.EXTI4_IRQHandler                       0x080014d8   Section        0  briupkeyboard.o(i.EXTI4_IRQHandler)
    i.EXTI9_5_IRQHandler                     0x080014ec   Section        0  briupkeyboard.o(i.EXTI9_5_IRQHandler)
    i.FSMC_SRAM_init                         0x08001538   Section        0  briupexsram.o(i.FSMC_SRAM_init)
    i.LCD_RD_DATA                            0x08001694   Section        0  briuplcd.o(i.LCD_RD_DATA)
    i.LCD_WR_DATA                            0x080016a0   Section        0  briuplcd.o(i.LCD_WR_DATA)
    i.LCD_WR_REG                             0x080016ac   Section        0  briuplcd.o(i.LCD_WR_REG)
    i.LCD_WriteReg                           0x080016b8   Section        0  briuplcd.o(i.LCD_WriteReg)
    i.SDIO_IRQHandler                        0x080016c8   Section        0  briupsdio.o(i.SDIO_IRQHandler)
    i.SDIO_Send_Cmd                          0x080016d0   Section        0  briupsdio.o(i.SDIO_Send_Cmd)
    i.SD_ProcessIRQSrc                       0x08001710   Section        0  briupsdio.o(i.SD_ProcessIRQSrc)
    i.SetSysClock                            0x08001858   Section        0  system_stm32f10x.o(i.SetSysClock)
    SetSysClock                              0x08001859   Thumb Code     8  system_stm32f10x.o(i.SetSysClock)
    i.SetSysClockTo72                        0x08001860   Section        0  system_stm32f10x.o(i.SetSysClockTo72)
    SetSysClockTo72                          0x08001861   Thumb Code   214  system_stm32f10x.o(i.SetSysClockTo72)
    i.SystemInit                             0x08001940   Section        0  system_stm32f10x.o(i.SystemInit)
    i.TIM2_IRQHandler                        0x080019a0   Section        0  briuptim2.o(i.TIM2_IRQHandler)
    i.USART1_IRQHandler                      0x080019d4   Section        0  briupusart.o(i.USART1_IRQHandler)
    i.__ARM_fpclassify                       0x08001a08   Section        0  fpclassify.o(i.__ARM_fpclassify)
    i._delay_init                            0x08001a30   Section        0  briupdelay.o(i._delay_init)
    i._delay_ms                              0x08001a5c   Section        0  briupdelay.o(i._delay_ms)
    i._delay_us                              0x08001aa4   Section        0  briupdelay.o(i._delay_us)
    i._is_digit                              0x08001aec   Section        0  __printf_wp.o(i._is_digit)
    i._sys_exit                              0x08001afa   Section        0  briupusart.o(i._sys_exit)
    i.basePeriphInit                         0x08001b00   Section        0  briupbaseperiph.o(i.basePeriphInit)
    i.briupFSMCInit                          0x08001b5c   Section        0  briupfsmc.o(i.briupFSMCInit)
    i.briupKeyInit                           0x08001c5c   Section        0  briupkeyboard.o(i.briupKeyInit)
    i.briupLcdClear                          0x08001cd4   Section        0  briuplcd.o(i.briupLcdClear)
    i.briupLcdFastDrawDirection              0x08001d04   Section        0  briuplcd.o(i.briupLcdFastDrawDirection)
    i.briupLcdImageDraw                      0x08001f54   Section        0  briuplcd.o(i.briupLcdImageDraw)
    i.briupLcdImageInit                      0x08002174   Section        0  briuplcd.o(i.briupLcdImageInit)
    i.briupLcdInit                           0x08002190   Section        0  briuplcd.o(i.briupLcdInit)
    i.briupNVICGroupInit                     0x08002438   Section        0  briupnvic.o(i.briupNVICGroupInit)
    i.briupNVICPriorityConfig                0x08002468   Section        0  briupnvic.o(i.briupNVICPriorityConfig)
    i.briupUsart1Init                        0x080024c4   Section        0  briupusart.o(i.briupUsart1Init)
    i.draw_bird                              0x080025a0   Section        0  draw_bird.o(i.draw_bird)
    i.fputc                                  0x0800261c   Section        0  briupusart.o(i.fputc)
    i.game_Init                              0x08002638   Section        0  game.o(i.game_Init)
    i.lcdDrawChr                             0x080026e4   Section        0  briuplcd.o(i.lcdDrawChr)
    i.lcdDrawLine                            0x080027bc   Section        0  briuplcd.o(i.lcdDrawLine)
    i.lcdDrawPoint                           0x08002840   Section        0  briuplcd.o(i.lcdDrawPoint)
    i.lcdDrawRect                            0x08002864   Section        0  briuplcd.o(i.lcdDrawRect)
    i.lcdDrawStr                             0x08002904   Section        0  briuplcd.o(i.lcdDrawStr)
    i.lcdSetCursor                           0x08002984   Section        0  briuplcd.o(i.lcdSetCursor)
    i.lcdSetWindow                           0x080029c0   Section        0  briuplcd.o(i.lcdSetWindow)
    i.main                                   0x08002a00   Section        0  main.o(i.main)
    i.resetBeep                              0x08002a0c   Section        0  briupbaseperiph.o(i.resetBeep)
    i.resetLed                               0x08002a20   Section        0  briupbaseperiph.o(i.resetLed)
    i.resetRelay                             0x08002a30   Section        0  briupbaseperiph.o(i.resetRelay)
    i.setBeep                                0x08002a60   Section        0  briupbaseperiph.o(i.setBeep)
    i.setLed                                 0x08002a74   Section        0  briupbaseperiph.o(i.setLed)
    i.sqrt                                   0x08002a84   Section        0  sqrt.o(i.sqrt)
    i.tp_adjust                              0x08002ad0   Section        0  briuptouch.o(i.tp_adjust)
    i.tp_drawAdjustPoint                     0x08003174   Section        0  briuptouch.o(i.tp_drawAdjustPoint)
    i.tp_init                                0x080031e4   Section        0  briuptouch.o(i.tp_init)
    i.tp_printAdjustInfo                     0x080032b8   Section        0  briuptouch.o(i.tp_printAdjustInfo)
    i.tp_readAD                              0x08003350   Section        0  briuptouch.o(i.tp_readAD)
    i.tp_readXandY                           0x08003404   Section        0  briuptouch.o(i.tp_readXandY)
    i.tp_readXandY2                          0x08003434   Section        0  briuptouch.o(i.tp_readXandY2)
    i.tp_readXorY                            0x080034f4   Section        0  briuptouch.o(i.tp_readXorY)
    i.tp_scan                                0x0800356c   Section        0  briuptouch.o(i.tp_scan)
    i.tp_spiWbyte                            0x0800366c   Section        0  briuptouch.o(i.tp_spiWbyte)
    i.usart1GetChar                          0x080036c0   Section        0  briupusart.o(i.usart1GetChar)
    locale$$code                             0x080036dc   Section       44  lc_numeric_c.o(locale$$code)
    x$fpl$dadd                               0x08003708   Section      336  daddsub_clz.o(x$fpl$dadd)
    _dadd1                                   0x08003719   Thumb Code     0  daddsub_clz.o(x$fpl$dadd)
    x$fpl$dcmpinf                            0x08003858   Section       24  dcmpi.o(x$fpl$dcmpinf)
    x$fpl$ddiv                               0x08003870   Section      688  ddiv.o(x$fpl$ddiv)
    ddiv_entry                               0x08003877   Thumb Code     0  ddiv.o(x$fpl$ddiv)
    x$fpl$dfixu                              0x08003b20   Section       90  dfixu.o(x$fpl$dfixu)
    x$fpl$dfltu                              0x08003b7a   Section       38  dflt_clz.o(x$fpl$dfltu)
    x$fpl$dleqf                              0x08003ba0   Section      120  dleqf.o(x$fpl$dleqf)
    x$fpl$dmul                               0x08003c18   Section      340  dmul.o(x$fpl$dmul)
    x$fpl$dnaninf                            0x08003d6c   Section      156  dnaninf.o(x$fpl$dnaninf)
    x$fpl$dretinf                            0x08003e08   Section       12  dretinf.o(x$fpl$dretinf)
    x$fpl$drleqf                             0x08003e14   Section      108  drleqf.o(x$fpl$drleqf)
    x$fpl$drsb                               0x08003e80   Section       22  daddsub_clz.o(x$fpl$drsb)
    x$fpl$dsqrt                              0x08003e98   Section      460  dsqrt_noumaal.o(x$fpl$dsqrt)
    x$fpl$dsub                               0x08004064   Section      468  daddsub_clz.o(x$fpl$dsub)
    _dsub1                                   0x08004075   Thumb Code     0  daddsub_clz.o(x$fpl$dsub)
    x$fpl$f2d                                0x08004238   Section       86  f2d.o(x$fpl$f2d)
    x$fpl$fadd                               0x08004290   Section      196  faddsub_clz.o(x$fpl$fadd)
    _fadd1                                   0x0800429f   Thumb Code     0  faddsub_clz.o(x$fpl$fadd)
    x$fpl$fdiv                               0x08004354   Section      388  fdiv.o(x$fpl$fdiv)
    _fdiv1                                   0x08004355   Thumb Code     0  fdiv.o(x$fpl$fdiv)
    x$fpl$ffix                               0x080044d8   Section       54  ffix.o(x$fpl$ffix)
    x$fpl$ffixu                              0x08004510   Section       62  ffixu.o(x$fpl$ffixu)
    x$fpl$fflt                               0x08004550   Section       48  fflt_clz.o(x$fpl$fflt)
    x$fpl$ffltu                              0x08004580   Section       38  fflt_clz.o(x$fpl$ffltu)
    x$fpl$fmul                               0x080045a8   Section      258  fmul.o(x$fpl$fmul)
    x$fpl$fnaninf                            0x080046aa   Section      140  fnaninf.o(x$fpl$fnaninf)
    x$fpl$fretinf                            0x08004736   Section       10  fretinf.o(x$fpl$fretinf)
    x$fpl$frsb                               0x08004740   Section       20  faddsub_clz.o(x$fpl$frsb)
    x$fpl$fsub                               0x08004754   Section      234  faddsub_clz.o(x$fpl$fsub)
    _fsub1                                   0x08004763   Thumb Code     0  faddsub_clz.o(x$fpl$fsub)
    x$fpl$printf1                            0x0800483e   Section        4  printf1.o(x$fpl$printf1)
    .constdata                               0x08004842   Section     1632  borid_down.o(.constdata)
    x$fpl$usenofp                            0x08004842   Section        0  usenofp.o(x$fpl$usenofp)
    .constdata                               0x08004ea2   Section     1632  borid_move.o(.constdata)
    .constdata                               0x08005502   Section     1632  borid_up.o(.constdata)
    .constdata                               0x08005b62   Section    17088  logo.o(.constdata)
    .constdata                               0x08009e22   Section    12064  start.o(.constdata)
    .constdata                               0x0800cd42   Section     8740  briuplcd.o(.constdata)
    .constdata                               0x0800ef66   Section       40  _printf_hex_int.o(.constdata)
    uc_hextab                                0x0800ef66   Data          20  _printf_hex_int.o(.constdata)
    lc_hextab                                0x0800ef7a   Data          20  _printf_hex_int.o(.constdata)
    .constdata                               0x0800ef8e   Section       17  __printf_flags_wp.o(.constdata)
    maptable                                 0x0800ef8e   Data          17  __printf_flags_wp.o(.constdata)
    .constdata                               0x0800efa0   Section      148  bigflt0.o(.constdata)
    tenpwrs_x                                0x0800efa0   Data          60  bigflt0.o(.constdata)
    tenpwrs_i                                0x0800efdc   Data          64  bigflt0.o(.constdata)
    locale$$data                             0x0800f054   Section       28  lc_numeric_c.o(locale$$data)
    __lcnum_c_name                           0x0800f058   Data           2  lc_numeric_c.o(locale$$data)
    __lcnum_c_start                          0x0800f060   Data           0  lc_numeric_c.o(locale$$data)
    __lcnum_c_point                          0x0800f06c   Data           0  lc_numeric_c.o(locale$$data)
    __lcnum_c_thousands                      0x0800f06e   Data           0  lc_numeric_c.o(locale$$data)
    __lcnum_c_grouping                       0x0800f06f   Data           0  lc_numeric_c.o(locale$$data)
    __lcnum_c_end                            0x0800f070   Data           0  lc_numeric_c.o(locale$$data)
    .data                                    0x20000000   Section        8  briupdelay.o(.data)
    fac_us                                   0x20000000   Data           4  briupdelay.o(.data)
    fac_ms                                   0x20000004   Data           4  briupdelay.o(.data)
    .data                                    0x20000008   Section        4  briuplcd.o(.data)
    .data                                    0x2000000c   Section        1  briupnvic.o(.data)
    NVIC_Group                               0x2000000c   Data           1  briupnvic.o(.data)
    .data                                    0x20000010   Section       12  briupsdio.o(.data)
    CardType                                 0x20000010   Data           1  briupsdio.o(.data)
    RCA                                      0x20000014   Data           4  briupsdio.o(.data)
    DeviceMode                               0x20000018   Data           1  briupsdio.o(.data)
    StopCondition                            0x20000019   Data           1  briupsdio.o(.data)
    .data                                    0x2000001c   Section        1  briuptim2.o(.data)
    BeepFlag                                 0x2000001c   Data           1  briuptim2.o(.data)
    .data                                    0x20000020   Section       40  briuptouch.o(.data)
    t_pad                                    0x20000020   Data          40  briuptouch.o(.data)
    .data                                    0x20000048   Section        4  briupusart.o(.data)
    .bss                                     0x2000004c   Section       40  game.o(.bss)
    .bss                                     0x20000074   Section       60  draw_bird.o(.bss)
    .bss                                     0x200000b0   Section       10  briuplcd.o(.bss)
    .bss                                     0x200000bc   Section       96  libspace.o(.bss)
    HEAP                                     0x20000120   Section      512  startup_stm32f10x_hd.o(HEAP)
    Heap_Mem                                 0x20000120   Data         512  startup_stm32f10x_hd.o(HEAP)
    STACK                                    0x20000320   Section     1024  startup_stm32f10x_hd.o(STACK)
    Stack_Mem                                0x20000320   Data        1024  startup_stm32f10x_hd.o(STACK)
    __initial_sp                             0x20000720   Data           0  startup_stm32f10x_hd.o(STACK)

    Global Symbols

    Symbol Name                              Value     Ov Type        Size  Object(Section)

    BuildAttributes$$THM_ISAv4$P$D$K$B$S$PE$A:L22UL41UL21$X:L11$S22US41US21$IEEE1$IW$USESV6$~STKCKD$USESV7$~SHL$OTIME$ROPI$IEEEX$EBA8$UX$STANDARDLIB$REQ8$PRES8$EABIv2 0x00000000   Number         0  anon$$obj.o ABSOLUTE
    __ARM_use_no_argv                        0x00000000   Number         0  main.o ABSOLUTE
    _printf_flags                            0x00000000   Number         0  printf_stubs.o ABSOLUTE
    _printf_return_value                     0x00000000   Number         0  printf_stubs.o ABSOLUTE
    _printf_sizespec                         0x00000000   Number         0  printf_stubs.o ABSOLUTE
    _printf_widthprec                        0x00000000   Number         0  printf_stubs.o ABSOLUTE
    __ARM_exceptions_init                     - Undefined Weak Reference
    __alloca_initialize                       - Undefined Weak Reference
    __arm_preinit_                            - Undefined Weak Reference
    __cpp_initialize__aeabi_                  - Undefined Weak Reference
    __cxa_finalize                            - Undefined Weak Reference
    __sigvec_lookup                           - Undefined Weak Reference
    _atexit_init                              - Undefined Weak Reference
    _call_atexit_fns                          - Undefined Weak Reference
    _clock_init                               - Undefined Weak Reference
    _fp_trap_init                             - Undefined Weak Reference
    _fp_trap_shutdown                         - Undefined Weak Reference
    _get_lc_collate                           - Undefined Weak Reference
    _get_lc_ctype                             - Undefined Weak Reference
    _get_lc_monetary                          - Undefined Weak Reference
    _get_lc_time                              - Undefined Weak Reference
    _getenv_init                              - Undefined Weak Reference
    _handle_redirection                       - Undefined Weak Reference
    _init_alloc                               - Undefined Weak Reference
    _init_user_alloc                          - Undefined Weak Reference
    _initio                                   - Undefined Weak Reference
    _mutex_acquire                            - Undefined Weak Reference
    _mutex_release                            - Undefined Weak Reference
    _printf_mbtowc                            - Undefined Weak Reference
    _printf_truncate_signed                   - Undefined Weak Reference
    _printf_truncate_unsigned                 - Undefined Weak Reference
    _rand_init                                - Undefined Weak Reference
    _signal_finish                            - Undefined Weak Reference
    _signal_init                              - Undefined Weak Reference
    _terminate_alloc                          - Undefined Weak Reference
    _terminate_user_alloc                     - Undefined Weak Reference
    _terminateio                              - Undefined Weak Reference
    __Vectors_Size                           0x00000130   Number         0  startup_stm32f10x_hd.o ABSOLUTE
    __Vectors                                0x08000000   Data           4  startup_stm32f10x_hd.o(RESET)
    __Vectors_End                            0x08000130   Data           0  startup_stm32f10x_hd.o(RESET)
    __main                                   0x08000131   Thumb Code     8  __main.o(!!!main)
    __scatterload                            0x08000139   Thumb Code     0  __scatter.o(!!!scatter)
    __scatterload_rt2                        0x08000139   Thumb Code    44  __scatter.o(!!!scatter)
    __scatterload_rt2_thumb_only             0x08000139   Thumb Code     0  __scatter.o(!!!scatter)
    __scatterload_null                       0x08000147   Thumb Code     0  __scatter.o(!!!scatter)
    __scatterload_copy                       0x0800016d   Thumb Code    26  __scatter_copy.o(!!handler_copy)
    __scatterload_zeroinit                   0x08000189   Thumb Code    28  __scatter_zi.o(!!handler_zi)
    _printf_f                                0x080001a5   Thumb Code     0  _printf_f.o(.ARM.Collect$$_printf_percent$$00000003)
    _printf_percent                          0x080001a5   Thumb Code     0  _printf_percent.o(.ARM.Collect$$_printf_percent$$00000000)
    _printf_d                                0x080001ab   Thumb Code     0  _printf_d.o(.ARM.Collect$$_printf_percent$$00000009)
    _printf_x                                0x080001b1   Thumb Code     0  _printf_x.o(.ARM.Collect$$_printf_percent$$0000000C)
    _printf_c                                0x080001b7   Thumb Code     0  _printf_c.o(.ARM.Collect$$_printf_percent$$00000013)
    _printf_percent_end                      0x080001bd   Thumb Code     0  _printf_percent_end.o(.ARM.Collect$$_printf_percent$$00000017)
    __rt_lib_init                            0x080001c1   Thumb Code     0  libinit.o(.ARM.Collect$$libinit$$00000000)
    __rt_lib_init_fp_1                       0x080001c3   Thumb Code     0  libinit2.o(.ARM.Collect$$libinit$$00000002)
    __rt_lib_init_heap_1                     0x080001c3   Thumb Code     0  libinit2.o(.ARM.Collect$$libinit$$0000000A)
    __rt_lib_init_lc_common                  0x080001c3   Thumb Code     0  libinit2.o(.ARM.Collect$$libinit$$0000000F)
    __rt_lib_init_preinit_1                  0x080001c3   Thumb Code     0  libinit2.o(.ARM.Collect$$libinit$$00000004)
    __rt_lib_init_rand_1                     0x080001c3   Thumb Code     0  libinit2.o(.ARM.Collect$$libinit$$0000000E)
    __rt_lib_init_user_alloc_1               0x080001c3   Thumb Code     0  libinit2.o(.ARM.Collect$$libinit$$0000000C)
    __rt_lib_init_lc_collate_1               0x080001c9   Thumb Code     0  libinit2.o(.ARM.Collect$$libinit$$00000011)
    __rt_lib_init_lc_ctype_1                 0x080001c9   Thumb Code     0  libinit2.o(.ARM.Collect$$libinit$$00000013)
    __rt_lib_init_lc_monetary_1              0x080001c9   Thumb Code     0  libinit2.o(.ARM.Collect$$libinit$$00000015)
    __rt_lib_init_lc_numeric_2               0x080001c9   Thumb Code     0  libinit2.o(.ARM.Collect$$libinit$$00000016)
    __rt_lib_init_alloca_1                   0x080001d3   Thumb Code     0  libinit2.o(.ARM.Collect$$libinit$$0000002E)
    __rt_lib_init_argv_1                     0x080001d3   Thumb Code     0  libinit2.o(.ARM.Collect$$libinit$$0000002C)
    __rt_lib_init_atexit_1                   0x080001d3   Thumb Code     0  libinit2.o(.ARM.Collect$$libinit$$0000001B)
    __rt_lib_init_clock_1                    0x080001d3   Thumb Code     0  libinit2.o(.ARM.Collect$$libinit$$00000021)
    __rt_lib_init_cpp_1                      0x080001d3   Thumb Code     0  libinit2.o(.ARM.Collect$$libinit$$00000032)
    __rt_lib_init_exceptions_1               0x080001d3   Thumb Code     0  libinit2.o(.ARM.Collect$$libinit$$00000030)
    __rt_lib_init_fp_trap_1                  0x080001d3   Thumb Code     0  libinit2.o(.ARM.Collect$$libinit$$0000001F)
    __rt_lib_init_getenv_1                   0x080001d3   Thumb Code     0  libinit2.o(.ARM.Collect$$libinit$$00000023)
    __rt_lib_init_lc_numeric_1               0x080001d3   Thumb Code     0  libinit2.o(.ARM.Collect$$libinit$$00000017)
    __rt_lib_init_lc_time_1                  0x080001d3   Thumb Code     0  libinit2.o(.ARM.Collect$$libinit$$00000019)
    __rt_lib_init_return                     0x080001d3   Thumb Code     0  libinit2.o(.ARM.Collect$$libinit$$00000033)
    __rt_lib_init_signal_1                   0x080001d3   Thumb Code     0  libinit2.o(.ARM.Collect$$libinit$$0000001D)
    __rt_lib_init_stdio_1                    0x080001d3   Thumb Code     0  libinit2.o(.ARM.Collect$$libinit$$00000025)
    __rt_lib_shutdown                        0x080001d5   Thumb Code     0  libshutdown.o(.ARM.Collect$$libshutdown$$00000000)
    __rt_lib_shutdown_fp_trap_1              0x080001d7   Thumb Code     0  libshutdown2.o(.ARM.Collect$$libshutdown$$00000006)
    __rt_lib_shutdown_heap_1                 0x080001d7   Thumb Code     0  libshutdown2.o(.ARM.Collect$$libshutdown$$0000000E)
    __rt_lib_shutdown_return                 0x080001d7   Thumb Code     0  libshutdown2.o(.ARM.Collect$$libshutdown$$0000000F)
    __rt_lib_shutdown_signal_1               0x080001d7   Thumb Code     0  libshutdown2.o(.ARM.Collect$$libshutdown$$00000009)
    __rt_lib_shutdown_stdio_1                0x080001d7   Thumb Code     0  libshutdown2.o(.ARM.Collect$$libshutdown$$00000003)
    __rt_lib_shutdown_user_alloc_1           0x080001d7   Thumb Code     0  libshutdown2.o(.ARM.Collect$$libshutdown$$0000000B)
    __rt_entry                               0x080001d9   Thumb Code     0  __rtentry.o(.ARM.Collect$$rtentry$$00000000)
    __rt_entry_presh_1                       0x080001d9   Thumb Code     0  __rtentry2.o(.ARM.Collect$$rtentry$$00000002)
    __rt_entry_sh                            0x080001d9   Thumb Code     0  __rtentry4.o(.ARM.Collect$$rtentry$$00000004)
    __rt_entry_li                            0x080001df   Thumb Code     0  __rtentry2.o(.ARM.Collect$$rtentry$$0000000A)
    __rt_entry_postsh_1                      0x080001df   Thumb Code     0  __rtentry2.o(.ARM.Collect$$rtentry$$00000009)
    __rt_entry_main                          0x080001e3   Thumb Code     0  __rtentry2.o(.ARM.Collect$$rtentry$$0000000D)
    __rt_entry_postli_1                      0x080001e3   Thumb Code     0  __rtentry2.o(.ARM.Collect$$rtentry$$0000000C)
    __rt_exit                                0x080001eb   Thumb Code     0  rtexit.o(.ARM.Collect$$rtexit$$00000000)
    __rt_exit_ls                             0x080001ed   Thumb Code     0  rtexit2.o(.ARM.Collect$$rtexit$$00000003)
    __rt_exit_prels_1                        0x080001ed   Thumb Code     0  rtexit2.o(.ARM.Collect$$rtexit$$00000002)
    __rt_exit_exit                           0x080001f1   Thumb Code     0  rtexit2.o(.ARM.Collect$$rtexit$$00000004)
    Reset_Handler                            0x080001f9   Thumb Code     8  startup_stm32f10x_hd.o(.text)
    NMI_Handler                              0x08000201   Thumb Code     2  startup_stm32f10x_hd.o(.text)
    HardFault_Handler                        0x08000203   Thumb Code     2  startup_stm32f10x_hd.o(.text)
    MemManage_Handler                        0x08000205   Thumb Code     2  startup_stm32f10x_hd.o(.text)
    BusFault_Handler                         0x08000207   Thumb Code     2  startup_stm32f10x_hd.o(.text)
    UsageFault_Handler                       0x08000209   Thumb Code     2  startup_stm32f10x_hd.o(.text)
    SVC_Handler                              0x0800020b   Thumb Code     2  startup_stm32f10x_hd.o(.text)
    DebugMon_Handler                         0x0800020d   Thumb Code     2  startup_stm32f10x_hd.o(.text)
    PendSV_Handler                           0x0800020f   Thumb Code     2  startup_stm32f10x_hd.o(.text)
    SysTick_Handler                          0x08000211   Thumb Code     2  startup_stm32f10x_hd.o(.text)
    ADC1_2_IRQHandler                        0x08000213   Thumb Code     0  startup_stm32f10x_hd.o(.text)
    ADC3_IRQHandler                          0x08000213   Thumb Code     0  startup_stm32f10x_hd.o(.text)
    CAN1_RX1_IRQHandler                      0x08000213   Thumb Code     0  startup_stm32f10x_hd.o(.text)
    CAN1_SCE_IRQHandler                      0x08000213   Thumb Code     0  startup_stm32f10x_hd.o(.text)
    DMA1_Channel1_IRQHandler                 0x08000213   Thumb Code     0  startup_stm32f10x_hd.o(.text)
    DMA1_Channel2_IRQHandler                 0x08000213   Thumb Code     0  startup_stm32f10x_hd.o(.text)
    DMA1_Channel3_IRQHandler                 0x08000213   Thumb Code     0  startup_stm32f10x_hd.o(.text)
    DMA1_Channel4_IRQHandler                 0x08000213   Thumb Code     0  startup_stm32f10x_hd.o(.text)
    DMA1_Channel5_IRQHandler                 0x08000213   Thumb Code     0  startup_stm32f10x_hd.o(.text)
    DMA1_Channel6_IRQHandler                 0x08000213   Thumb Code     0  startup_stm32f10x_hd.o(.text)
    DMA1_Channel7_IRQHandler                 0x08000213   Thumb Code     0  startup_stm32f10x_hd.o(.text)
    DMA2_Channel1_IRQHandler                 0x08000213   Thumb Code     0  startup_stm32f10x_hd.o(.text)
    DMA2_Channel2_IRQHandler                 0x08000213   Thumb Code     0  startup_stm32f10x_hd.o(.text)
    DMA2_Channel3_IRQHandler                 0x08000213   Thumb Code     0  startup_stm32f10x_hd.o(.text)
    DMA2_Channel4_5_IRQHandler               0x08000213   Thumb Code     0  startup_stm32f10x_hd.o(.text)
    EXTI0_IRQHandler                         0x08000213   Thumb Code     0  startup_stm32f10x_hd.o(.text)
    EXTI1_IRQHandler                         0x08000213   Thumb Code     0  startup_stm32f10x_hd.o(.text)
    EXTI2_IRQHandler                         0x08000213   Thumb Code     0  startup_stm32f10x_hd.o(.text)
    EXTI3_IRQHandler                         0x08000213   Thumb Code     0  startup_stm32f10x_hd.o(.text)
    FLASH_IRQHandler                         0x08000213   Thumb Code     0  startup_stm32f10x_hd.o(.text)
    FSMC_IRQHandler                          0x08000213   Thumb Code     0  startup_stm32f10x_hd.o(.text)
    I2C1_ER_IRQHandler                       0x08000213   Thumb Code     0  startup_stm32f10x_hd.o(.text)
    I2C1_EV_IRQHandler                       0x08000213   Thumb Code     0  startup_stm32f10x_hd.o(.text)
    I2C2_ER_IRQHandler                       0x08000213   Thumb Code     0  startup_stm32f10x_hd.o(.text)
    I2C2_EV_IRQHandler                       0x08000213   Thumb Code     0  startup_stm32f10x_hd.o(.text)
    PVD_IRQHandler                           0x08000213   Thumb Code     0  startup_stm32f10x_hd.o(.text)
    RCC_IRQHandler                           0x08000213   Thumb Code     0  startup_stm32f10x_hd.o(.text)
    RTCAlarm_IRQHandler                      0x08000213   Thumb Code     0  startup_stm32f10x_hd.o(.text)
    RTC_IRQHandler                           0x08000213   Thumb Code     0  startup_stm32f10x_hd.o(.text)
    SPI1_IRQHandler                          0x08000213   Thumb Code     0  startup_stm32f10x_hd.o(.text)
    SPI2_IRQHandler                          0x08000213   Thumb Code     0  startup_stm32f10x_hd.o(.text)
    SPI3_IRQHandler                          0x08000213   Thumb Code     0  startup_stm32f10x_hd.o(.text)
    TAMPER_IRQHandler                        0x08000213   Thumb Code     0  startup_stm32f10x_hd.o(.text)
    TIM1_BRK_IRQHandler                      0x08000213   Thumb Code     0  startup_stm32f10x_hd.o(.text)
    TIM1_CC_IRQHandler                       0x08000213   Thumb Code     0  startup_stm32f10x_hd.o(.text)
    TIM1_TRG_COM_IRQHandler                  0x08000213   Thumb Code     0  startup_stm32f10x_hd.o(.text)
    TIM1_UP_IRQHandler                       0x08000213   Thumb Code     0  startup_stm32f10x_hd.o(.text)
    TIM3_IRQHandler                          0x08000213   Thumb Code     0  startup_stm32f10x_hd.o(.text)
    TIM4_IRQHandler                          0x08000213   Thumb Code     0  startup_stm32f10x_hd.o(.text)
    TIM5_IRQHandler                          0x08000213   Thumb Code     0  startup_stm32f10x_hd.o(.text)
    TIM6_IRQHandler                          0x08000213   Thumb Code     0  startup_stm32f10x_hd.o(.text)
    TIM7_IRQHandler                          0x08000213   Thumb Code     0  startup_stm32f10x_hd.o(.text)
    TIM8_BRK_IRQHandler                      0x08000213   Thumb Code     0  startup_stm32f10x_hd.o(.text)
    TIM8_CC_IRQHandler                       0x08000213   Thumb Code     0  startup_stm32f10x_hd.o(.text)
    TIM8_TRG_COM_IRQHandler                  0x08000213   Thumb Code     0  startup_stm32f10x_hd.o(.text)
    TIM8_UP_IRQHandler                       0x08000213   Thumb Code     0  startup_stm32f10x_hd.o(.text)
    UART4_IRQHandler                         0x08000213   Thumb Code     0  startup_stm32f10x_hd.o(.text)
    UART5_IRQHandler                         0x08000213   Thumb Code     0  startup_stm32f10x_hd.o(.text)
    USART2_IRQHandler                        0x08000213   Thumb Code     0  startup_stm32f10x_hd.o(.text)
    USART3_IRQHandler                        0x08000213   Thumb Code     0  startup_stm32f10x_hd.o(.text)
    USBWakeUp_IRQHandler                     0x08000213   Thumb Code     0  startup_stm32f10x_hd.o(.text)
    USB_HP_CAN1_TX_IRQHandler                0x08000213   Thumb Code     0  startup_stm32f10x_hd.o(.text)
    USB_LP_CAN1_RX0_IRQHandler               0x08000213   Thumb Code     0  startup_stm32f10x_hd.o(.text)
    WWDG_IRQHandler                          0x08000213   Thumb Code     0  startup_stm32f10x_hd.o(.text)
    __user_initial_stackheap                 0x08000215   Thumb Code     0  startup_stm32f10x_hd.o(.text)
    __2printf                                0x08000239   Thumb Code    20  noretval__2printf.o(.text)
    _printf_str                              0x08000251   Thumb Code    82  _printf_str.o(.text)
    _printf_int_dec                          0x080002a5   Thumb Code   104  _printf_dec.o(.text)
    _printf_int_hex                          0x0800031d   Thumb Code    84  _printf_hex_int.o(.text)
    _printf_longlong_hex                     0x0800031d   Thumb Code     0  _printf_hex_int.o(.text)
    __printf                                 0x08000375   Thumb Code   308  __printf_flags_wp.o(.text)
    __use_two_region_memory                  0x080004ad   Thumb Code     2  heapauxi.o(.text)
    __rt_heap_escrow$2region                 0x080004af   Thumb Code     2  heapauxi.o(.text)
    __rt_heap_expand$2region                 0x080004b1   Thumb Code     2  heapauxi.o(.text)
    __read_errno                             0x080004b3   Thumb Code    10  _rserrno.o(.text)
    __set_errno                              0x080004bd   Thumb Code    12  _rserrno.o(.text)
    _printf_int_common                       0x080004c9   Thumb Code   178  _printf_intcommon.o(.text)
    __lib_sel_fp_printf                      0x0800057b   Thumb Code     2  _printf_fp_dec.o(.text)
    _printf_fp_dec_real                      0x08000729   Thumb Code   620  _printf_fp_dec.o(.text)
    _printf_cs_common                        0x08000995   Thumb Code    20  _printf_char.o(.text)
    _printf_char                             0x080009a9   Thumb Code    16  _printf_char.o(.text)
    _printf_string                           0x080009b9   Thumb Code     8  _printf_char.o(.text)
    _printf_char_file                        0x080009c1   Thumb Code    32  _printf_char_file.o(.text)
    __rt_locale                              0x080009e5   Thumb Code     8  rt_locale_intlibspace.o(.text)
    __aeabi_errno_addr                       0x080009ed   Thumb Code     8  rt_errno_addr_intlibspace.o(.text)
    __errno$intlibspace                      0x080009ed   Thumb Code     0  rt_errno_addr_intlibspace.o(.text)
    __rt_errno_addr$intlibspace              0x080009ed   Thumb Code     0  rt_errno_addr_intlibspace.o(.text)
    _ll_udiv10                               0x080009f5   Thumb Code   138  lludiv10.o(.text)
    _printf_char_common                      0x08000a8b   Thumb Code    32  _printf_char_common.o(.text)
    _printf_fp_infnan                        0x08000ab1   Thumb Code   112  _printf_fp_infnan.o(.text)
    _btod_etento                             0x08000b31   Thumb Code   216  bigflt0.o(.text)
    ferror                                   0x08000c0d   Thumb Code     8  ferror.o(.text)
    __user_libspace                          0x08000c15   Thumb Code     8  libspace.o(.text)
    __user_perproc_libspace                  0x08000c15   Thumb Code     0  libspace.o(.text)
    __user_perthread_libspace                0x08000c15   Thumb Code     0  libspace.o(.text)
    __user_setup_stackheap                   0x08000c1d   Thumb Code    74  sys_stackheap_outer.o(.text)
    exit                                     0x08000c67   Thumb Code    12  exit.o(.text)
    strcmp                                   0x08000c75   Thumb Code   128  strcmpv7m.o(.text)
    _btod_d2e                                0x08000cf5   Thumb Code    62  btod.o(CL$$btod_d2e)
    _d2e_denorm_low                          0x08000d33   Thumb Code    70  btod.o(CL$$btod_d2e_denorm_low)
    _d2e_norm_op1                            0x08000d79   Thumb Code    96  btod.o(CL$$btod_d2e_norm_op1)
    __btod_div_common                        0x08000dd9   Thumb Code   696  btod.o(CL$$btod_div_common)
    _e2e                                     0x08001111   Thumb Code   198  btod.o(CL$$btod_e2e)
    _btod_ediv                               0x080011d7   Thumb Code    40  btod.o(CL$$btod_ediv)
    _btod_emul                               0x080011ff   Thumb Code    40  btod.o(CL$$btod_emul)
    __btod_mult_common                       0x08001227   Thumb Code   580  btod.o(CL$$btod_mult_common)
    CmdResp1Error                            0x0800146d   Thumb Code    82  briupsdio.o(i.CmdResp1Error)
    EXTI15_10_IRQHandler                     0x080014c5   Thumb Code    14  briupkeyboard.o(i.EXTI15_10_IRQHandler)
    EXTI4_IRQHandler                         0x080014d9   Thumb Code    14  briupkeyboard.o(i.EXTI4_IRQHandler)
    EXTI9_5_IRQHandler                       0x080014ed   Thumb Code    68  briupkeyboard.o(i.EXTI9_5_IRQHandler)
    FSMC_SRAM_init                           0x08001539   Thumb Code   308  briupexsram.o(i.FSMC_SRAM_init)
    LCD_RD_DATA                              0x08001695   Thumb Code     6  briuplcd.o(i.LCD_RD_DATA)
    LCD_WR_DATA                              0x080016a1   Thumb Code     6  briuplcd.o(i.LCD_WR_DATA)
    LCD_WR_REG                               0x080016ad   Thumb Code     6  briuplcd.o(i.LCD_WR_REG)
    LCD_WriteReg                             0x080016b9   Thumb Code    10  briuplcd.o(i.LCD_WriteReg)
    SDIO_IRQHandler                          0x080016c9   Thumb Code     8  briupsdio.o(i.SDIO_IRQHandler)
    SDIO_Send_Cmd                            0x080016d1   Thumb Code    58  briupsdio.o(i.SDIO_Send_Cmd)
    SD_ProcessIRQSrc                         0x08001711   Thumb Code   310  briupsdio.o(i.SD_ProcessIRQSrc)
    SystemInit                               0x08001941   Thumb Code    78  system_stm32f10x.o(i.SystemInit)
    TIM2_IRQHandler                          0x080019a1   Thumb Code    48  briuptim2.o(i.TIM2_IRQHandler)
    USART1_IRQHandler                        0x080019d5   Thumb Code    28  briupusart.o(i.USART1_IRQHandler)
    __ARM_fpclassify                         0x08001a09   Thumb Code    40  fpclassify.o(i.__ARM_fpclassify)
    _delay_init                              0x08001a31   Thumb Code    36  briupdelay.o(i._delay_init)
    _delay_ms                                0x08001a5d   Thumb Code    68  briupdelay.o(i._delay_ms)
    _delay_us                                0x08001aa5   Thumb Code    68  briupdelay.o(i._delay_us)
    _is_digit                                0x08001aed   Thumb Code    14  __printf_wp.o(i._is_digit)
    _sys_exit                                0x08001afb   Thumb Code     6  briupusart.o(i._sys_exit)
    basePeriphInit                           0x08001b01   Thumb Code    80  briupbaseperiph.o(i.basePeriphInit)
    briupFSMCInit                            0x08001b5d   Thumb Code   224  briupfsmc.o(i.briupFSMCInit)
    briupKeyInit                             0x08001c5d   Thumb Code   106  briupkeyboard.o(i.briupKeyInit)
    briupLcdClear                            0x08001cd5   Thumb Code    40  briuplcd.o(i.briupLcdClear)
    briupLcdFastDrawDirection                0x08001d05   Thumb Code   588  briuplcd.o(i.briupLcdFastDrawDirection)
    briupLcdImageDraw                        0x08001f55   Thumb Code   534  briuplcd.o(i.briupLcdImageDraw)
    briupLcdImageInit                        0x08002175   Thumb Code    28  briuplcd.o(i.briupLcdImageInit)
    briupLcdInit                             0x08002191   Thumb Code   662  briuplcd.o(i.briupLcdInit)
    briupNVICGroupInit                       0x08002439   Thumb Code    34  briupnvic.o(i.briupNVICGroupInit)
    briupNVICPriorityConfig                  0x08002469   Thumb Code    82  briupnvic.o(i.briupNVICPriorityConfig)
    briupUsart1Init                          0x080024c5   Thumb Code   200  briupusart.o(i.briupUsart1Init)
    draw_bird                                0x080025a1   Thumb Code    98  draw_bird.o(i.draw_bird)
    fputc                                    0x0800261d   Thumb Code    22  briupusart.o(i.fputc)
    game_Init                                0x08002639   Thumb Code   138  game.o(i.game_Init)
    lcdDrawChr                               0x080026e5   Thumb Code   202  briuplcd.o(i.lcdDrawChr)
    lcdDrawLine                              0x080027bd   Thumb Code   132  briuplcd.o(i.lcdDrawLine)
    lcdDrawPoint                             0x08002841   Thumb Code    30  briuplcd.o(i.lcdDrawPoint)
    lcdDrawRect                              0x08002865   Thumb Code   156  briuplcd.o(i.lcdDrawRect)
    lcdDrawStr                               0x08002905   Thumb Code   126  briuplcd.o(i.lcdDrawStr)
    lcdSetCursor                             0x08002985   Thumb Code    56  briuplcd.o(i.lcdSetCursor)
    lcdSetWindow                             0x080029c1   Thumb Code    58  briuplcd.o(i.lcdSetWindow)
    main                                     0x08002a01   Thumb Code    10  main.o(i.main)
    resetBeep                                0x08002a0d   Thumb Code    14  briupbaseperiph.o(i.resetBeep)
    resetLed                                 0x08002a21   Thumb Code    12  briupbaseperiph.o(i.resetLed)
    resetRelay                               0x08002a31   Thumb Code    38  briupbaseperiph.o(i.resetRelay)
    setBeep                                  0x08002a61   Thumb Code    14  briupbaseperiph.o(i.setBeep)
    setLed                                   0x08002a75   Thumb Code    12  briupbaseperiph.o(i.setLed)
    sqrt                                     0x08002a85   Thumb Code    76  sqrt.o(i.sqrt)
    tp_adjust                                0x08002ad1   Thumb Code  1574  briuptouch.o(i.tp_adjust)
    tp_drawAdjustPoint                       0x08003175   Thumb Code   110  briuptouch.o(i.tp_drawAdjustPoint)
    tp_init                                  0x080031e5   Thumb Code   182  briuptouch.o(i.tp_init)
    tp_printAdjustInfo                       0x080032b9   Thumb Code    58  briuptouch.o(i.tp_printAdjustInfo)
    tp_readAD                                0x08003351   Thumb Code   172  briuptouch.o(i.tp_readAD)
    tp_readXandY                             0x08003405   Thumb Code    42  briuptouch.o(i.tp_readXandY)
    tp_readXandY2                            0x08003435   Thumb Code   192  briuptouch.o(i.tp_readXandY2)
    tp_readXorY                              0x080034f5   Thumb Code   120  briuptouch.o(i.tp_readXorY)
    tp_scan                                  0x0800356d   Thumb Code   248  briuptouch.o(i.tp_scan)
    tp_spiWbyte                              0x0800366d   Thumb Code    74  briuptouch.o(i.tp_spiWbyte)
    usart1GetChar                            0x080036c1   Thumb Code    24  briupusart.o(i.usart1GetChar)
    _get_lc_numeric                          0x080036dd   Thumb Code    44  lc_numeric_c.o(locale$$code)
    __aeabi_dadd                             0x08003709   Thumb Code     0  daddsub_clz.o(x$fpl$dadd)
    _dadd                                    0x08003709   Thumb Code   332  daddsub_clz.o(x$fpl$dadd)
    __fpl_dcmp_Inf                           0x08003859   Thumb Code    24  dcmpi.o(x$fpl$dcmpinf)
    __aeabi_ddiv                             0x08003871   Thumb Code     0  ddiv.o(x$fpl$ddiv)
    _ddiv                                    0x08003871   Thumb Code   552  ddiv.o(x$fpl$ddiv)
    __aeabi_d2uiz                            0x08003b21   Thumb Code     0  dfixu.o(x$fpl$dfixu)
    _dfixu                                   0x08003b21   Thumb Code    90  dfixu.o(x$fpl$dfixu)
    __aeabi_ui2d                             0x08003b7b   Thumb Code     0  dflt_clz.o(x$fpl$dfltu)
    _dfltu                                   0x08003b7b   Thumb Code    38  dflt_clz.o(x$fpl$dfltu)
    __aeabi_cdcmple                          0x08003ba1   Thumb Code     0  dleqf.o(x$fpl$dleqf)
    _dcmple                                  0x08003ba1   Thumb Code   120  dleqf.o(x$fpl$dleqf)
    __fpl_dcmple_InfNaN                      0x08003c03   Thumb Code     0  dleqf.o(x$fpl$dleqf)
    __aeabi_dmul                             0x08003c19   Thumb Code     0  dmul.o(x$fpl$dmul)
    _dmul                                    0x08003c19   Thumb Code   332  dmul.o(x$fpl$dmul)
    __fpl_dnaninf                            0x08003d6d   Thumb Code   156  dnaninf.o(x$fpl$dnaninf)
    __fpl_dretinf                            0x08003e09   Thumb Code    12  dretinf.o(x$fpl$dretinf)
    __aeabi_cdrcmple                         0x08003e15   Thumb Code     0  drleqf.o(x$fpl$drleqf)
    _drcmple                                 0x08003e15   Thumb Code   108  drleqf.o(x$fpl$drleqf)
    __aeabi_drsub                            0x08003e81   Thumb Code     0  daddsub_clz.o(x$fpl$drsb)
    _drsb                                    0x08003e81   Thumb Code    22  daddsub_clz.o(x$fpl$drsb)
    _dsqrt                                   0x08003e99   Thumb Code   456  dsqrt_noumaal.o(x$fpl$dsqrt)
    __aeabi_dsub                             0x08004065   Thumb Code     0  daddsub_clz.o(x$fpl$dsub)
    _dsub                                    0x08004065   Thumb Code   464  daddsub_clz.o(x$fpl$dsub)
    __aeabi_f2d                              0x08004239   Thumb Code     0  f2d.o(x$fpl$f2d)
    _f2d                                     0x08004239   Thumb Code    86  f2d.o(x$fpl$f2d)
    __aeabi_fadd                             0x08004291   Thumb Code     0  faddsub_clz.o(x$fpl$fadd)
    _fadd                                    0x08004291   Thumb Code   196  faddsub_clz.o(x$fpl$fadd)
    __aeabi_fdiv                             0x08004355   Thumb Code     0  fdiv.o(x$fpl$fdiv)
    _fdiv                                    0x08004355   Thumb Code   384  fdiv.o(x$fpl$fdiv)
    __aeabi_f2iz                             0x080044d9   Thumb Code     0  ffix.o(x$fpl$ffix)
    _ffix                                    0x080044d9   Thumb Code    54  ffix.o(x$fpl$ffix)
    __aeabi_f2uiz                            0x08004511   Thumb Code     0  ffixu.o(x$fpl$ffixu)
    _ffixu                                   0x08004511   Thumb Code    62  ffixu.o(x$fpl$ffixu)
    __aeabi_i2f                              0x08004551   Thumb Code     0  fflt_clz.o(x$fpl$fflt)
    _fflt                                    0x08004551   Thumb Code    48  fflt_clz.o(x$fpl$fflt)
    __aeabi_ui2f                             0x08004581   Thumb Code     0  fflt_clz.o(x$fpl$ffltu)
    _ffltu                                   0x08004581   Thumb Code    38  fflt_clz.o(x$fpl$ffltu)
    __aeabi_fmul                             0x080045a9   Thumb Code     0  fmul.o(x$fpl$fmul)
    _fmul                                    0x080045a9   Thumb Code   258  fmul.o(x$fpl$fmul)
    __fpl_fnaninf                            0x080046ab   Thumb Code   140  fnaninf.o(x$fpl$fnaninf)
    __fpl_fretinf                            0x08004737   Thumb Code    10  fretinf.o(x$fpl$fretinf)
    __aeabi_frsub                            0x08004741   Thumb Code     0  faddsub_clz.o(x$fpl$frsb)
    _frsb                                    0x08004741   Thumb Code    20  faddsub_clz.o(x$fpl$frsb)
    __aeabi_fsub                             0x08004755   Thumb Code     0  faddsub_clz.o(x$fpl$fsub)
    _fsub                                    0x08004755   Thumb Code   234  faddsub_clz.o(x$fpl$fsub)
    _printf_fp_dec                           0x0800483f   Thumb Code     4  printf1.o(x$fpl$printf1)
    __I$use$fp                               0x08004842   Number         0  usenofp.o(x$fpl$usenofp)
    gImage_borid_down                        0x08004842   Data        1632  borid_down.o(.constdata)
    gImage_borid_move                        0x08004ea2   Data        1632  borid_move.o(.constdata)
    gImage_borid_up                          0x08005502   Data        1632  borid_up.o(.constdata)
    gImage_logo                              0x08005b62   Data       17088  logo.o(.constdata)
    gImage_start                             0x08009e22   Data       12064  start.o(.constdata)
    asc2_1206                                0x0800cd42   Data        1140  briuplcd.o(.constdata)
    asc2_1608                                0x0800d1b6   Data        1520  briuplcd.o(.constdata)
    asc2_3210                                0x0800d7a6   Data        6080  briuplcd.o(.constdata)
    Region$$Table$$Base                      0x0800f034   Number         0  anon$$obj.o(Region$$Table)
    Region$$Table$$Limit                     0x0800f054   Number         0  anon$$obj.o(Region$$Table)
    POINT_COLOR                              0x20000008   Data           2  briuplcd.o(.data)
    BACK_COLOR                               0x2000000a   Data           2  briuplcd.o(.data)
    TransferError                            0x2000001a   Data           1  briupsdio.o(.data)
    TransferEnd                              0x2000001b   Data           1  briupsdio.o(.data)
    __stdout                                 0x20000048   Data           4  briupusart.o(.data)
    image_logo                               0x2000004c   Data          20  game.o(.bss)
    image_start                              0x20000060   Data          20  game.o(.bss)
    imageborid_up                            0x20000074   Data          20  draw_bird.o(.bss)
    imageborid_move                          0x20000088   Data          20  draw_bird.o(.bss)
    imageborid_down                          0x2000009c   Data          20  draw_bird.o(.bss)
    lcddev                                   0x200000b0   Data          10  briuplcd.o(.bss)
    __libspace_start                         0x200000bc   Data          96  libspace.o(.bss)
    __temporary_stack_top$libspace           0x2000011c   Data           0  libspace.o(.bss)



==============================================================================

Memory Map of the image

  Image Entry point : 0x08000131

  Load Region LR_IROM1 (Base: 0x08000000, Size: 0x0000f0bc, Max: 0x00080000, ABSOLUTE)

    Execution Region ER_IROM1 (Base: 0x08000000, Size: 0x0000f070, Max: 0x00080000, ABSOLUTE)

    Base Addr    Size         Type   Attr      Idx    E Section Name        Object

    0x08000000   0x00000130   Data   RO          130    RESET               startup_stm32f10x_hd.o
    0x08000130   0x00000008   Code   RO         1837  * !!!main             c_w.l(__main.o)
    0x08000138   0x00000034   Code   RO         2214    !!!scatter          c_w.l(__scatter.o)
    0x0800016c   0x0000001a   Code   RO         2216    !!handler_copy      c_w.l(__scatter_copy.o)
    0x08000186   0x00000002   PAD
    0x08000188   0x0000001c   Code   RO         2218    !!handler_zi        c_w.l(__scatter_zi.o)
    0x080001a4   0x00000000   Code   RO         1826    .ARM.Collect$$_printf_percent$$00000000  c_w.l(_printf_percent.o)
    0x080001a4   0x00000006   Code   RO         1825    .ARM.Collect$$_printf_percent$$00000003  c_w.l(_printf_f.o)
    0x080001aa   0x00000006   Code   RO         1824    .ARM.Collect$$_printf_percent$$00000009  c_w.l(_printf_d.o)
    0x080001b0   0x00000006   Code   RO         1823    .ARM.Collect$$_printf_percent$$0000000C  c_w.l(_printf_x.o)
    0x080001b6   0x00000006   Code   RO         1822    .ARM.Collect$$_printf_percent$$00000013  c_w.l(_printf_c.o)
    0x080001bc   0x00000004   Code   RO         1942    .ARM.Collect$$_printf_percent$$00000017  c_w.l(_printf_percent_end.o)
    0x080001c0   0x00000002   Code   RO         2082    .ARM.Collect$$libinit$$00000000  c_w.l(libinit.o)
    0x080001c2   0x00000000   Code   RO         2084    .ARM.Collect$$libinit$$00000002  c_w.l(libinit2.o)
    0x080001c2   0x00000000   Code   RO         2086    .ARM.Collect$$libinit$$00000004  c_w.l(libinit2.o)
    0x080001c2   0x00000000   Code   RO         2089    .ARM.Collect$$libinit$$0000000A  c_w.l(libinit2.o)
    0x080001c2   0x00000000   Code   RO         2091    .ARM.Collect$$libinit$$0000000C  c_w.l(libinit2.o)
    0x080001c2   0x00000000   Code   RO         2093    .ARM.Collect$$libinit$$0000000E  c_w.l(libinit2.o)
    0x080001c2   0x00000006   Code   RO         2094    .ARM.Collect$$libinit$$0000000F  c_w.l(libinit2.o)
    0x080001c8   0x00000000   Code   RO         2096    .ARM.Collect$$libinit$$00000011  c_w.l(libinit2.o)
    0x080001c8   0x00000000   Code   RO         2098    .ARM.Collect$$libinit$$00000013  c_w.l(libinit2.o)
    0x080001c8   0x00000000   Code   RO         2100    .ARM.Collect$$libinit$$00000015  c_w.l(libinit2.o)
    0x080001c8   0x0000000a   Code   RO         2101    .ARM.Collect$$libinit$$00000016  c_w.l(libinit2.o)
    0x080001d2   0x00000000   Code   RO         2102    .ARM.Collect$$libinit$$00000017  c_w.l(libinit2.o)
    0x080001d2   0x00000000   Code   RO         2104    .ARM.Collect$$libinit$$00000019  c_w.l(libinit2.o)
    0x080001d2   0x00000000   Code   RO         2106    .ARM.Collect$$libinit$$0000001B  c_w.l(libinit2.o)
    0x080001d2   0x00000000   Code   RO         2108    .ARM.Collect$$libinit$$0000001D  c_w.l(libinit2.o)
    0x080001d2   0x00000000   Code   RO         2110    .ARM.Collect$$libinit$$0000001F  c_w.l(libinit2.o)
    0x080001d2   0x00000000   Code   RO         2112    .ARM.Collect$$libinit$$00000021  c_w.l(libinit2.o)
    0x080001d2   0x00000000   Code   RO         2114    .ARM.Collect$$libinit$$00000023  c_w.l(libinit2.o)
    0x080001d2   0x00000000   Code   RO         2116    .ARM.Collect$$libinit$$00000025  c_w.l(libinit2.o)
    0x080001d2   0x00000000   Code   RO         2120    .ARM.Collect$$libinit$$0000002C  c_w.l(libinit2.o)
    0x080001d2   0x00000000   Code   RO         2122    .ARM.Collect$$libinit$$0000002E  c_w.l(libinit2.o)
    0x080001d2   0x00000000   Code   RO         2124    .ARM.Collect$$libinit$$00000030  c_w.l(libinit2.o)
    0x080001d2   0x00000000   Code   RO         2126    .ARM.Collect$$libinit$$00000032  c_w.l(libinit2.o)
    0x080001d2   0x00000002   Code   RO         2127    .ARM.Collect$$libinit$$00000033  c_w.l(libinit2.o)
    0x080001d4   0x00000002   Code   RO         2173    .ARM.Collect$$libshutdown$$00000000  c_w.l(libshutdown.o)
    0x080001d6   0x00000000   Code   RO         2185    .ARM.Collect$$libshutdown$$00000003  c_w.l(libshutdown2.o)
    0x080001d6   0x00000000   Code   RO         2188    .ARM.Collect$$libshutdown$$00000006  c_w.l(libshutdown2.o)
    0x080001d6   0x00000000   Code   RO         2191    .ARM.Collect$$libshutdown$$00000009  c_w.l(libshutdown2.o)
    0x080001d6   0x00000000   Code   RO         2193    .ARM.Collect$$libshutdown$$0000000B  c_w.l(libshutdown2.o)
    0x080001d6   0x00000000   Code   RO         2196    .ARM.Collect$$libshutdown$$0000000E  c_w.l(libshutdown2.o)
    0x080001d6   0x00000002   Code   RO         2197    .ARM.Collect$$libshutdown$$0000000F  c_w.l(libshutdown2.o)
    0x080001d8   0x00000000   Code   RO         1929    .ARM.Collect$$rtentry$$00000000  c_w.l(__rtentry.o)
    0x080001d8   0x00000000   Code   RO         1994    .ARM.Collect$$rtentry$$00000002  c_w.l(__rtentry2.o)
    0x080001d8   0x00000006   Code   RO         2006    .ARM.Collect$$rtentry$$00000004  c_w.l(__rtentry4.o)
    0x080001de   0x00000000   Code   RO         1996    .ARM.Collect$$rtentry$$00000009  c_w.l(__rtentry2.o)
    0x080001de   0x00000004   Code   RO         1997    .ARM.Collect$$rtentry$$0000000A  c_w.l(__rtentry2.o)
    0x080001e2   0x00000000   Code   RO         1999    .ARM.Collect$$rtentry$$0000000C  c_w.l(__rtentry2.o)
    0x080001e2   0x00000008   Code   RO         2000    .ARM.Collect$$rtentry$$0000000D  c_w.l(__rtentry2.o)
    0x080001ea   0x00000002   Code   RO         2130    .ARM.Collect$$rtexit$$00000000  c_w.l(rtexit.o)
    0x080001ec   0x00000000   Code   RO         2143    .ARM.Collect$$rtexit$$00000002  c_w.l(rtexit2.o)
    0x080001ec   0x00000004   Code   RO         2144    .ARM.Collect$$rtexit$$00000003  c_w.l(rtexit2.o)
    0x080001f0   0x00000006   Code   RO         2145    .ARM.Collect$$rtexit$$00000004  c_w.l(rtexit2.o)
    0x080001f6   0x00000002   PAD
    0x080001f8   0x00000040   Code   RO          131    .text               startup_stm32f10x_hd.o
    0x08000238   0x00000018   Code   RO         1771    .text               c_w.l(noretval__2printf.o)
    0x08000250   0x00000052   Code   RO         1777    .text               c_w.l(_printf_str.o)
    0x080002a2   0x00000002   PAD
    0x080002a4   0x00000078   Code   RO         1779    .text               c_w.l(_printf_dec.o)
    0x0800031c   0x00000058   Code   RO         1784    .text               c_w.l(_printf_hex_int.o)
    0x08000374   0x00000138   Code   RO         1814    .text               c_w.l(__printf_flags_wp.o)
    0x080004ac   0x00000006   Code   RO         1835    .text               c_w.l(heapauxi.o)
    0x080004b2   0x00000016   Code   RO         1932    .text               c_w.l(_rserrno.o)
    0x080004c8   0x000000b2   Code   RO         1934    .text               c_w.l(_printf_intcommon.o)
    0x0800057a   0x0000041a   Code   RO         1936    .text               c_w.l(_printf_fp_dec.o)
    0x08000994   0x0000002c   Code   RO         1938    .text               c_w.l(_printf_char.o)
    0x080009c0   0x00000024   Code   RO         1940    .text               c_w.l(_printf_char_file.o)
    0x080009e4   0x00000008   Code   RO         2015    .text               c_w.l(rt_locale_intlibspace.o)
    0x080009ec   0x00000008   Code   RO         2020    .text               c_w.l(rt_errno_addr_intlibspace.o)
    0x080009f4   0x0000008a   Code   RO         2022    .text               c_w.l(lludiv10.o)
    0x08000a7e   0x00000002   PAD
    0x08000a80   0x00000030   Code   RO         2024    .text               c_w.l(_printf_char_common.o)
    0x08000ab0   0x00000080   Code   RO         2026    .text               c_w.l(_printf_fp_infnan.o)
    0x08000b30   0x000000dc   Code   RO         2028    .text               c_w.l(bigflt0.o)
    0x08000c0c   0x00000008   Code   RO         2053    .text               c_w.l(ferror.o)
    0x08000c14   0x00000008   Code   RO         2064    .text               c_w.l(libspace.o)
    0x08000c1c   0x0000004a   Code   RO         2067    .text               c_w.l(sys_stackheap_outer.o)
    0x08000c66   0x0000000c   Code   RO         2073    .text               c_w.l(exit.o)
    0x08000c72   0x00000002   PAD
    0x08000c74   0x00000080   Code   RO         2075    .text               c_w.l(strcmpv7m.o)
    0x08000cf4   0x0000003e   Code   RO         2031    CL$$btod_d2e        c_w.l(btod.o)
    0x08000d32   0x00000046   Code   RO         2033    CL$$btod_d2e_denorm_low  c_w.l(btod.o)
    0x08000d78   0x00000060   Code   RO         2032    CL$$btod_d2e_norm_op1  c_w.l(btod.o)
    0x08000dd8   0x00000338   Code   RO         2041    CL$$btod_div_common  c_w.l(btod.o)
    0x08001110   0x000000c6   Code   RO         2038    CL$$btod_e2e        c_w.l(btod.o)
    0x080011d6   0x00000028   Code   RO         2035    CL$$btod_ediv       c_w.l(btod.o)
    0x080011fe   0x00000028   Code   RO         2034    CL$$btod_emul       c_w.l(btod.o)
    0x08001226   0x00000244   Code   RO         2040    CL$$btod_mult_common  c_w.l(btod.o)
    0x0800146a   0x00000002   PAD
    0x0800146c   0x00000058   Code   RO          969    i.CmdResp1Error     briupsdio.o
    0x080014c4   0x00000014   Code   RO          378    i.EXTI15_10_IRQHandler  briupkeyboard.o
    0x080014d8   0x00000014   Code   RO          379    i.EXTI4_IRQHandler  briupkeyboard.o
    0x080014ec   0x0000004c   Code   RO          380    i.EXTI9_5_IRQHandler  briupkeyboard.o
    0x08001538   0x0000015c   Code   RO          323    i.FSMC_SRAM_init    briupexsram.o
    0x08001694   0x0000000c   Code   RO          418    i.LCD_RD_DATA       briuplcd.o
    0x080016a0   0x0000000c   Code   RO          420    i.LCD_WR_DATA       briuplcd.o
    0x080016ac   0x0000000c   Code   RO          421    i.LCD_WR_REG        briuplcd.o
    0x080016b8   0x00000010   Code   RO          422    i.LCD_WriteReg      briuplcd.o
    0x080016c8   0x00000008   Code   RO          978    i.SDIO_IRQHandler   briupsdio.o
    0x080016d0   0x00000040   Code   RO          979    i.SDIO_Send_Cmd     briupsdio.o
    0x08001710   0x00000148   Code   RO          988    i.SD_ProcessIRQSrc  briupsdio.o
    0x08001858   0x00000008   Code   RO          136    i.SetSysClock       system_stm32f10x.o
    0x08001860   0x000000e0   Code   RO          137    i.SetSysClockTo72   system_stm32f10x.o
    0x08001940   0x00000060   Code   RO          139    i.SystemInit        system_stm32f10x.o
    0x080019a0   0x00000034   Code   RO         1185    i.TIM2_IRQHandler   briuptim2.o
    0x080019d4   0x00000034   Code   RO         1303    i.USART1_IRQHandler  briupusart.o
    0x08001a08   0x00000028   Code   RO         1988    i.__ARM_fpclassify  m_ws.l(fpclassify.o)
    0x08001a30   0x0000002c   Code   RO          291    i._delay_init       briupdelay.o
    0x08001a5c   0x00000048   Code   RO          292    i._delay_ms         briupdelay.o
    0x08001aa4   0x00000048   Code   RO          294    i._delay_us         briupdelay.o
    0x08001aec   0x0000000e   Code   RO         1812    i._is_digit         c_w.l(__printf_wp.o)
    0x08001afa   0x00000006   Code   RO         1304    i._sys_exit         briupusart.o
    0x08001b00   0x0000005c   Code   RO          243    i.basePeriphInit    briupbaseperiph.o
    0x08001b5c   0x00000100   Code   RO          335    i.briupFSMCInit     briupfsmc.o
    0x08001c5c   0x00000078   Code   RO          381    i.briupKeyInit      briupkeyboard.o
    0x08001cd4   0x00000030   Code   RO          423    i.briupLcdClear     briuplcd.o
    0x08001d04   0x00000250   Code   RO          427    i.briupLcdFastDrawDirection  briuplcd.o
    0x08001f54   0x00000220   Code   RO          430    i.briupLcdImageDraw  briuplcd.o
    0x08002174   0x0000001c   Code   RO          431    i.briupLcdImageInit  briuplcd.o
    0x08002190   0x000002a8   Code   RO          432    i.briupLcdInit      briuplcd.o
    0x08002438   0x00000030   Code   RO          911    i.briupNVICGroupInit  briupnvic.o
    0x08002468   0x0000005c   Code   RO          912    i.briupNVICPriorityConfig  briupnvic.o
    0x080024c4   0x000000dc   Code   RO         1305    i.briupUsart1Init   briupusart.o
    0x080025a0   0x0000007c   Code   RO          112    i.draw_bird         draw_bird.o
    0x0800261c   0x0000001c   Code   RO         1306    i.fputc             briupusart.o
    0x08002638   0x000000ac   Code   RO           93    i.game_Init         game.o
    0x080026e4   0x000000d8   Code   RO          436    i.lcdDrawChr        briuplcd.o
    0x080027bc   0x00000084   Code   RO          437    i.lcdDrawLine       briuplcd.o
    0x08002840   0x00000024   Code   RO          438    i.lcdDrawPoint      briuplcd.o
    0x08002864   0x000000a0   Code   RO          439    i.lcdDrawRect       briuplcd.o
    0x08002904   0x0000007e   Code   RO          440    i.lcdDrawStr        briuplcd.o
    0x08002982   0x00000002   PAD
    0x08002984   0x0000003c   Code   RO          443    i.lcdSetCursor      briuplcd.o
    0x080029c0   0x00000040   Code   RO          444    i.lcdSetWindow      briuplcd.o
    0x08002a00   0x0000000a   Code   RO            1    i.main              main.o
    0x08002a0a   0x00000002   PAD
    0x08002a0c   0x00000014   Code   RO          244    i.resetBeep         briupbaseperiph.o
    0x08002a20   0x00000010   Code   RO          245    i.resetLed          briupbaseperiph.o
    0x08002a30   0x00000030   Code   RO          246    i.resetRelay        briupbaseperiph.o
    0x08002a60   0x00000014   Code   RO          247    i.setBeep           briupbaseperiph.o
    0x08002a74   0x00000010   Code   RO          248    i.setLed            briupbaseperiph.o
    0x08002a84   0x0000004c   Code   RO         1922    i.sqrt              m_ws.l(sqrt.o)
    0x08002ad0   0x000006a4   Code   RO         1218    i.tp_adjust         briuptouch.o
    0x08003174   0x0000006e   Code   RO         1219    i.tp_drawAdjustPoint  briuptouch.o
    0x080031e2   0x00000002   PAD
    0x080031e4   0x000000d4   Code   RO         1221    i.tp_init           briuptouch.o
    0x080032b8   0x00000098   Code   RO         1222    i.tp_printAdjustInfo  briuptouch.o
    0x08003350   0x000000b4   Code   RO         1223    i.tp_readAD         briuptouch.o
    0x08003404   0x00000030   Code   RO         1224    i.tp_readXandY      briuptouch.o
    0x08003434   0x000000c0   Code   RO         1225    i.tp_readXandY2     briuptouch.o
    0x080034f4   0x00000078   Code   RO         1226    i.tp_readXorY       briuptouch.o
    0x0800356c   0x00000100   Code   RO         1227    i.tp_scan           briuptouch.o
    0x0800366c   0x00000054   Code   RO         1229    i.tp_spiWbyte       briuptouch.o
    0x080036c0   0x0000001c   Code   RO         1307    i.usart1GetChar     briupusart.o
    0x080036dc   0x0000002c   Code   RO         2058    locale$$code        c_w.l(lc_numeric_c.o)
    0x08003708   0x00000150   Code   RO         1841    x$fpl$dadd          fz_ws.l(daddsub_clz.o)
    0x08003858   0x00000018   Code   RO         1947    x$fpl$dcmpinf       fz_ws.l(dcmpi.o)
    0x08003870   0x000002b0   Code   RO         1848    x$fpl$ddiv          fz_ws.l(ddiv.o)
    0x08003b20   0x0000005a   Code   RO         1851    x$fpl$dfixu         fz_ws.l(dfixu.o)
    0x08003b7a   0x00000026   Code   RO         1855    x$fpl$dfltu         fz_ws.l(dflt_clz.o)
    0x08003ba0   0x00000078   Code   RO         1861    x$fpl$dleqf         fz_ws.l(dleqf.o)
    0x08003c18   0x00000154   Code   RO         1863    x$fpl$dmul          fz_ws.l(dmul.o)
    0x08003d6c   0x0000009c   Code   RO         1949    x$fpl$dnaninf       fz_ws.l(dnaninf.o)
    0x08003e08   0x0000000c   Code   RO         1951    x$fpl$dretinf       fz_ws.l(dretinf.o)
    0x08003e14   0x0000006c   Code   RO         1865    x$fpl$drleqf        fz_ws.l(drleqf.o)
    0x08003e80   0x00000016   Code   RO         1842    x$fpl$drsb          fz_ws.l(daddsub_clz.o)
    0x08003e96   0x00000002   PAD
    0x08003e98   0x000001cc   Code   RO         1953    x$fpl$dsqrt         fz_ws.l(dsqrt_noumaal.o)
    0x08004064   0x000001d4   Code   RO         1843    x$fpl$dsub          fz_ws.l(daddsub_clz.o)
    0x08004238   0x00000056   Code   RO         1867    x$fpl$f2d           fz_ws.l(f2d.o)
    0x0800428e   0x00000002   PAD
    0x08004290   0x000000c4   Code   RO         1869    x$fpl$fadd          fz_ws.l(faddsub_clz.o)
    0x08004354   0x00000184   Code   RO         1876    x$fpl$fdiv          fz_ws.l(fdiv.o)
    0x080044d8   0x00000036   Code   RO         1881    x$fpl$ffix          fz_ws.l(ffix.o)
    0x0800450e   0x00000002   PAD
    0x08004510   0x0000003e   Code   RO         1885    x$fpl$ffixu         fz_ws.l(ffixu.o)
    0x0800454e   0x00000002   PAD
    0x08004550   0x00000030   Code   RO         1890    x$fpl$fflt          fz_ws.l(fflt_clz.o)
    0x08004580   0x00000026   Code   RO         1889    x$fpl$ffltu         fz_ws.l(fflt_clz.o)
    0x080045a6   0x00000002   PAD
    0x080045a8   0x00000102   Code   RO         1897    x$fpl$fmul          fz_ws.l(fmul.o)
    0x080046aa   0x0000008c   Code   RO         1957    x$fpl$fnaninf       fz_ws.l(fnaninf.o)
    0x08004736   0x0000000a   Code   RO         1959    x$fpl$fretinf       fz_ws.l(fretinf.o)
    0x08004740   0x00000014   Code   RO         1870    x$fpl$frsb          fz_ws.l(faddsub_clz.o)
    0x08004754   0x000000ea   Code   RO         1871    x$fpl$fsub          fz_ws.l(faddsub_clz.o)
    0x0800483e   0x00000004   Code   RO         1901    x$fpl$printf1       fz_ws.l(printf1.o)
    0x08004842   0x00000000   Code   RO         1963    x$fpl$usenofp       fz_ws.l(usenofp.o)
    0x08004842   0x00000660   Data   RO          187    .constdata          borid_down.o
    0x08004ea2   0x00000660   Data   RO          194    .constdata          borid_move.o
    0x08005502   0x00000660   Data   RO          201    .constdata          borid_up.o
    0x08005b62   0x000042c0   Data   RO          222    .constdata          logo.o
    0x08009e22   0x00002f20   Data   RO          236    .constdata          start.o
    0x0800cd42   0x00002224   Data   RO          446    .constdata          briuplcd.o
    0x0800ef66   0x00000028   Data   RO         1785    .constdata          c_w.l(_printf_hex_int.o)
    0x0800ef8e   0x00000011   Data   RO         1815    .constdata          c_w.l(__printf_flags_wp.o)
    0x0800ef9f   0x00000001   PAD
    0x0800efa0   0x00000094   Data   RO         2029    .constdata          c_w.l(bigflt0.o)
    0x0800f034   0x00000020   Data   RO         2212    Region$$Table       anon$$obj.o
    0x0800f054   0x0000001c   Data   RO         2057    locale$$data        c_w.l(lc_numeric_c.o)


    Execution Region RW_IRAM1 (Base: 0x20000000, Size: 0x00000720, Max: 0x00010000, ABSOLUTE)

    Base Addr    Size         Type   Attr      Idx    E Section Name        Object

    0x20000000   0x00000008   Data   RW          295    .data               briupdelay.o
    0x20000008   0x00000004   Data   RW          447    .data               briuplcd.o
    0x2000000c   0x00000001   Data   RW          913    .data               briupnvic.o
    0x2000000d   0x00000003   PAD
    0x20000010   0x0000000c   Data   RW          999    .data               briupsdio.o
    0x2000001c   0x00000001   Data   RW         1189    .data               briuptim2.o
    0x2000001d   0x00000003   PAD
    0x20000020   0x00000028   Data   RW         1230    .data               briuptouch.o
    0x20000048   0x00000004   Data   RW         1310    .data               briupusart.o
    0x2000004c   0x00000028   Zero   RW           94    .bss                game.o
    0x20000074   0x0000003c   Zero   RW          113    .bss                draw_bird.o
    0x200000b0   0x0000000a   Zero   RW          445    .bss                briuplcd.o
    0x200000ba   0x00000002   PAD
    0x200000bc   0x00000060   Zero   RW         2065    .bss                c_w.l(libspace.o)
    0x2000011c   0x00000004   PAD
    0x20000120   0x00000200   Zero   RW          129    HEAP                startup_stm32f10x_hd.o
    0x20000320   0x00000400   Zero   RW          128    STACK               startup_stm32f10x_hd.o


==============================================================================

Image component sizes


      Code (inc. data)   RO Data    RW Data    ZI Data      Debug   Object Name

         0          0       1632          0          0        384   borid_down.o
         0          0       1632          0          0        384   borid_move.o
         0          0       1632          0          0        374   borid_up.o
       212         42          0          0          0       2612   briupbaseperiph.o
       188         16          0          8          0       1578   briupdelay.o
       348         40          0          0          0        525   briupexsram.o
       256         32          0          0          0        508   briupfsmc.o
       236         34          0          0          0       1730   briupkeyboard.o
      2738         98       8740          4         10      13612   briuplcd.o
       140         24          0          1          0       1575   briupnvic.o
       488         30          0         12          0      11969   briupsdio.o
        52          4          0          1          0        886   briuptim2.o
      3054        346          0         40          0       7149   briuptouch.o
       334         54          0          4          0       4140   briupusart.o
       124         26          0          0         60        816   draw_bird.o
       172         34          0          0         40        721   game.o
         0          0      17088          0          0        362   logo.o
        10          0          0          0          0     210867   main.o
         0          0      12064          0          0        363   start.o
        64         26        304          0       1536        900   startup_stm32f10x_hd.o
       328         28          0          0          0       2065   system_stm32f10x.o

    ----------------------------------------------------------------------
      8750        834      43124         76       1648     263520   Object Totals
         0          0         32          0          0          0   (incl. Generated)
         6          0          0          6          2          0   (incl. Padding)

    ----------------------------------------------------------------------

      Code (inc. data)   RO Data    RW Data    ZI Data      Debug   Library Member Name

         8          0          0          0          0         68   __main.o
       312          4         17          0          0         92   __printf_flags_wp.o
        14          0          0          0          0         68   __printf_wp.o
         0          0          0          0          0          0   __rtentry.o
        12          0          0          0          0          0   __rtentry2.o
         6          0          0          0          0          0   __rtentry4.o
        52          8          0          0          0          0   __scatter.o
        26          0          0          0          0          0   __scatter_copy.o
        28          0          0          0          0          0   __scatter_zi.o
         6          0          0          0          0          0   _printf_c.o
        44          0          0          0          0        108   _printf_char.o
        48          6          0          0          0         96   _printf_char_common.o
        36          4          0          0          0         80   _printf_char_file.o
         6          0          0          0          0          0   _printf_d.o
       120         16          0          0          0         92   _printf_dec.o
         6          0          0          0          0          0   _printf_f.o
      1050          0          0          0          0        216   _printf_fp_dec.o
       128         16          0          0          0         84   _printf_fp_infnan.o
        88          4         40          0          0         88   _printf_hex_int.o
       178          0          0          0          0         88   _printf_intcommon.o
         0          0          0          0          0          0   _printf_percent.o
         4          0          0          0          0          0   _printf_percent_end.o
        82          0          0          0          0         80   _printf_str.o
         6          0          0          0          0          0   _printf_x.o
        22          0          0          0          0        100   _rserrno.o
       220          4        148          0          0         96   bigflt0.o
      1910        128          0          0          0        672   btod.o
        12          0          0          0          0         72   exit.o
         8          0          0          0          0         68   ferror.o
         6          0          0          0          0        152   heapauxi.o
        44         10         28          0          0         76   lc_numeric_c.o
         2          0          0          0          0          0   libinit.o
        18          0          0          0          0          0   libinit2.o
         2          0          0          0          0          0   libshutdown.o
         2          0          0          0          0          0   libshutdown2.o
         8          4          0          0         96         68   libspace.o
       138          0          0          0          0         80   lludiv10.o
        24          4          0          0          0         84   noretval__2printf.o
         8          4          0          0          0         68   rt_errno_addr_intlibspace.o
         8          4          0          0          0         68   rt_locale_intlibspace.o
         2          0          0          0          0          0   rtexit.o
        10          0          0          0          0          0   rtexit2.o
       128          0          0          0          0         68   strcmpv7m.o
        74          0          0          0          0         80   sys_stackheap_outer.o
       826         16          0          0          0        348   daddsub_clz.o
        24          0          0          0          0         68   dcmpi.o
       688        140          0          0          0        208   ddiv.o
        90          4          0          0          0         92   dfixu.o
        38          0          0          0          0         68   dflt_clz.o
       120          4          0          0          0         92   dleqf.o
       340         12          0          0          0        104   dmul.o
       156          4          0          0          0         92   dnaninf.o
        12          0          0          0          0         68   dretinf.o
       108          0          0          0          0         80   drleqf.o
       460         56          0          0          0        120   dsqrt_noumaal.o
        86          4          0          0          0         84   f2d.o
       450          8          0          0          0        236   faddsub_clz.o
       388         76          0          0          0         96   fdiv.o
        54          4          0          0          0         84   ffix.o
        62          4          0          0          0         84   ffixu.o
        86          0          0          0          0        136   fflt_clz.o
       258          4          0          0          0         84   fmul.o
       140          4          0          0          0         84   fnaninf.o
        10          0          0          0          0         68   fretinf.o
         4          0          0          0          0         68   printf1.o
         0          0          0          0          0          0   usenofp.o
        40          0          0          0          0         68   fpclassify.o
        76          0          0          0          0         84   sqrt.o

    ----------------------------------------------------------------------
      9444        556        234          0        100       5428   Library Totals
        22          0          1          0          4          0   (incl. Padding)

    ----------------------------------------------------------------------

      Code (inc. data)   RO Data    RW Data    ZI Data      Debug   Library Name

      4906        216        233          0         96       2912   c_w.l
      4400        340          0          0          0       2364   fz_ws.l
       116          0          0          0          0        152   m_ws.l

    ----------------------------------------------------------------------
      9444        556        234          0        100       5428   Library Totals

    ----------------------------------------------------------------------

==============================================================================


      Code (inc. data)   RO Data    RW Data    ZI Data      Debug   

     18194       1390      43358         76       1748     263068   Grand Totals
     18194       1390      43358         76       1748     263068   ELF Image Totals
     18194       1390      43358         76          0          0   ROM Totals

==============================================================================

    Total RO  Size (Code + RO Data)                61552 (  60.11kB)
    Total RW  Size (RW Data + ZI Data)              1824 (   1.78kB)
    Total ROM Size (Code + RO Data + RW Data)      61628 (  60.18kB)

==============================================================================

